/home/ryanm/github/rtos_alarm_clock/Core/Src/clock.c:31:13:rtc_write_time	24	static
/home/ryanm/github/rtos_alarm_clock/Core/Src/clock.c:48:13:rtc_set_time	48	static
/home/ryanm/github/rtos_alarm_clock/Core/Src/clock.c:60:6:rtc_set_hours	8	static
/home/ryanm/github/rtos_alarm_clock/Core/Src/clock.c:68:6:rtc_set_minutes	8	static
/home/ryanm/github/rtos_alarm_clock/Core/Src/clock.c:75:6:rtc_alarm_toggle	8	static
/home/ryanm/github/rtos_alarm_clock/Core/Src/clock.c:83:6:rtc_task	24	static
/home/ryanm/github/rtos_alarm_clock/Core/Src/clock.c:98:17:rtc_init	16	static
