/home/ryanm/github/rtos_alarm_clock/Core/Src/lcd_st7066u.c:29:6:lcd_write	16	static
/home/ryanm/github/rtos_alarm_clock/Core/Src/lcd_st7066u.c:49:6:lcd_clear_display	16	static
/home/ryanm/github/rtos_alarm_clock/Core/Src/lcd_st7066u.c:54:6:lcd_return	16	static
/home/ryanm/github/rtos_alarm_clock/Core/Src/lcd_st7066u.c:59:6:lcd_entry_mode_set	24	static
/home/ryanm/github/rtos_alarm_clock/Core/Src/lcd_st7066u.c:65:6:lcd_display_on_off	32	static
/home/ryanm/github/rtos_alarm_clock/Core/Src/lcd_st7066u.c:71:6:lcd_cursor_display_shift	24	static
/home/ryanm/github/rtos_alarm_clock/Core/Src/lcd_st7066u.c:77:6:lcd_func_set	32	static
/home/ryanm/github/rtos_alarm_clock/Core/Src/lcd_st7066u.c:83:6:lcd_write_ram	24	static
/home/ryanm/github/rtos_alarm_clock/Core/Src/lcd_st7066u.c:89:9:lcd_read_ram	16	static
/home/ryanm/github/rtos_alarm_clock/Core/Src/lcd_st7066u.c:95:6:lcd_write_char	24	static
/home/ryanm/github/rtos_alarm_clock/Core/Src/lcd_st7066u.c:103:6:lcd_set_cursor	24	static
/home/ryanm/github/rtos_alarm_clock/Core/Src/lcd_st7066u.c:128:6:lcd_write_string	24	static
/home/ryanm/github/rtos_alarm_clock/Core/Src/lcd_st7066u.c:135:6:lcd_init	8	static
