/home/ryanm/github/rtos_alarm_clock/Core/Src/main.c:80:5:main	16	static
/home/ryanm/github/rtos_alarm_clock/Core/Src/main.c:167:6:SystemClock_Config	112	static
/home/ryanm/github/rtos_alarm_clock/Core/Src/main.c:213:13:MX_RTC_Init	32	static
/home/ryanm/github/rtos_alarm_clock/Core/Src/main.c:279:13:MX_TIM1_Init	120	static
/home/ryanm/github/rtos_alarm_clock/Core/Src/main.c:361:13:MX_USART2_UART_Init	8	static
/home/ryanm/github/rtos_alarm_clock/Core/Src/main.c:409:13:MX_USART3_UART_Init	8	static
/home/ryanm/github/rtos_alarm_clock/Core/Src/main.c:455:13:MX_DMA_Init	16	static
/home/ryanm/github/rtos_alarm_clock/Core/Src/main.c:473:13:MX_GPIO_Init	56	static
/home/ryanm/github/rtos_alarm_clock/Core/Src/main.c:561:6:HAL_TIM_PeriodElapsedCallback	16	static
/home/ryanm/github/rtos_alarm_clock/Core/Src/main.c:580:6:BSP_PB_Callback	16	static
/home/ryanm/github/rtos_alarm_clock/Core/Src/main.c:592:6:Error_Handler	8	static,ignoring_inline_asm
