/home/ryanm/github/rtos_alarm_clock/Core/Src/main.c:73:5:main	16	static
/home/ryanm/github/rtos_alarm_clock/Core/Src/main.c:157:6:SystemClock_Config	112	static
/home/ryanm/github/rtos_alarm_clock/Core/Src/main.c:198:13:MX_RTC_Init	32	static
/home/ryanm/github/rtos_alarm_clock/Core/Src/main.c:264:13:MX_USART2_UART_Init	8	static
/home/ryanm/github/rtos_alarm_clock/Core/Src/main.c:312:13:MX_GPIO_Init	56	static
/home/ryanm/github/rtos_alarm_clock/Core/Src/main.c:384:6:HAL_TIM_PeriodElapsedCallback	16	static
/home/ryanm/github/rtos_alarm_clock/Core/Src/main.c:403:6:BSP_PB_Callback	16	static
/home/ryanm/github/rtos_alarm_clock/Core/Src/main.c:415:6:Error_Handler	8	static,ignoring_inline_asm
