Archive member included to satisfy reference by file (symbol)

/opt/st/stm32cubeide_2.1.1/plugins/com.st.stm32cube.ide.mcu.externaltools.gnu-tools-for-stm32.14.3.rel1.linux64_1.0.100.202602081740/tools/bin/../lib/gcc/arm-none-eabi/14.3.1/thumb/v6-m/nofp/libgcc.a(_udivsi3.o)
                              cmake/stm32cubemx/CMakeFiles/STM32_Drivers.dir/__/__/Core/Src/system_stm32u0xx.c.obj (__aeabi_uidiv)
/opt/st/stm32cubeide_2.1.1/plugins/com.st.stm32cube.ide.mcu.externaltools.gnu-tools-for-stm32.14.3.rel1.linux64_1.0.100.202602081740/tools/bin/../lib/gcc/arm-none-eabi/14.3.1/thumb/v6-m/nofp/libgcc.a(_divsi3.o)
                              cmake/stm32cubemx/CMakeFiles/STM32_Drivers.dir/__/__/Drivers/STM32U0xx_HAL_Driver/Src/stm32u0xx_hal_uart_ex.c.obj (__aeabi_idiv)
/opt/st/stm32cubeide_2.1.1/plugins/com.st.stm32cube.ide.mcu.externaltools.gnu-tools-for-stm32.14.3.rel1.linux64_1.0.100.202602081740/tools/bin/../lib/gcc/arm-none-eabi/14.3.1/thumb/v6-m/nofp/libgcc.a(_dvmd_tls.o)
                              /opt/st/stm32cubeide_2.1.1/plugins/com.st.stm32cube.ide.mcu.externaltools.gnu-tools-for-stm32.14.3.rel1.linux64_1.0.100.202602081740/tools/bin/../lib/gcc/arm-none-eabi/14.3.1/thumb/v6-m/nofp/libgcc.a(_udivsi3.o) (__aeabi_idiv0)
/opt/st/stm32cubeide_2.1.1/plugins/com.st.stm32cube.ide.mcu.externaltools.gnu-tools-for-stm32.14.3.rel1.linux64_1.0.100.202602081740/tools/bin/../lib/gcc/arm-none-eabi/14.3.1/thumb/v6-m/nofp/libgcc.a(_aeabi_uldivmod.o)
                              cmake/stm32cubemx/CMakeFiles/STM32_Drivers.dir/__/__/Drivers/STM32U0xx_HAL_Driver/Src/stm32u0xx_hal_uart.c.obj (__aeabi_uldivmod)
/opt/st/stm32cubeide_2.1.1/plugins/com.st.stm32cube.ide.mcu.externaltools.gnu-tools-for-stm32.14.3.rel1.linux64_1.0.100.202602081740/tools/bin/../lib/gcc/arm-none-eabi/14.3.1/thumb/v6-m/nofp/libgcc.a(_udivmoddi4.o)
                              /opt/st/stm32cubeide_2.1.1/plugins/com.st.stm32cube.ide.mcu.externaltools.gnu-tools-for-stm32.14.3.rel1.linux64_1.0.100.202602081740/tools/bin/../lib/gcc/arm-none-eabi/14.3.1/thumb/v6-m/nofp/libgcc.a(_aeabi_uldivmod.o) (__udivmoddi4)
/opt/st/stm32cubeide_2.1.1/plugins/com.st.stm32cube.ide.mcu.externaltools.gnu-tools-for-stm32.14.3.rel1.linux64_1.0.100.202602081740/tools/bin/../lib/gcc/arm-none-eabi/14.3.1/thumb/v6-m/nofp/libgcc.a(_clzdi2.o)
                              /opt/st/stm32cubeide_2.1.1/plugins/com.st.stm32cube.ide.mcu.externaltools.gnu-tools-for-stm32.14.3.rel1.linux64_1.0.100.202602081740/tools/bin/../lib/gcc/arm-none-eabi/14.3.1/thumb/v6-m/nofp/libgcc.a(_udivmoddi4.o) (__clzdi2)
/opt/st/stm32cubeide_2.1.1/plugins/com.st.stm32cube.ide.mcu.externaltools.gnu-tools-for-stm32.14.3.rel1.linux64_1.0.100.202602081740/tools/bin/../lib/gcc/arm-none-eabi/14.3.1/thumb/v6-m/nofp/libgcc.a(_clzsi2.o)
                              /opt/st/stm32cubeide_2.1.1/plugins/com.st.stm32cube.ide.mcu.externaltools.gnu-tools-for-stm32.14.3.rel1.linux64_1.0.100.202602081740/tools/bin/../lib/gcc/arm-none-eabi/14.3.1/thumb/v6-m/nofp/libgcc.a(_clzdi2.o) (__clzsi2)
/opt/st/stm32cubeide_2.1.1/plugins/com.st.stm32cube.ide.mcu.externaltools.gnu-tools-for-stm32.14.3.rel1.linux64_1.0.100.202602081740/tools/bin/../lib/gcc/arm-none-eabi/14.3.1/../../../../arm-none-eabi/lib/thumb/v6-m/nofp/libg_nano.a(libc_a-exit.o)
                              /opt/st/stm32cubeide_2.1.1/plugins/com.st.stm32cube.ide.mcu.externaltools.gnu-tools-for-stm32.14.3.rel1.linux64_1.0.100.202602081740/tools/bin/../lib/gcc/arm-none-eabi/14.3.1/../../../../arm-none-eabi/lib/thumb/v6-m/nofp/crt0.o (exit)
/opt/st/stm32cubeide_2.1.1/plugins/com.st.stm32cube.ide.mcu.externaltools.gnu-tools-for-stm32.14.3.rel1.linux64_1.0.100.202602081740/tools/bin/../lib/gcc/arm-none-eabi/14.3.1/../../../../arm-none-eabi/lib/thumb/v6-m/nofp/libg_nano.a(libc_a-findfp.o)
                              /opt/st/stm32cubeide_2.1.1/plugins/com.st.stm32cube.ide.mcu.externaltools.gnu-tools-for-stm32.14.3.rel1.linux64_1.0.100.202602081740/tools/bin/../lib/gcc/arm-none-eabi/14.3.1/../../../../arm-none-eabi/lib/thumb/v6-m/nofp/libg_nano.a(libc_a-exit.o) (__stdio_exit_handler)
/opt/st/stm32cubeide_2.1.1/plugins/com.st.stm32cube.ide.mcu.externaltools.gnu-tools-for-stm32.14.3.rel1.linux64_1.0.100.202602081740/tools/bin/../lib/gcc/arm-none-eabi/14.3.1/../../../../arm-none-eabi/lib/thumb/v6-m/nofp/libg_nano.a(libc_a-fwalk.o)
                              /opt/st/stm32cubeide_2.1.1/plugins/com.st.stm32cube.ide.mcu.externaltools.gnu-tools-for-stm32.14.3.rel1.linux64_1.0.100.202602081740/tools/bin/../lib/gcc/arm-none-eabi/14.3.1/../../../../arm-none-eabi/lib/thumb/v6-m/nofp/libg_nano.a(libc_a-findfp.o) (_fwalk_sglue)
/opt/st/stm32cubeide_2.1.1/plugins/com.st.stm32cube.ide.mcu.externaltools.gnu-tools-for-stm32.14.3.rel1.linux64_1.0.100.202602081740/tools/bin/../lib/gcc/arm-none-eabi/14.3.1/../../../../arm-none-eabi/lib/thumb/v6-m/nofp/libg_nano.a(libc_a-stdio.o)
[...]
Memory Configuration

Name             Origin             Length             Attributes
RAM              0x20000000         0x00008000         xrw
FLASH            0x08000000         0x00040000         xr
*default*        0x00000000         0xffffffff

Linker script and memory map

LOAD /opt/st/stm32cubeide_2.1.1/plugins/com.st.stm32cube.ide.mcu.externaltools.gnu-tools-for-stm32.14.3.rel1.linux64_1.0.100.202602081740/tools/bin/../lib/gcc/arm-none-eabi/14.3.1/thumb/v6-m/nofp/crti.o
LOAD /opt/st/stm32cubeide_2.1.1/plugins/com.st.stm32cube.ide.mcu.externaltools.gnu-tools-for-stm32.14.3.rel1.linux64_1.0.100.202602081740/tools/bin/../lib/gcc/arm-none-eabi/14.3.1/thumb/v6-m/nofp/crtbegin.o
LOAD /opt/st/stm32cubeide_2.1.1/plugins/com.st.stm32cube.ide.mcu.externaltools.gnu-tools-for-stm32.14.3.rel1.linux64_1.0.100.202602081740/tools/bin/../lib/gcc/arm-none-eabi/14.3.1/../../../../arm-none-eabi/lib/thumb/v6-m/nofp/crt0.o
LOAD cmake/stm32cubemx/CMakeFiles/STM32_Drivers.dir/__/__/Core/Src/system_stm32u0xx.c.obj
LOAD cmake/stm32cubemx/CMakeFiles/STM32_Drivers.dir/__/__/Drivers/STM32U0xx_HAL_Driver/Src/stm32u0xx_hal_usart_ex.c.obj
LOAD cmake/stm32cubemx/CMakeFiles/STM32_Drivers.dir/__/__/Drivers/STM32U0xx_HAL_Driver/Src/stm32u0xx_hal_tim.c.obj
LOAD cmake/stm32cubemx/CMakeFiles/STM32_Drivers.dir/__/__/Drivers/STM32U0xx_HAL_Driver/Src/stm32u0xx_hal_tim_ex.c.obj
LOAD cmake/stm32cubemx/CMakeFiles/STM32_Drivers.dir/__/__/Drivers/STM32U0xx_HAL_Driver/Src/stm32u0xx_hal_cortex.c.obj
LOAD cmake/stm32cubemx/CMakeFiles/STM32_Drivers.dir/__/__/Drivers/STM32U0xx_HAL_Driver/Src/stm32u0xx_hal_rcc.c.obj
LOAD cmake/stm32cubemx/CMakeFiles/STM32_Drivers.dir/__/__/Drivers/STM32U0xx_HAL_Driver/Src/stm32u0xx_hal_rcc_ex.c.obj
LOAD cmake/stm32cubemx/CMakeFiles/STM32_Drivers.dir/__/__/Drivers/STM32U0xx_HAL_Driver/Src/stm32u0xx_hal_flash.c.obj
LOAD cmake/stm32cubemx/CMakeFiles/STM32_Drivers.dir/__/__/Drivers/STM32U0xx_HAL_Driver/Src/stm32u0xx_hal_flash_ex.c.obj
LOAD cmake/stm32cubemx/CMakeFiles/STM32_Drivers.dir/__/__/Drivers/STM32U0xx_HAL_Driver/Src/stm32u0xx_hal_gpio.c.obj
LOAD cmake/stm32cubemx/CMakeFiles/STM32_Drivers.dir/__/__/Drivers/STM32U0xx_HAL_Driver/Src/stm32u0xx_hal_dma.c.obj
LOAD cmake/stm32cubemx/CMakeFiles/STM32_Drivers.dir/__/__/Drivers/STM32U0xx_HAL_Driver/Src/stm32u0xx_hal_dma_ex.c.obj
LOAD cmake/stm32cubemx/CMakeFiles/STM32_Drivers.dir/__/__/Drivers/STM32U0xx_HAL_Driver/Src/stm32u0xx_hal_pwr.c.obj
LOAD cmake/stm32cubemx/CMakeFiles/STM32_Drivers.dir/__/__/Drivers/STM32U0xx_HAL_Driver/Src/stm32u0xx_hal_pwr_ex.c.obj
LOAD cmake/stm32cubemx/CMakeFiles/STM32_Drivers.dir/__/__/Drivers/STM32U0xx_HAL_Driver/Src/stm32u0xx_hal.c.obj
LOAD cmake/stm32cubemx/CMakeFiles/STM32_Drivers.dir/__/__/Drivers/STM32U0xx_HAL_Driver/Src/stm32u0xx_hal_exti.c.obj
LOAD cmake/stm32cubemx/CMakeFiles/STM32_Drivers.dir/__/__/Drivers/STM32U0xx_HAL_Driver/Src/stm32u0xx_hal_rtc.c.obj
LOAD cmake/stm32cubemx/CMakeFiles/STM32_Drivers.dir/__/__/Drivers/STM32U0xx_HAL_Driver/Src/stm32u0xx_hal_rtc_ex.c.obj
LOAD cmake/stm32cubemx/CMakeFiles/STM32_Drivers.dir/__/__/Drivers/STM32U0xx_HAL_Driver/Src/stm32u0xx_hal_uart.c.obj
LOAD cmake/stm32cubemx/CMakeFiles/STM32_Drivers.dir/__/__/Drivers/STM32U0xx_HAL_Driver/Src/stm32u0xx_hal_uart_ex.c.obj
LOAD cmake/stm32cubemx/CMakeFiles/STM32_Drivers.dir/__/__/Drivers/STM32U0xx_HAL_Driver/Src/stm32u0xx_hal_usart.c.obj
LOAD cmake/stm32cubemx/CMakeFiles/STM32_Drivers.dir/__/__/Drivers/BSP/STM32U0xx_Nucleo/stm32u0xx_nucleo.c.obj
LOAD cmake/stm32cubemx/CMakeFiles/RTOS2.dir/__/__/Middlewares/Third_Party/FreeRTOS/Source/portable/MemMang/heap_1.c.obj
LOAD cmake/stm32cubemx/CMakeFiles/RTOS2.dir/__/__/Middlewares/Third_Party/FreeRTOS/Source/croutine.c.obj
LOAD cmake/stm32cubemx/CMakeFiles/RTOS2.dir/__/__/Middlewares/Third_Party/FreeRTOS/Source/event_groups.c.obj
LOAD cmake/stm32cubemx/CMakeFiles/RTOS2.dir/__/__/Middlewares/Third_Party/FreeRTOS/Source/list.c.obj
LOAD cmake/stm32cubemx/CMakeFiles/RTOS2.dir/__/__/Middlewares/Third_Party/FreeRTOS/Source/queue.c.obj
LOAD cmake/stm32cubemx/CMakeFiles/RTOS2.dir/__/__/Middlewares/Third_Party/FreeRTOS/Source/stream_buffer.c.obj
LOAD cmake/stm32cubemx/CMakeFiles/RTOS2.dir/__/__/Middlewares/Third_Party/FreeRTOS/Source/tasks.c.obj
LOAD cmake/stm32cubemx/CMakeFiles/RTOS2.dir/__/__/Middlewares/Third_Party/FreeRTOS/Source/timers.c.obj
LOAD cmake/stm32cubemx/CMakeFiles/RTOS2.dir/__/__/Middlewares/Third_Party/FreeRTOS/Source/CMSIS_RTOS_V2/cmsis_os2.c.obj
LOAD cmake/stm32cubemx/CMakeFiles/RTOS2.dir/__/__/Middlewares/Third_Party/FreeRTOS/Source/portable/GCC/ARM_CM0/port.c.obj
LOAD cmake/stm32cubemx/CMakeFiles/RTOS2.dir/__/__/Middlewares/Third_Party/FreeRTOS/Source/portable/GCC/ARM_CM0/portasm.c.obj
LOAD CMakeFiles/rtosalarm.dir/Core/Src/main.c.obj
LOAD CMakeFiles/rtosalarm.dir/Core/Src/app_freertos.c.obj
LOAD CMakeFiles/rtosalarm.dir/Core/Src/stm32u0xx_it.c.obj
LOAD CMakeFiles/rtosalarm.dir/Core/Src/stm32u0xx_hal_msp.c.obj
LOAD CMakeFiles/rtosalarm.dir/Core/Src/stm32u0xx_hal_timebase_tim.c.obj
LOAD CMakeFiles/rtosalarm.dir/Core/Src/sysmem.c.obj
LOAD CMakeFiles/rtosalarm.dir/Core/Src/syscalls.c.obj
LOAD CMakeFiles/rtosalarm.dir/startup_stm32u083xx.s.obj
LOAD CMakeFiles/rtosalarm.dir/Core/Src/app.c.obj
LOAD CMakeFiles/rtosalarm.dir/Core/Src/clock.c.obj
LOAD CMakeFiles/rtosalarm.dir/Core/Src/log.c.obj
LOAD CMakeFiles/rtosalarm.dir/Core/Src/user_input.c.obj
LOAD CMakeFiles/rtosalarm.dir/Core/Src/lcd_st7066u.c.obj
LOAD /opt/st/stm32cubeide_2.1.1/plugins/com.st.stm32cube.ide.mcu.externaltools.gnu-tools-for-stm32.14.3.rel1.linux64_1.0.100.202602081740/tools/bin/../lib/gcc/arm-none-eabi/14.3.1/../../../../arm-none-eabi/lib/thumb/v6-m/nofp/libm.a
START GROUP
LOAD /opt/st/stm32cubeide_2.1.1/plugins/com.st.stm32cube.ide.mcu.externaltools.gnu-tools-for-stm32.14.3.rel1.linux64_1.0.100.202602081740/tools/bin/../lib/gcc/arm-none-eabi/14.3.1/thumb/v6-m/nofp/libgcc.a
LOAD /opt/st/stm32cubeide_2.1.1/plugins/com.st.stm32cube.ide.mcu.externaltools.gnu-tools-for-stm32.14.3.rel1.linux64_1.0.100.202602081740/tools/bin/../lib/gcc/arm-none-eabi/14.3.1/../../../../arm-none-eabi/lib/thumb/v6-m/nofp/libg_nano.a
LOAD /opt/st/stm32cubeide_2.1.1/plugins/com.st.stm32cube.ide.mcu.externaltools.gnu-tools-for-stm32.14.3.rel1.linux64_1.0.100.202602081740/tools/bin/../lib/gcc/arm-none-eabi/14.3.1/../../../../arm-none-eabi/lib/thumb/v6-m/nofp/libc_nano.a
END GROUP
START GROUP
LOAD /opt/st/stm32cubeide_2.1.1/plugins/com.st.stm32cube.ide.mcu.externaltools.gnu-tools-for-stm32.14.3.rel1.linux64_1.0.100.202602081740/tools/bin/../lib/gcc/arm-none-eabi/14.3.1/thumb/v6-m/nofp/libgcc.a
LOAD /opt/st/stm32cubeide_2.1.1/plugins/com.st.stm32cube.ide.mcu.externaltools.gnu-tools-for-stm32.14.3.rel1.linux64_1.0.100.202602081740/tools/bin/../lib/gcc/arm-none-eabi/14.3.1/../../../../arm-none-eabi/lib/thumb/v6-m/nofp/libc_nano.a
END GROUP
LOAD /opt/st/stm32cubeide_2.1.1/plugins/com.st.stm32cube.ide.mcu.externaltools.gnu-tools-for-stm32.14.3.rel1.linux64_1.0.100.202602081740/tools/bin/../lib/gcc/arm-none-eabi/14.3.1/thumb/v6-m/nofp/crtend.o
LOAD /opt/st/stm32cubeide_2.1.1/plugins/com.st.stm32cube.ide.mcu.externaltools.gnu-tools-for-stm32.14.3.rel1.linux64_1.0.100.202602081740/tools/bin/../lib/gcc/arm-none-eabi/14.3.1/thumb/v6-m/nofp/crtn.o
                0x20008000                        _estack = (ORIGIN (RAM) + LENGTH (RAM))
                0x00000200                        _Min_Heap_Size = 0x200
                0x00000400                        _Min_Stack_Size = 0x400

.isr_vector     0x08000000       0xc0
                0x08000000                        . = ALIGN (0x4)
 *(.isr_vector)
 .isr_vector    0x08000000       0xc0 CMakeFiles/rtosalarm.dir/startup_stm32u083xx.s.obj
                0x08000000                g_pfnVectors
                0x080000c0                        . = ALIGN (0x4)

.text           0x080000c0     0xa0c4
                0x080000c0                        . = ALIGN (0x4)
 *(.text)
 .text          0x080000c0       0x48 /opt/st/stm32cubeide_2.1.1/plugins/com.st.stm32cube.ide.mcu.externaltools.gnu-tools-for-stm32.14.3.rel1.linux64_1.0.100.202602081740/tools/bin/../lib/gcc/arm-none-eabi/14.3.1/thumb/v6-m/nofp/crtbegin.o
 .text          0x08000108      0x114 /opt/st/stm32cubeide_2.1.1/plugins/com.st.stm32cube.ide.mcu.externaltools.gnu-tools-for-stm32.14.3.rel1.linux64_1.0.100.202602081740/tools/bin/../lib/gcc/arm-none-eabi/14.3.1/thumb/v6-m/nofp/libgcc.a(_udivsi3.o)
                0x08000108                __udivsi3
                0x08000108                __aeabi_uidiv
                0x08000214                __aeabi_uidivmod
 .text          0x0800021c      0x1d4 /opt/st/stm32cubeide_2.1.1/plugins/com.st.stm32cube.ide.mcu.externaltools.gnu-tools-for-stm32.14.3.rel1.linux64_1.0.100.202602081740/tools/bin/../lib/gcc/arm-none-eabi/14.3.1/thumb/v6-m/nofp/libgcc.a(_divsi3.o)
                0x0800021c                __aeabi_idiv
                0x0800021c                __divsi3
                0x080003e8                __aeabi_idivmod
 .text          0x080003f0        0x4 /opt/st/stm32cubeide_2.1.1/plugins/com.st.stm32cube.ide.mcu.externaltools.gnu-tools-for-stm32.14.3.rel1.linux64_1.0.100.202602081740/tools/bin/../lib/gcc/arm-none-eabi/14.3.1/thumb/v6-m/nofp/libgcc.a(_dvmd_tls.o)
                0x080003f0                __aeabi_ldiv0
                0x080003f0                __aeabi_idiv0
 .text          0x080003f4       0x40 /opt/st/stm32cubeide_2.1.1/plugins/com.st.stm32cube.ide.mcu.externaltools.gnu-tools-for-stm32.14.3.rel1.linux64_1.0.100.202602081740/tools/bin/../lib/gcc/arm-none-eabi/14.3.1/thumb/v6-m/nofp/libgcc.a(_aeabi_uldivmod.o)
                0x080003f4                __aeabi_uldivmod
 .text          0x08000434      0x198 /opt/st/stm32cubeide_2.1.1/plugins/com.st.stm32cube.ide.mcu.externaltools.gnu-tools-for-stm32.14.3.rel1.linux64_1.0.100.202602081740/tools/bin/../lib/gcc/arm-none-eabi/14.3.1/thumb/v6-m/nofp/libgcc.a(_udivmoddi4.o)
                0x08000434                __udivmoddi4
 .text          0x080005cc       0x18 /opt/st/stm32cubeide_2.1.1/plugins/com.st.stm32cube.ide.mcu.externaltools.gnu-tools-for-stm32.14.3.rel1.linux64_1.0.100.202602081740/tools/bin/../lib/gcc/arm-none-eabi/14.3.1/thumb/v6-m/nofp/libgcc.a(_clzdi2.o)
                0x080005cc                __clzdi2
 .text          0x080005e4       0x3c /opt/st/stm32cubeide_2.1.1/plugins/com.st.stm32cube.ide.mcu.externaltools.gnu-tools-for-stm32.14.3.rel1.linux64_1.0.100.202602081740/tools/bin/../lib/gcc/arm-none-eabi/14.3.1/thumb/v6-m/nofp/libgcc.a(_clzsi2.o)
                0x080005e4                __clzsi2
 .text          0x08000620        0xe /opt/st/stm32cubeide_2.1.1/plugins/com.st.stm32cube.ide.mcu.externaltools.gnu-tools-for-stm32.14.3.rel1.linux64_1.0.100.202602081740/tools/bin/../lib/gcc/arm-none-eabi/14.3.1/../../../../arm-none-eabi/lib/thumb/v6-m/nofp/libg_nano.a(libc_a-strlen.o)
                0x08000620                strlen
 *fill*         0x0800062e        0x2 
 .text          0x08000630       0x14 /opt/st/stm32cubeide_2.1.1/plugins/com.st.stm32cube.ide.mcu.externaltools.gnu-tools-for-stm32.14.3.rel1.linux64_1.0.100.202602081740/tools/bin/../lib/gcc/arm-none-eabi/14.3.1/thumb/v6-m/nofp/libgcc.a(_thumb1_case_shi.o)
                0x08000630                __gnu_thumb1_case_shi
 *(.text*)
 .text.SystemInit
                0x08000644       0x58 cmake/stm32cubemx/CMakeFiles/STM32_Drivers.dir/__/__/Core/Src/system_stm32u0xx.c.obj
                0x08000644                SystemInit
 .text.HAL_TIM_Base_Init
                0x0800069c       0xb0 cmake/stm32cubemx/CMakeFiles/STM32_Drivers.dir/__/__/Drivers/STM32U0xx_HAL_Driver/Src/stm32u0xx_hal_tim.c.obj
                0x0800069c                HAL_TIM_Base_Init
 .text.HAL_TIM_Base_MspInit
                0x0800074c       0x10 cmake/stm32cubemx/CMakeFiles/STM32_Drivers.dir/__/__/Drivers/STM32U0xx_HAL_Driver/Src/stm32u0xx_hal_tim.c.obj
                0x0800074c                HAL_TIM_Base_MspInit
 .text.HAL_TIM_Base_Start_IT
                0x0800075c       0xb8 cmake/stm32cubemx/CMakeFiles/STM32_Drivers.dir/__/__/Drivers/STM32U0xx_HAL_Driver/Src/stm32u0xx_hal_tim.c.obj
                0x0800075c                HAL_TIM_Base_Start_IT
 .text.HAL_TIM_IRQHandler
                0x08000814      0x210 cmake/stm32cubemx/CMakeFiles/STM32_Drivers.dir/__/__/Drivers/STM32U0xx_HAL_Driver/Src/stm32u0xx_hal_tim.c.obj
                0x08000814                HAL_TIM_IRQHandler
 .text.HAL_TIM_OC_DelayElapsedCallback
                0x08000a24       0x10 cmake/stm32cubemx/CMakeFiles/STM32_Drivers.dir/__/__/Drivers/STM32U0xx_HAL_Driver/Src/stm32u0xx_hal_tim.c.obj
                0x08000a24                HAL_TIM_OC_DelayElapsedCallback
 .text.HAL_TIM_IC_CaptureCallback
                0x08000a34       0x10 cmake/stm32cubemx/CMakeFiles/STM32_Drivers.dir/__/__/Drivers/STM32U0xx_HAL_Driver/Src/stm32u0xx_hal_tim.c.obj
                0x08000a34                HAL_TIM_IC_CaptureCallback
 .text.HAL_TIM_PWM_PulseFinishedCallback
                0x08000a44       0x10 cmake/stm32cubemx/CMakeFiles/STM32_Drivers.dir/__/__/Drivers/STM32U0xx_HAL_Driver/Src/stm32u0xx_hal_tim.c.obj
                0x08000a44                HAL_TIM_PWM_PulseFinishedCallback
 .text.HAL_TIM_TriggerCallback
                0x08000a54       0x10 cmake/stm32cubemx/CMakeFiles/STM32_Drivers.dir/__/__/Drivers/STM32U0xx_HAL_Driver/Src/stm32u0xx_hal_tim.c.obj
                0x08000a54                HAL_TIM_TriggerCallback
 .text.TIM_Base_SetConfig
                0x08000a64       0xfc cmake/stm32cubemx/CMakeFiles/STM32_Drivers.dir/__/__/Drivers/STM32U0xx_HAL_Driver/Src/stm32u0xx_hal_tim.c.obj
                0x08000a64                TIM_Base_SetConfig
 .text.HAL_TIMEx_CommutCallback
                0x08000b60       0x10 cmake/stm32cubemx/CMakeFiles/STM32_Drivers.dir/__/__/Drivers/STM32U0xx_HAL_Driver/Src/stm32u0xx_hal_tim_ex.c.obj
                0x08000b60                HAL_TIMEx_CommutCallback
 .text.HAL_TIMEx_BreakCallback
                0x08000b70       0x10 cmake/stm32cubemx/CMakeFiles/STM32_Drivers.dir/__/__/Drivers/STM32U0xx_HAL_Driver/Src/stm32u0xx_hal_tim_ex.c.obj
                0x08000b70                HAL_TIMEx_BreakCallback
 .text.HAL_TIMEx_Break2Callback
                0x08000b80       0x10 cmake/stm32cubemx/CMakeFiles/STM32_Drivers.dir/__/__/Drivers/STM32U0xx_HAL_Driver/Src/stm32u0xx_hal_tim_ex.c.obj
                0x08000b80                HAL_TIMEx_Break2Callback
 .text.__NVIC_EnableIRQ
                0x08000b90       0x34 cmake/stm32cubemx/CMakeFiles/STM32_Drivers.dir/__/__/Drivers/STM32U0xx_HAL_Driver/Src/stm32u0xx_hal_cortex.c.obj
 .text.__NVIC_SetPriority
                0x08000bc4       0xdc cmake/stm32cubemx/CMakeFiles/STM32_Drivers.dir/__/__/Drivers/STM32U0xx_HAL_Driver/Src/stm32u0xx_hal_cortex.c.obj
 .text.HAL_NVIC_SetPriority
                0x08000ca0       0x2a cmake/stm32cubemx/CMakeFiles/STM32_Drivers.dir/__/__/Drivers/STM32U0xx_HAL_Driver/Src/stm32u0xx_hal_cortex.c.obj
                0x08000ca0                HAL_NVIC_SetPriority
 .text.HAL_NVIC_EnableIRQ
                0x08000cca       0x20 cmake/stm32cubemx/CMakeFiles/STM32_Drivers.dir/__/__/Drivers/STM32U0xx_HAL_Driver/Src/stm32u0xx_hal_cortex.c.obj
                0x08000cca                HAL_NVIC_EnableIRQ
 *fill*         0x08000cea        0x2 
 .text.HAL_RCC_OscConfig
                0x08000cec      0x854 cmake/stm32cubemx/CMakeFiles/STM32_Drivers.dir/__/__/Drivers/STM32U0xx_HAL_Driver/Src/stm32u0xx_hal_rcc.c.obj
                0x08000cec                HAL_RCC_OscConfig
 .text.HAL_RCC_ClockConfig
                0x08001540      0x1d8 cmake/stm32cubemx/CMakeFiles/STM32_Drivers.dir/__/__/Drivers/STM32U0xx_HAL_Driver/Src/stm32u0xx_hal_rcc.c.obj
                0x08001540                HAL_RCC_ClockConfig
 .text.HAL_RCC_GetSysClockFreq
                0x08001718      0x138 cmake/stm32cubemx/CMakeFiles/STM32_Drivers.dir/__/__/Drivers/STM32U0xx_HAL_Driver/Src/stm32u0xx_hal_rcc.c.obj
                0x08001718                HAL_RCC_GetSysClockFreq
 .text.HAL_RCC_GetHCLKFreq
                0x08001850       0x14 cmake/stm32cubemx/CMakeFiles/STM32_Drivers.dir/__/__/Drivers/STM32U0xx_HAL_Driver/Src/stm32u0xx_hal_rcc.c.obj
                0x08001850                HAL_RCC_GetHCLKFreq
 .text.HAL_RCC_GetPCLK1Freq
                0x08001864       0x30 cmake/stm32cubemx/CMakeFiles/STM32_Drivers.dir/__/__/Drivers/STM32U0xx_HAL_Driver/Src/stm32u0xx_hal_rcc.c.obj
                0x08001864                HAL_RCC_GetPCLK1Freq
 .text.HAL_RCC_GetClockConfig
                0x08001894       0x54 cmake/stm32cubemx/CMakeFiles/STM32_Drivers.dir/__/__/Drivers/STM32U0xx_HAL_Driver/Src/stm32u0xx_hal_rcc.c.obj
                0x08001894                HAL_RCC_GetClockConfig
 .text.RCC_SetFlashLatencyFromMSIRange
                0x080018e8       0xd8 cmake/stm32cubemx/CMakeFiles/STM32_Drivers.dir/__/__/Drivers/STM32U0xx_HAL_Driver/Src/stm32u0xx_hal_rcc.c.obj
 .text.HAL_RCCEx_PeriphCLKConfig
                0x080019c0      0x44c cmake/stm32cubemx/CMakeFiles/STM32_Drivers.dir/__/__/Drivers/STM32U0xx_HAL_Driver/Src/stm32u0xx_hal_rcc_ex.c.obj
                0x080019c0                HAL_RCCEx_PeriphCLKConfig
 .text.HAL_RCCEx_GetPeriphCLKFreq
                0x08001e0c      0xa98 cmake/stm32cubemx/CMakeFiles/STM32_Drivers.dir/__/__/Drivers/STM32U0xx_HAL_Driver/Src/stm32u0xx_hal_rcc_ex.c.obj
                0x08001e0c                HAL_RCCEx_GetPeriphCLKFreq
 .text.HAL_RCCEx_GetPLLClockFreq
                0x080028a4      0x17c cmake/stm32cubemx/CMakeFiles/STM32_Drivers.dir/__/__/Drivers/STM32U0xx_HAL_Driver/Src/stm32u0xx_hal_rcc_ex.c.obj
                0x080028a4                HAL_RCCEx_GetPLLClockFreq
 .text.HAL_GPIO_Init
                0x08002a20      0x2e8 cmake/stm32cubemx/CMakeFiles/STM32_Drivers.dir/__/__/Drivers/STM32U0xx_HAL_Driver/Src/stm32u0xx_hal_gpio.c.obj
                0x08002a20                HAL_GPIO_Init
 .text.HAL_GPIO_WritePin
                0x08002d08       0x3a cmake/stm32cubemx/CMakeFiles/STM32_Drivers.dir/__/__/Drivers/STM32U0xx_HAL_Driver/Src/stm32u0xx_hal_gpio.c.obj
                0x08002d08                HAL_GPIO_WritePin
 .text.HAL_GPIO_TogglePin
                0x08002d42       0x36 cmake/stm32cubemx/CMakeFiles/STM32_Drivers.dir/__/__/Drivers/STM32U0xx_HAL_Driver/Src/stm32u0xx_hal_gpio.c.obj
                0x08002d42                HAL_GPIO_TogglePin
 .text.HAL_GPIO_EXTI_IRQHandler
                0x08002d78       0x54 cmake/stm32cubemx/CMakeFiles/STM32_Drivers.dir/__/__/Drivers/STM32U0xx_HAL_Driver/Src/stm32u0xx_hal_gpio.c.obj
                0x08002d78                HAL_GPIO_EXTI_IRQHandler
 .text.HAL_GPIO_EXTI_Rising_Callback
                0x08002dcc       0x14 cmake/stm32cubemx/CMakeFiles/STM32_Drivers.dir/__/__/Drivers/STM32U0xx_HAL_Driver/Src/stm32u0xx_hal_gpio.c.obj
                0x08002dcc                HAL_GPIO_EXTI_Rising_Callback
 .text.HAL_DMA_Init
                0x08002de0      0x158 cmake/stm32cubemx/CMakeFiles/STM32_Drivers.dir/__/__/Drivers/STM32U0xx_HAL_Driver/Src/stm32u0xx_hal_dma.c.obj
                0x08002de0                HAL_DMA_Init
 .text.HAL_DMA_IRQHandler
                0x08002f38      0x188 cmake/stm32cubemx/CMakeFiles/STM32_Drivers.dir/__/__/Drivers/STM32U0xx_HAL_Driver/Src/stm32u0xx_hal_dma.c.obj
                0x08002f38                HAL_DMA_IRQHandler
 .text.DMA_CalcDMAMUXChannelBaseAndMask
                0x080030c0       0x94 cmake/stm32cubemx/CMakeFiles/STM32_Drivers.dir/__/__/Drivers/STM32U0xx_HAL_Driver/Src/stm32u0xx_hal_dma.c.obj
 .text.DMA_CalcDMAMUXRequestGenBaseAndMask
                0x08003154       0x48 cmake/stm32cubemx/CMakeFiles/STM32_Drivers.dir/__/__/Drivers/STM32U0xx_HAL_Driver/Src/stm32u0xx_hal_dma.c.obj
 .text.HAL_PWREx_ControlVoltageScaling
                0x0800319c       0xc0 cmake/stm32cubemx/CMakeFiles/STM32_Drivers.dir/__/__/Drivers/STM32U0xx_HAL_Driver/Src/stm32u0xx_hal_pwr_ex.c.obj
                0x0800319c                HAL_PWREx_ControlVoltageScaling
 .text.HAL_PWREx_GetVoltageRange
                0x0800325c       0x18 cmake/stm32cubemx/CMakeFiles/STM32_Drivers.dir/__/__/Drivers/STM32U0xx_HAL_Driver/Src/stm32u0xx_hal_pwr_ex.c.obj
                0x0800325c                HAL_PWREx_GetVoltageRange
 .text.HAL_Init
                0x08003274       0x2e cmake/stm32cubemx/CMakeFiles/STM32_Drivers.dir/__/__/Drivers/STM32U0xx_HAL_Driver/Src/stm32u0xx_hal.c.obj
                0x08003274                HAL_Init
 *fill*         0x080032a2        0x2 
 .text.HAL_IncTick
                0x080032a4       0x24 cmake/stm32cubemx/CMakeFiles/STM32_Drivers.dir/__/__/Drivers/STM32U0xx_HAL_Driver/Src/stm32u0xx_hal.c.obj
                0x080032a4                HAL_IncTick
 .text.HAL_GetTick
                0x080032c8       0x14 cmake/stm32cubemx/CMakeFiles/STM32_Drivers.dir/__/__/Drivers/STM32U0xx_HAL_Driver/Src/stm32u0xx_hal.c.obj
                0x080032c8                HAL_GetTick
 .text.HAL_EXTI_RegisterCallback
                0x080032dc       0x64 cmake/stm32cubemx/CMakeFiles/STM32_Drivers.dir/__/__/Drivers/STM32U0xx_HAL_Driver/Src/stm32u0xx_hal_exti.c.obj
                0x080032dc                HAL_EXTI_RegisterCallback
 .text.HAL_EXTI_GetHandle
                0x08003340       0x24 cmake/stm32cubemx/CMakeFiles/STM32_Drivers.dir/__/__/Drivers/STM32U0xx_HAL_Driver/Src/stm32u0xx_hal_exti.c.obj
                0x08003340                HAL_EXTI_GetHandle
 .text.HAL_EXTI_IRQHandler
                0x08003364       0x94 cmake/stm32cubemx/CMakeFiles/STM32_Drivers.dir/__/__/Drivers/STM32U0xx_HAL_Driver/Src/stm32u0xx_hal_exti.c.obj
                0x08003364                HAL_EXTI_IRQHandler
 .text.HAL_RTC_Init
                0x080033f8      0x14c cmake/stm32cubemx/CMakeFiles/STM32_Drivers.dir/__/__/Drivers/STM32U0xx_HAL_Driver/Src/stm32u0xx_hal_rtc.c.obj
                0x080033f8                HAL_RTC_Init
 .text.HAL_RTC_SetTime
                0x08003544      0x180 cmake/stm32cubemx/CMakeFiles/STM32_Drivers.dir/__/__/Drivers/STM32U0xx_HAL_Driver/Src/stm32u0xx_hal_rtc.c.obj
                0x08003544                HAL_RTC_SetTime
 .text.HAL_RTC_GetTime
                0x080036c4       0xc8 cmake/stm32cubemx/CMakeFiles/STM32_Drivers.dir/__/__/Drivers/STM32U0xx_HAL_Driver/Src/stm32u0xx_hal_rtc.c.obj
                0x080036c4                HAL_RTC_GetTime
 .text.HAL_RTC_SetDate
                0x0800378c      0x14c cmake/stm32cubemx/CMakeFiles/STM32_Drivers.dir/__/__/Drivers/STM32U0xx_HAL_Driver/Src/stm32u0xx_hal_rtc.c.obj
                0x0800378c                HAL_RTC_SetDate
 .text.HAL_RTC_GetDate
                0x080038d8       0x9c cmake/stm32cubemx/CMakeFiles/STM32_Drivers.dir/__/__/Drivers/STM32U0xx_HAL_Driver/Src/stm32u0xx_hal_rtc.c.obj
                0x080038d8                HAL_RTC_GetDate
 .text.HAL_RTC_WaitForSynchro
                0x08003974       0x4c cmake/stm32cubemx/CMakeFiles/STM32_Drivers.dir/__/__/Drivers/STM32U0xx_HAL_Driver/Src/stm32u0xx_hal_rtc.c.obj
                0x08003974                HAL_RTC_WaitForSynchro
 .text.RTC_EnterInitMode
                0x080039c0       0x58 cmake/stm32cubemx/CMakeFiles/STM32_Drivers.dir/__/__/Drivers/STM32U0xx_HAL_Driver/Src/stm32u0xx_hal_rtc.c.obj
                0x080039c0                RTC_EnterInitMode
 .text.RTC_ByteToBcd2
                0x08003a18       0x50 cmake/stm32cubemx/CMakeFiles/STM32_Drivers.dir/__/__/Drivers/STM32U0xx_HAL_Driver/Src/stm32u0xx_hal_rtc.c.obj
                0x08003a18                RTC_ByteToBcd2
 .text.RTC_Bcd2ToByte
                0x08003a68       0x3a cmake/stm32cubemx/CMakeFiles/STM32_Drivers.dir/__/__/Drivers/STM32U0xx_HAL_Driver/Src/stm32u0xx_hal_rtc.c.obj
                0x08003a68                RTC_Bcd2ToByte
 *fill*         0x08003aa2        0x2 
 .text.HAL_UART_Init
                0x08003aa4       0xac cmake/stm32cubemx/CMakeFiles/STM32_Drivers.dir/__/__/Drivers/STM32U0xx_HAL_Driver/Src/stm32u0xx_hal_uart.c.obj
                0x08003aa4                HAL_UART_Init
 .text.HAL_UART_Transmit
                0x08003b50      0x148 cmake/stm32cubemx/CMakeFiles/STM32_Drivers.dir/__/__/Drivers/STM32U0xx_HAL_Driver/Src/stm32u0xx_hal_uart.c.obj
                0x08003b50                HAL_UART_Transmit
 .text.UART_SetConfig
                0x08003c98      0x3a4 cmake/stm32cubemx/CMakeFiles/STM32_Drivers.dir/__/__/Drivers/STM32U0xx_HAL_Driver/Src/stm32u0xx_hal_uart.c.obj
                0x08003c98                UART_SetConfig
 .text.UART_AdvFeatureConfig
                0x0800403c      0x168 cmake/stm32cubemx/CMakeFiles/STM32_Drivers.dir/__/__/Drivers/STM32U0xx_HAL_Driver/Src/stm32u0xx_hal_uart.c.obj
                0x0800403c                UART_AdvFeatureConfig
 .text.UART_CheckIdleState
                0x080041a4      0x154 cmake/stm32cubemx/CMakeFiles/STM32_Drivers.dir/__/__/Drivers/STM32U0xx_HAL_Driver/Src/stm32u0xx_hal_uart.c.obj
                0x080041a4                UART_CheckIdleState
 .text.UART_WaitOnFlagUntilTimeout
                0x080042f8       0xde cmake/stm32cubemx/CMakeFiles/STM32_Drivers.dir/__/__/Drivers/STM32U0xx_HAL_Driver/Src/stm32u0xx_hal_uart.c.obj
                0x080042f8                UART_WaitOnFlagUntilTimeout
 *fill*         0x080043d6        0x2 
 .text.UART_EndRxTransfer
                0x080043d8       0xcc cmake/stm32cubemx/CMakeFiles/STM32_Drivers.dir/__/__/Drivers/STM32U0xx_HAL_Driver/Src/stm32u0xx_hal_uart.c.obj
 .text.HAL_UARTEx_DisableFifoMode
                0x080044a4       0x74 cmake/stm32cubemx/CMakeFiles/STM32_Drivers.dir/__/__/Drivers/STM32U0xx_HAL_Driver/Src/stm32u0xx_hal_uart_ex.c.obj
                0x080044a4                HAL_UARTEx_DisableFifoMode
 .text.HAL_UARTEx_SetTxFifoThreshold
                0x08004518       0x7e cmake/stm32cubemx/CMakeFiles/STM32_Drivers.dir/__/__/Drivers/STM32U0xx_HAL_Driver/Src/stm32u0xx_hal_uart_ex.c.obj
                0x08004518                HAL_UARTEx_SetTxFifoThreshold
 *fill*         0x08004596        0x2 
 .text.HAL_UARTEx_SetRxFifoThreshold
                0x08004598       0x84 cmake/stm32cubemx/CMakeFiles/STM32_Drivers.dir/__/__/Drivers/STM32U0xx_HAL_Driver/Src/stm32u0xx_hal_uart_ex.c.obj
                0x08004598                HAL_UARTEx_SetRxFifoThreshold
 .text.UARTEx_SetNbDataToProcess
                0x0800461c       0xbc cmake/stm32cubemx/CMakeFiles/STM32_Drivers.dir/__/__/Drivers/STM32U0xx_HAL_Driver/Src/stm32u0xx_hal_uart_ex.c.obj
 .text.BSP_LED_Init
                0x080046d8       0x7c cmake/stm32cubemx/CMakeFiles/STM32_Drivers.dir/__/__/Drivers/BSP/STM32U0xx_Nucleo/stm32u0xx_nucleo.c.obj
                0x080046d8                BSP_LED_Init
 .text.BSP_LED_Toggle
                0x08004754       0x44 cmake/stm32cubemx/CMakeFiles/STM32_Drivers.dir/__/__/Drivers/BSP/STM32U0xx_Nucleo/stm32u0xx_nucleo.c.obj
                0x08004754                BSP_LED_Toggle
 .text.BSP_PB_Init
                0x08004798      0x104 cmake/stm32cubemx/CMakeFiles/STM32_Drivers.dir/__/__/Drivers/BSP/STM32U0xx_Nucleo/stm32u0xx_nucleo.c.obj
                0x08004798                BSP_PB_Init
 .text.BSP_PB_IRQHandler
                0x0800489c       0x30 cmake/stm32cubemx/CMakeFiles/STM32_Drivers.dir/__/__/Drivers/BSP/STM32U0xx_Nucleo/stm32u0xx_nucleo.c.obj
                0x0800489c                BSP_PB_IRQHandler
 .text.BUTTON_USER_EXTI_Callback
                0x080048cc       0x10 cmake/stm32cubemx/CMakeFiles/STM32_Drivers.dir/__/__/Drivers/BSP/STM32U0xx_Nucleo/stm32u0xx_nucleo.c.obj
 .text.pvPortMalloc
                0x080048dc       0xa8 cmake/stm32cubemx/CMakeFiles/RTOS2.dir/__/__/Middlewares/Third_Party/FreeRTOS/Source/portable/MemMang/heap_1.c.obj
                0x080048dc                pvPortMalloc
 .text.vPortFree
                0x08004984       0x1c cmake/stm32cubemx/CMakeFiles/RTOS2.dir/__/__/Middlewares/Third_Party/FreeRTOS/Source/portable/MemMang/heap_1.c.obj
                0x08004984                vPortFree
 .text.vListInitialise
                0x080049a0       0x3c cmake/stm32cubemx/CMakeFiles/RTOS2.dir/__/__/Middlewares/Third_Party/FreeRTOS/Source/list.c.obj
                0x080049a0                vListInitialise
 .text.vListInitialiseItem
                0x080049dc       0x16 cmake/stm32cubemx/CMakeFiles/RTOS2.dir/__/__/Middlewares/Third_Party/FreeRTOS/Source/list.c.obj
                0x080049dc                vListInitialiseItem
 .text.vListInsert
                0x080049f2       0x6c cmake/stm32cubemx/CMakeFiles/RTOS2.dir/__/__/Middlewares/Third_Party/FreeRTOS/Source/list.c.obj
                0x080049f2                vListInsert
 .text.uxListRemove
                0x08004a5e       0x50 cmake/stm32cubemx/CMakeFiles/RTOS2.dir/__/__/Middlewares/Third_Party/FreeRTOS/Source/list.c.obj
                0x08004a5e                uxListRemove
 .text.xQueueGenericReset
                0x08004aae      0x116 cmake/stm32cubemx/CMakeFiles/RTOS2.dir/__/__/Middlewares/Third_Party/FreeRTOS/Source/queue.c.obj
                0x08004aae                xQueueGenericReset
 .text.xQueueGenericCreateStatic
                0x08004bc4       0x8e cmake/stm32cubemx/CMakeFiles/RTOS2.dir/__/__/Middlewares/Third_Party/FreeRTOS/Source/queue.c.obj
                0x08004bc4                xQueueGenericCreateStatic
 .text.xQueueGenericCreate
                0x08004c52       0xc6 cmake/stm32cubemx/CMakeFiles/RTOS2.dir/__/__/Middlewares/Third_Party/FreeRTOS/Source/queue.c.obj
                0x08004c52                xQueueGenericCreate
 .text.prvInitialiseNewQueue
                0x08004d18       0x4e cmake/stm32cubemx/CMakeFiles/RTOS2.dir/__/__/Middlewares/Third_Party/FreeRTOS/Source/queue.c.obj
 .text.xQueueCreateCountingSemaphoreStatic
                0x08004d66       0x56 cmake/stm32cubemx/CMakeFiles/RTOS2.dir/__/__/Middlewares/Third_Party/FreeRTOS/Source/queue.c.obj
                0x08004d66                xQueueCreateCountingSemaphoreStatic
 .text.xQueueCreateCountingSemaphore
                0x08004dbc       0x50 cmake/stm32cubemx/CMakeFiles/RTOS2.dir/__/__/Middlewares/Third_Party/FreeRTOS/Source/queue.c.obj
                0x08004dbc                xQueueCreateCountingSemaphore
 .text.xQueueGenericSend
                0x08004e0c      0x190 cmake/stm32cubemx/CMakeFiles/RTOS2.dir/__/__/Middlewares/Third_Party/FreeRTOS/Source/queue.c.obj
                0x08004e0c                xQueueGenericSend
 .text.xQueueGenericSendFromISR
                0x08004f9c      0x114 cmake/stm32cubemx/CMakeFiles/RTOS2.dir/__/__/Middlewares/Third_Party/FreeRTOS/Source/queue.c.obj
                0x08004f9c                xQueueGenericSendFromISR
 .text.xQueueGiveFromISR
                0x080050b0       0xf6 cmake/stm32cubemx/CMakeFiles/RTOS2.dir/__/__/Middlewares/Third_Party/FreeRTOS/Source/queue.c.obj
                0x080050b0                xQueueGiveFromISR
 .text.xQueueReceive
                0x080051a6      0x170 cmake/stm32cubemx/CMakeFiles/RTOS2.dir/__/__/Middlewares/Third_Party/FreeRTOS/Source/queue.c.obj
                0x080051a6                xQueueReceive
 .text.xQueueSemaphoreTake
                0x08005316      0x1b0 cmake/stm32cubemx/CMakeFiles/RTOS2.dir/__/__/Middlewares/Third_Party/FreeRTOS/Source/queue.c.obj
                0x08005316                xQueueSemaphoreTake
 .text.xQueueReceiveFromISR
                0x080054c6       0xf0 cmake/stm32cubemx/CMakeFiles/RTOS2.dir/__/__/Middlewares/Third_Party/FreeRTOS/Source/queue.c.obj
                0x080054c6                xQueueReceiveFromISR
 .text.vQueueDelete
                0x080055b6       0x3a cmake/stm32cubemx/CMakeFiles/RTOS2.dir/__/__/Middlewares/Third_Party/FreeRTOS/Source/queue.c.obj
                0x080055b6                vQueueDelete
 .text.prvGetHighestPriorityOfWaitToReceiveList
                0x080055f0       0x2c cmake/stm32cubemx/CMakeFiles/RTOS2.dir/__/__/Middlewares/Third_Party/FreeRTOS/Source/queue.c.obj
 .text.prvCopyDataToQueue
                0x0800561c       0xd6 cmake/stm32cubemx/CMakeFiles/RTOS2.dir/__/__/Middlewares/Third_Party/FreeRTOS/Source/queue.c.obj
 .text.prvCopyDataFromQueue
                0x080056f2       0x4c cmake/stm32cubemx/CMakeFiles/RTOS2.dir/__/__/Middlewares/Third_Party/FreeRTOS/Source/queue.c.obj
 .text.prvUnlockQueue
                0x0800573e       0xbc cmake/stm32cubemx/CMakeFiles/RTOS2.dir/__/__/Middlewares/Third_Party/FreeRTOS/Source/queue.c.obj
 .text.prvIsQueueEmpty
                0x080057fa       0x2c cmake/stm32cubemx/CMakeFiles/RTOS2.dir/__/__/Middlewares/Third_Party/FreeRTOS/Source/queue.c.obj
 .text.prvIsQueueFull
                0x08005826       0x30 cmake/stm32cubemx/CMakeFiles/RTOS2.dir/__/__/Middlewares/Third_Party/FreeRTOS/Source/queue.c.obj
 *fill*         0x08005856        0x2 
 .text.vQueueAddToRegistry
                0x08005858       0x8c cmake/stm32cubemx/CMakeFiles/RTOS2.dir/__/__/Middlewares/Third_Party/FreeRTOS/Source/queue.c.obj
                0x08005858                vQueueAddToRegistry
 .text.vQueueUnregisterQueue
                0x080058e4       0x60 cmake/stm32cubemx/CMakeFiles/RTOS2.dir/__/__/Middlewares/Third_Party/FreeRTOS/Source/queue.c.obj
                0x080058e4                vQueueUnregisterQueue
 .text.vQueueWaitForMessageRestricted
                0x08005944       0x66 cmake/stm32cubemx/CMakeFiles/RTOS2.dir/__/__/Middlewares/Third_Party/FreeRTOS/Source/queue.c.obj
                0x08005944                vQueueWaitForMessageRestricted
 .text.prvCreateStaticTask
                0x080059aa       0x90 cmake/stm32cubemx/CMakeFiles/RTOS2.dir/__/__/Middlewares/Third_Party/FreeRTOS/Source/tasks.c.obj
 .text.xTaskCreateStatic
                0x08005a3a       0x4e cmake/stm32cubemx/CMakeFiles/RTOS2.dir/__/__/Middlewares/Third_Party/FreeRTOS/Source/tasks.c.obj
                0x08005a3a                xTaskCreateStatic
 .text.prvCreateTask
                0x08005a88       0x8a cmake/stm32cubemx/CMakeFiles/RTOS2.dir/__/__/Middlewares/Third_Party/FreeRTOS/Source/tasks.c.obj
 .text.xTaskCreate
                0x08005b12       0x4c cmake/stm32cubemx/CMakeFiles/RTOS2.dir/__/__/Middlewares/Third_Party/FreeRTOS/Source/tasks.c.obj
                0x08005b12                xTaskCreate
 *fill*         0x08005b5e        0x2 
 .text.prvInitialiseNewTask
                0x08005b60      0x104 cmake/stm32cubemx/CMakeFiles/RTOS2.dir/__/__/Middlewares/Third_Party/FreeRTOS/Source/tasks.c.obj
 .text.prvAddNewTaskToReadyList
                0x08005c64      0x120 cmake/stm32cubemx/CMakeFiles/RTOS2.dir/__/__/Middlewares/Third_Party/FreeRTOS/Source/tasks.c.obj
 .text.vTaskDelay
                0x08005d84       0x4c cmake/stm32cubemx/CMakeFiles/RTOS2.dir/__/__/Middlewares/Third_Party/FreeRTOS/Source/tasks.c.obj
                0x08005d84                vTaskDelay
 .text.prvCreateIdleTasks
                0x08005dd0       0xec cmake/stm32cubemx/CMakeFiles/RTOS2.dir/__/__/Middlewares/Third_Party/FreeRTOS/Source/tasks.c.obj
 .text.vTaskStartScheduler
                0x08005ebc       0x68 cmake/stm32cubemx/CMakeFiles/RTOS2.dir/__/__/Middlewares/Third_Party/FreeRTOS/Source/tasks.c.obj
                0x08005ebc                vTaskStartScheduler
 .text.vTaskSuspendAll
                0x08005f24       0x18 cmake/stm32cubemx/CMakeFiles/RTOS2.dir/__/__/Middlewares/Third_Party/FreeRTOS/Source/tasks.c.obj
                0x08005f24                vTaskSuspendAll
 .text.xTaskResumeAll
                0x08005f3c      0x1ec cmake/stm32cubemx/CMakeFiles/RTOS2.dir/__/__/Middlewares/Third_Party/FreeRTOS/Source/tasks.c.obj
                0x08005f3c                xTaskResumeAll
 .text.xTaskGetTickCount
                0x08006128       0x1c cmake/stm32cubemx/CMakeFiles/RTOS2.dir/__/__/Middlewares/Third_Party/FreeRTOS/Source/tasks.c.obj
                0x08006128                xTaskGetTickCount
 .text.xTaskGetTickCountFromISR
                0x08006144       0x20 cmake/stm32cubemx/CMakeFiles/RTOS2.dir/__/__/Middlewares/Third_Party/FreeRTOS/Source/tasks.c.obj
                0x08006144                xTaskGetTickCountFromISR
 .text.uxTaskGetNumberOfTasks
                0x08006164       0x14 cmake/stm32cubemx/CMakeFiles/RTOS2.dir/__/__/Middlewares/Third_Party/FreeRTOS/Source/tasks.c.obj
                0x08006164                uxTaskGetNumberOfTasks
 .text.xTaskIncrementTick
                0x08006178      0x21c cmake/stm32cubemx/CMakeFiles/RTOS2.dir/__/__/Middlewares/Third_Party/FreeRTOS/Source/tasks.c.obj
                0x08006178                xTaskIncrementTick
 .text.vTaskSwitchContext
                0x08006394       0xa8 cmake/stm32cubemx/CMakeFiles/RTOS2.dir/__/__/Middlewares/Third_Party/FreeRTOS/Source/tasks.c.obj
                0x08006394                vTaskSwitchContext
 .text.vTaskPlaceOnEventList
                0x0800643c       0x40 cmake/stm32cubemx/CMakeFiles/RTOS2.dir/__/__/Middlewares/Third_Party/FreeRTOS/Source/tasks.c.obj
                0x0800643c                vTaskPlaceOnEventList
 .text.vTaskPlaceOnEventListRestricted
                0x0800647c       0x80 cmake/stm32cubemx/CMakeFiles/RTOS2.dir/__/__/Middlewares/Third_Party/FreeRTOS/Source/tasks.c.obj
                0x0800647c                vTaskPlaceOnEventListRestricted
 .text.xTaskRemoveFromEventList
                0x080064fc      0x19c cmake/stm32cubemx/CMakeFiles/RTOS2.dir/__/__/Middlewares/Third_Party/FreeRTOS/Source/tasks.c.obj
                0x080064fc                xTaskRemoveFromEventList
 .text.vTaskInternalSetTimeOutState
                0x08006698       0x28 cmake/stm32cubemx/CMakeFiles/RTOS2.dir/__/__/Middlewares/Third_Party/FreeRTOS/Source/tasks.c.obj
                0x08006698                vTaskInternalSetTimeOutState
 .text.xTaskCheckForTimeOut
                0x080066c0       0xcc cmake/stm32cubemx/CMakeFiles/RTOS2.dir/__/__/Middlewares/Third_Party/FreeRTOS/Source/tasks.c.obj
                0x080066c0                xTaskCheckForTimeOut
 .text.vTaskMissedYield
                0x0800678c       0x14 cmake/stm32cubemx/CMakeFiles/RTOS2.dir/__/__/Middlewares/Third_Party/FreeRTOS/Source/tasks.c.obj
                0x0800678c                vTaskMissedYield
 .text.prvIdleTask
                0x080067a0       0x20 cmake/stm32cubemx/CMakeFiles/RTOS2.dir/__/__/Middlewares/Third_Party/FreeRTOS/Source/tasks.c.obj
 .text.prvInitialiseTaskLists
                0x080067c0       0x88 cmake/stm32cubemx/CMakeFiles/RTOS2.dir/__/__/Middlewares/Third_Party/FreeRTOS/Source/tasks.c.obj
 .text.prvCheckTasksWaitingTermination
                0x08006848       0x5c cmake/stm32cubemx/CMakeFiles/RTOS2.dir/__/__/Middlewares/Third_Party/FreeRTOS/Source/tasks.c.obj
 .text.prvDeleteTCB
                0x080068a4       0x52 cmake/stm32cubemx/CMakeFiles/RTOS2.dir/__/__/Middlewares/Third_Party/FreeRTOS/Source/tasks.c.obj
 *fill*         0x080068f6        0x2 
 .text.prvResetNextTaskUnblockTime
                0x080068f8       0x34 cmake/stm32cubemx/CMakeFiles/RTOS2.dir/__/__/Middlewares/Third_Party/FreeRTOS/Source/tasks.c.obj
 .text.xTaskGetSchedulerState
                0x0800692c       0x38 cmake/stm32cubemx/CMakeFiles/RTOS2.dir/__/__/Middlewares/Third_Party/FreeRTOS/Source/tasks.c.obj
                0x0800692c                xTaskGetSchedulerState
 .text.xTaskPriorityInherit
                0x08006964      0x124 cmake/stm32cubemx/CMakeFiles/RTOS2.dir/__/__/Middlewares/Third_Party/FreeRTOS/Source/tasks.c.obj
                0x08006964                xTaskPriorityInherit
 .text.xTaskPriorityDisinherit
                0x08006a88      0x10c cmake/stm32cubemx/CMakeFiles/RTOS2.dir/__/__/Middlewares/Third_Party/FreeRTOS/Source/tasks.c.obj
                0x08006a88                xTaskPriorityDisinherit
 .text.vTaskPriorityDisinheritAfterTimeout
                0x08006b94      0x134 cmake/stm32cubemx/CMakeFiles/RTOS2.dir/__/__/Middlewares/Third_Party/FreeRTOS/Source/tasks.c.obj
                0x08006b94                vTaskPriorityDisinheritAfterTimeout
 .text.pvTaskIncrementMutexHeldCount
                0x08006cc8       0x2c cmake/stm32cubemx/CMakeFiles/RTOS2.dir/__/__/Middlewares/Third_Party/FreeRTOS/Source/tasks.c.obj
                0x08006cc8                pvTaskIncrementMutexHeldCount
 .text.prvAddCurrentTaskToDelayedList
                0x08006cf4       0xec cmake/stm32cubemx/CMakeFiles/RTOS2.dir/__/__/Middlewares/Third_Party/FreeRTOS/Source/tasks.c.obj
 .text.vApplicationGetIdleTaskMemory
                0x08006de0       0x30 cmake/stm32cubemx/CMakeFiles/RTOS2.dir/__/__/Middlewares/Third_Party/FreeRTOS/Source/tasks.c.obj
                0x08006de0                vApplicationGetIdleTaskMemory
 .text.vApplicationGetTimerTaskMemory
                0x08006e10       0x30 cmake/stm32cubemx/CMakeFiles/RTOS2.dir/__/__/Middlewares/Third_Party/FreeRTOS/Source/tasks.c.obj
                0x08006e10                vApplicationGetTimerTaskMemory
 .text.xTimerCreateTimerTask
                0x08006e40       0x80 cmake/stm32cubemx/CMakeFiles/RTOS2.dir/__/__/Middlewares/Third_Party/FreeRTOS/Source/timers.c.obj
                0x08006e40                xTimerCreateTimerTask
 .text.xTimerCreate
                0x08006ec0       0x46 cmake/stm32cubemx/CMakeFiles/RTOS2.dir/__/__/Middlewares/Third_Party/FreeRTOS/Source/timers.c.obj
                0x08006ec0                xTimerCreate
 .text.xTimerCreateStatic
                0x08006f06       0x5e cmake/stm32cubemx/CMakeFiles/RTOS2.dir/__/__/Middlewares/Third_Party/FreeRTOS/Source/timers.c.obj
                0x08006f06                xTimerCreateStatic
 .text.prvInitialiseNewTimer
                0x08006f64       0x60 cmake/stm32cubemx/CMakeFiles/RTOS2.dir/__/__/Middlewares/Third_Party/FreeRTOS/Source/timers.c.obj
 .text.xTimerGenericCommandFromTask
                0x08006fc4       0x88 cmake/stm32cubemx/CMakeFiles/RTOS2.dir/__/__/Middlewares/Third_Party/FreeRTOS/Source/timers.c.obj
                0x08006fc4                xTimerGenericCommandFromTask
 .text.prvReloadTimer
                0x0800704c       0x42 cmake/stm32cubemx/CMakeFiles/RTOS2.dir/__/__/Middlewares/Third_Party/FreeRTOS/Source/timers.c.obj
 *fill*         0x0800708e        0x2 
 .text.prvProcessExpiredTimer
                0x08007090       0x64 cmake/stm32cubemx/CMakeFiles/RTOS2.dir/__/__/Middlewares/Third_Party/FreeRTOS/Source/timers.c.obj
 .text.prvTimerTask
                0x080070f4       0x2a cmake/stm32cubemx/CMakeFiles/RTOS2.dir/__/__/Middlewares/Third_Party/FreeRTOS/Source/timers.c.obj
 *fill*         0x0800711e        0x2 
 .text.prvProcessTimerOrBlockTask
                0x08007120       0x90 cmake/stm32cubemx/CMakeFiles/RTOS2.dir/__/__/Middlewares/Third_Party/FreeRTOS/Source/timers.c.obj
 .text.prvGetNextExpireTime
                0x080071b0       0x44 cmake/stm32cubemx/CMakeFiles/RTOS2.dir/__/__/Middlewares/Third_Party/FreeRTOS/Source/timers.c.obj
 .text.prvSampleTimeNow
                0x080071f4       0x40 cmake/stm32cubemx/CMakeFiles/RTOS2.dir/__/__/Middlewares/Third_Party/FreeRTOS/Source/timers.c.obj
 .text.prvInsertTimerInActiveList
                0x08007234       0x84 cmake/stm32cubemx/CMakeFiles/RTOS2.dir/__/__/Middlewares/Third_Party/FreeRTOS/Source/timers.c.obj
 .text.prvProcessReceivedCommands
                0x080072b8      0x1a0 cmake/stm32cubemx/CMakeFiles/RTOS2.dir/__/__/Middlewares/Third_Party/FreeRTOS/Source/timers.c.obj
 .text.prvSwitchTimerLists
                0x08007458       0x50 cmake/stm32cubemx/CMakeFiles/RTOS2.dir/__/__/Middlewares/Third_Party/FreeRTOS/Source/timers.c.obj
 .text.prvCheckForValidListAndQueue
                0x080074a8       0x84 cmake/stm32cubemx/CMakeFiles/RTOS2.dir/__/__/Middlewares/Third_Party/FreeRTOS/Source/timers.c.obj
 .text.pvTimerGetTimerID
                0x0800752c       0x30 cmake/stm32cubemx/CMakeFiles/RTOS2.dir/__/__/Middlewares/Third_Party/FreeRTOS/Source/timers.c.obj
                0x0800752c                pvTimerGetTimerID
 .text.IRQ_Context
                0x0800755c       0x44 cmake/stm32cubemx/CMakeFiles/RTOS2.dir/__/__/Middlewares/Third_Party/FreeRTOS/Source/CMSIS_RTOS_V2/cmsis_os2.c.obj
 .text.osKernelInitialize
                0x080075a0       0x4c cmake/stm32cubemx/CMakeFiles/RTOS2.dir/__/__/Middlewares/Third_Party/FreeRTOS/Source/CMSIS_RTOS_V2/cmsis_os2.c.obj
                0x080075a0                osKernelInitialize
 .text.osKernelStart
                0x080075ec       0x50 cmake/stm32cubemx/CMakeFiles/RTOS2.dir/__/__/Middlewares/Third_Party/FreeRTOS/Source/CMSIS_RTOS_V2/cmsis_os2.c.obj
                0x080075ec                osKernelStart
 .text.osKernelGetTickCount
                0x0800763c       0x2a cmake/stm32cubemx/CMakeFiles/RTOS2.dir/__/__/Middlewares/Third_Party/FreeRTOS/Source/CMSIS_RTOS_V2/cmsis_os2.c.obj
                0x0800763c                osKernelGetTickCount
 .text.osThreadNew
                0x08007666      0x12e cmake/stm32cubemx/CMakeFiles/RTOS2.dir/__/__/Middlewares/Third_Party/FreeRTOS/Source/CMSIS_RTOS_V2/cmsis_os2.c.obj
                0x08007666                osThreadNew
 .text.osDelay  0x08007794       0x34 cmake/stm32cubemx/CMakeFiles/RTOS2.dir/__/__/Middlewares/Third_Party/FreeRTOS/Source/CMSIS_RTOS_V2/cmsis_os2.c.obj
                0x08007794                osDelay
 .text.TimerCallback
                0x080077c8       0x36 cmake/stm32cubemx/CMakeFiles/RTOS2.dir/__/__/Middlewares/Third_Party/FreeRTOS/Source/CMSIS_RTOS_V2/cmsis_os2.c.obj
 *fill*         0x080077fe        0x2 
 .text.osTimerNew
                0x08007800      0x158 cmake/stm32cubemx/CMakeFiles/RTOS2.dir/__/__/Middlewares/Third_Party/FreeRTOS/Source/CMSIS_RTOS_V2/cmsis_os2.c.obj
                0x08007800                osTimerNew
 .text.osTimerStart
                0x08007958       0x5e cmake/stm32cubemx/CMakeFiles/RTOS2.dir/__/__/Middlewares/Third_Party/FreeRTOS/Source/CMSIS_RTOS_V2/cmsis_os2.c.obj
                0x08007958                osTimerStart
 .text.osSemaphoreNew
                0x080079b6      0x122 cmake/stm32cubemx/CMakeFiles/RTOS2.dir/__/__/Middlewares/Third_Party/FreeRTOS/Source/CMSIS_RTOS_V2/cmsis_os2.c.obj
                0x080079b6                osSemaphoreNew
 .text.osSemaphoreAcquire
                0x08007ad8       0x9c cmake/stm32cubemx/CMakeFiles/RTOS2.dir/__/__/Middlewares/Third_Party/FreeRTOS/Source/CMSIS_RTOS_V2/cmsis_os2.c.obj
                0x08007ad8                osSemaphoreAcquire
 .text.osSemaphoreRelease
                0x08007b74       0x7c cmake/stm32cubemx/CMakeFiles/RTOS2.dir/__/__/Middlewares/Third_Party/FreeRTOS/Source/CMSIS_RTOS_V2/cmsis_os2.c.obj
                0x08007b74                osSemaphoreRelease
 .text.osMessageQueueNew
                0x08007bf0       0xec cmake/stm32cubemx/CMakeFiles/RTOS2.dir/__/__/Middlewares/Third_Party/FreeRTOS/Source/CMSIS_RTOS_V2/cmsis_os2.c.obj
                0x08007bf0                osMessageQueueNew
 .text.osMessageQueuePut
                0x08007cdc       0xb4 cmake/stm32cubemx/CMakeFiles/RTOS2.dir/__/__/Middlewares/Third_Party/FreeRTOS/Source/CMSIS_RTOS_V2/cmsis_os2.c.obj
                0x08007cdc                osMessageQueuePut
 .text.osMessageQueueGet
                0x08007d90       0xb0 cmake/stm32cubemx/CMakeFiles/RTOS2.dir/__/__/Middlewares/Third_Party/FreeRTOS/Source/CMSIS_RTOS_V2/cmsis_os2.c.obj
                0x08007d90                osMessageQueueGet
 .text.vPortSetupTimerInterrupt
                0x08007e40       0x44 cmake/stm32cubemx/CMakeFiles/RTOS2.dir/__/__/Middlewares/Third_Party/FreeRTOS/Source/portable/GCC/ARM_CM0/port.c.obj
                0x08007e40                vPortSetupTimerInterrupt
 .text.prvTaskExitError
                0x08007e84       0x30 cmake/stm32cubemx/CMakeFiles/RTOS2.dir/__/__/Middlewares/Third_Party/FreeRTOS/Source/portable/GCC/ARM_CM0/port.c.obj
 .text.vPortYield
                0x08007eb4       0x20 cmake/stm32cubemx/CMakeFiles/RTOS2.dir/__/__/Middlewares/Third_Party/FreeRTOS/Source/portable/GCC/ARM_CM0/port.c.obj
                0x08007eb4                vPortYield
 .text.vPortEnterCritical
                0x08007ed4       0x24 cmake/stm32cubemx/CMakeFiles/RTOS2.dir/__/__/Middlewares/Third_Party/FreeRTOS/Source/portable/GCC/ARM_CM0/port.c.obj
                0x08007ed4                vPortEnterCritical
 .text.vPortExitCritical
                0x08007ef8       0x30 cmake/stm32cubemx/CMakeFiles/RTOS2.dir/__/__/Middlewares/Third_Party/FreeRTOS/Source/portable/GCC/ARM_CM0/port.c.obj
                0x08007ef8                vPortExitCritical
 .text.SysTick_Handler
                0x08007f28       0x34 cmake/stm32cubemx/CMakeFiles/RTOS2.dir/__/__/Middlewares/Third_Party/FreeRTOS/Source/portable/GCC/ARM_CM0/port.c.obj
                0x08007f28                SysTick_Handler
 .text.vPortSVCHandler_C
                0x08007f5c       0x38 cmake/stm32cubemx/CMakeFiles/RTOS2.dir/__/__/Middlewares/Third_Party/FreeRTOS/Source/portable/GCC/ARM_CM0/port.c.obj
                0x08007f5c                vPortSVCHandler_C
 .text.pxPortInitialiseStack
                0x08007f94      0x11c cmake/stm32cubemx/CMakeFiles/RTOS2.dir/__/__/Middlewares/Third_Party/FreeRTOS/Source/portable/GCC/ARM_CM0/port.c.obj
                0x08007f94                pxPortInitialiseStack
 .text.xPortStartScheduler
                0x080080b0       0x8c cmake/stm32cubemx/CMakeFiles/RTOS2.dir/__/__/Middlewares/Third_Party/FreeRTOS/Source/portable/GCC/ARM_CM0/port.c.obj
                0x080080b0                xPortStartScheduler
 *fill*         0x0800813c        0x4 
 .text.vRestoreContextOfFirstTask
                0x08008140       0x28 cmake/stm32cubemx/CMakeFiles/RTOS2.dir/__/__/Middlewares/Third_Party/FreeRTOS/Source/portable/GCC/ARM_CM0/portasm.c.obj
                0x08008140                vRestoreContextOfFirstTask
 *fill*         0x08008168        0x8 
 .text.vStartFirstTask
                0x08008170       0x14 cmake/stm32cubemx/CMakeFiles/RTOS2.dir/__/__/Middlewares/Third_Party/FreeRTOS/Source/portable/GCC/ARM_CM0/portasm.c.obj
                0x08008170                vStartFirstTask
 .text.ulSetInterruptMask
                0x08008184        0xc cmake/stm32cubemx/CMakeFiles/RTOS2.dir/__/__/Middlewares/Third_Party/FreeRTOS/Source/portable/GCC/ARM_CM0/portasm.c.obj
                0x08008184                ulSetInterruptMask
 .text.vClearInterruptMask
                0x08008190        0x8 cmake/stm32cubemx/CMakeFiles/RTOS2.dir/__/__/Middlewares/Third_Party/FreeRTOS/Source/portable/GCC/ARM_CM0/portasm.c.obj
                0x08008190                vClearInterruptMask
 *fill*         0x08008198        0x8 
 .text.PendSV_Handler
                0x080081a0       0x48 cmake/stm32cubemx/CMakeFiles/RTOS2.dir/__/__/Middlewares/Third_Party/FreeRTOS/Source/portable/GCC/ARM_CM0/portasm.c.obj
                0x080081a0                PendSV_Handler
 *fill*         0x080081e8        0x8 
 .text.SVC_Handler
                0x080081f0       0x28 cmake/stm32cubemx/CMakeFiles/RTOS2.dir/__/__/Middlewares/Third_Party/FreeRTOS/Source/portable/GCC/ARM_CM0/portasm.c.obj
                0x080081f0                SVC_Handler
 .text.main     0x08008218       0x88 CMakeFiles/rtosalarm.dir/Core/Src/main.c.obj
                0x08008218                main
 .text.SystemClock_Config
                0x080082a0       0x90 CMakeFiles/rtosalarm.dir/Core/Src/main.c.obj
                0x080082a0                SystemClock_Config
 .text.MX_RTC_Init
                0x08008330       0xd8 CMakeFiles/rtosalarm.dir/Core/Src/main.c.obj
 .text.MX_USART2_UART_Init
                0x08008408       0x9c CMakeFiles/rtosalarm.dir/Core/Src/main.c.obj
 .text.MX_USART3_UART_Init
                0x080084a4       0x9c CMakeFiles/rtosalarm.dir/Core/Src/main.c.obj
 .text.MX_DMA_Init
                0x08008540       0x3c CMakeFiles/rtosalarm.dir/Core/Src/main.c.obj
 .text.MX_GPIO_Init
                0x0800857c      0x19c CMakeFiles/rtosalarm.dir/Core/Src/main.c.obj
 .text.HAL_TIM_PeriodElapsedCallback
                0x08008718       0x20 CMakeFiles/rtosalarm.dir/Core/Src/main.c.obj
                0x08008718                HAL_TIM_PeriodElapsedCallback
 .text.BSP_PB_Callback
                0x08008738       0x28 CMakeFiles/rtosalarm.dir/Core/Src/main.c.obj
                0x08008738                BSP_PB_Callback
 .text.Error_Handler
                0x08008760        0xc CMakeFiles/rtosalarm.dir/Core/Src/main.c.obj
                0x08008760                Error_Handler
 .text.MX_FREERTOS_Init
                0x0800876c       0x28 CMakeFiles/rtosalarm.dir/Core/Src/app_freertos.c.obj
                0x0800876c                MX_FREERTOS_Init
 .text.StartDefaultTask
                0x08008794       0x10 CMakeFiles/rtosalarm.dir/Core/Src/app_freertos.c.obj
                0x08008794                StartDefaultTask
 .text.NMI_Handler
                0x080087a4        0x8 CMakeFiles/rtosalarm.dir/Core/Src/stm32u0xx_it.c.obj
                0x080087a4                NMI_Handler
 .text.HardFault_Handler
                0x080087ac        0x8 CMakeFiles/rtosalarm.dir/Core/Src/stm32u0xx_it.c.obj
                0x080087ac                HardFault_Handler
 .text.EXTI4_15_IRQHandler
                0x080087b4       0x3a CMakeFiles/rtosalarm.dir/Core/Src/stm32u0xx_it.c.obj
                0x080087b4                EXTI4_15_IRQHandler
 *fill*         0x080087ee        0x2 
 .text.DMA1_Channel1_IRQHandler
                0x080087f0       0x18 CMakeFiles/rtosalarm.dir/Core/Src/stm32u0xx_it.c.obj
                0x080087f0                DMA1_Channel1_IRQHandler
 .text.TIM2_IRQHandler
                0x08008808       0x18 CMakeFiles/rtosalarm.dir/Core/Src/stm32u0xx_it.c.obj
                0x08008808                TIM2_IRQHandler
 .text.HAL_MspInit
                0x08008820       0x54 CMakeFiles/rtosalarm.dir/Core/Src/stm32u0xx_hal_msp.c.obj
                0x08008820                HAL_MspInit
 .text.HAL_RTC_MspInit
                0x08008874       0x80 CMakeFiles/rtosalarm.dir/Core/Src/stm32u0xx_hal_msp.c.obj
                0x08008874                HAL_RTC_MspInit
 .text.HAL_UART_MspInit
                0x080088f4      0x1f4 CMakeFiles/rtosalarm.dir/Core/Src/stm32u0xx_hal_msp.c.obj
                0x080088f4                HAL_UART_MspInit
 .text.HAL_InitTick
                0x08008ae8       0xb4 CMakeFiles/rtosalarm.dir/Core/Src/stm32u0xx_hal_timebase_tim.c.obj
                0x08008ae8                HAL_InitTick
 .text._sbrk    0x08008b9c       0x6c CMakeFiles/rtosalarm.dir/Core/Src/sysmem.c.obj
                0x08008b9c                _sbrk
 .text.Reset_Handler
                0x08008c08       0x50 CMakeFiles/rtosalarm.dir/startup_stm32u083xx.s.obj
                0x08008c08                Reset_Handler
 .text.Default_Handler
                0x08008c58        0x2 CMakeFiles/rtosalarm.dir/startup_stm32u083xx.s.obj
                0x08008c58                WWDG_IWDG_IRQHandler
                0x08008c58                DMA1_Ch4_7_DMA2_Ch1_5_DMAMUX_OVR_IRQHandler
                0x08008c58                TIM1_CC_IRQHandler
                0x08008c58                TSC_IRQHandler
                0x08008c58                USB_DRD_FS_IRQHandler
                0x08008c58                I2C1_IRQHandler
                0x08008c58                TIM7_LPTIM2_IRQHandler
                0x08008c58                RCC_CRS_IRQHandler
                0x08008c58                RTC_TAMP_IRQHandler
                0x08008c58                I2C2_3_4_IRQHandler
                0x08008c58                SPI1_IRQHandler
                0x08008c58                EXTI2_3_IRQHandler
                0x08008c58                USART2_LPUART2_IRQHandler
                0x08008c58                LCD_IRQHandler
                0x08008c58                TIM16_IRQHandler
                0x08008c58                TIM3_IRQHandler
                0x08008c58                Default_Handler
                0x08008c58                TIM15_LPTIM3_IRQHandler
                0x08008c58                EXTI0_1_IRQHandler
                0x08008c58                SPI2_3_IRQHandler
                0x08008c58                ADC_COMP1_2_IRQHandler
                0x08008c58                PVD_PVM_IRQHandler
                0x08008c58                TIM6_DAC_LPTIM1_IRQHandler
                0x08008c58                DMA1_Channel2_3_IRQHandler
                0x08008c58                USART4_LPUART3_IRQHandler
                0x08008c58                FLASH_ECC_IRQHandler
                0x08008c58                USART3_LPUART1_IRQHandler
                0x08008c58                USART1_IRQHandler
                0x08008c58                TIM1_BRK_UP_TRG_COM_IRQHandler
                0x08008c58                RNG_CRYP_IRQHandler
 *fill*         0x08008c5a        0x2 
 .text.app_init_tasks
                0x08008c5c       0x8c CMakeFiles/rtosalarm.dir/Core/Src/app.c.obj
 .text.app_init_hw
                0x08008ce8        0xe CMakeFiles/rtosalarm.dir/Core/Src/app.c.obj
 *fill*         0x08008cf6        0x2 
 .text.app_entry
                0x08008cf8       0xe8 CMakeFiles/rtosalarm.dir/Core/Src/app.c.obj
                0x08008cf8                app_entry
 .text.app_init_interfaces
                0x08008de0       0x24 CMakeFiles/rtosalarm.dir/Core/Src/app.c.obj
                0x08008de0                app_init_interfaces
 .text.rtc_alarm
                0x08008e04       0x1c CMakeFiles/rtosalarm.dir/Core/Src/clock.c.obj
 .text.rtc_write_time
                0x08008e20       0xe0 CMakeFiles/rtosalarm.dir/Core/Src/clock.c.obj
 .text.rtc_set_hours
                0x08008f00       0x6c CMakeFiles/rtosalarm.dir/Core/Src/clock.c.obj
                0x08008f00                rtc_set_hours
 .text.rtc_set_minutes
                0x08008f6c       0x6c CMakeFiles/rtosalarm.dir/Core/Src/clock.c.obj
                0x08008f6c                rtc_set_minutes
 .text.rtc_alarm_toggle
                0x08008fd8       0x28 CMakeFiles/rtosalarm.dir/Core/Src/clock.c.obj
                0x08008fd8                rtc_alarm_toggle
 .text.rtc_task
                0x08009000      0x150 CMakeFiles/rtosalarm.dir/Core/Src/clock.c.obj
                0x08009000                rtc_task
 .text.rtc_alarm_display_init
                0x08009150       0x4c CMakeFiles/rtosalarm.dir/Core/Src/clock.c.obj
 .text.rtc_init
                0x0800919c       0x48 CMakeFiles/rtosalarm.dir/Core/Src/clock.c.obj
                0x0800919c                rtc_init
 .text.log_at_alt
                0x080091e4       0x48 CMakeFiles/rtosalarm.dir/Core/Src/log.c.obj
                0x080091e4                log_at_alt
 .text.log_at_task
                0x0800922c       0x44 CMakeFiles/rtosalarm.dir/Core/Src/log.c.obj
                0x0800922c                log_at_task
 .text.log_at_init
                0x08009270       0x30 CMakeFiles/rtosalarm.dir/Core/Src/log.c.obj
                0x08009270                log_at_init
 .text.HAL_GPIO_EXTI_Falling_Callback
                0x080092a0       0xa4 CMakeFiles/rtosalarm.dir/Core/Src/user_input.c.obj
                0x080092a0                HAL_GPIO_EXTI_Falling_Callback
 .text.lcd_write
                0x08009344      0x14c CMakeFiles/rtosalarm.dir/Core/Src/lcd_st7066u.c.obj
                0x08009344                lcd_write
 .text.lcd_clear_display
                0x08009490       0x28 CMakeFiles/rtosalarm.dir/Core/Src/lcd_st7066u.c.obj
                0x08009490                lcd_clear_display
 .text.lcd_entry_mode_set
                0x080094b8       0x58 CMakeFiles/rtosalarm.dir/Core/Src/lcd_st7066u.c.obj
                0x080094b8                lcd_entry_mode_set
 .text.lcd_display_on_off
                0x08009510       0x74 CMakeFiles/rtosalarm.dir/Core/Src/lcd_st7066u.c.obj
                0x08009510                lcd_display_on_off
 .text.lcd_func_set
                0x08009584       0x78 CMakeFiles/rtosalarm.dir/Core/Src/lcd_st7066u.c.obj
                0x08009584                lcd_func_set
 .text.lcd_write_char
                0x080095fc       0x2c CMakeFiles/rtosalarm.dir/Core/Src/lcd_st7066u.c.obj
                0x080095fc                lcd_write_char
 .text.lcd_set_cursor
                0x08009628       0xd2 CMakeFiles/rtosalarm.dir/Core/Src/lcd_st7066u.c.obj
                0x08009628                lcd_set_cursor
 .text.lcd_write_string
                0x080096fa       0x40 CMakeFiles/rtosalarm.dir/Core/Src/lcd_st7066u.c.obj
                0x080096fa                lcd_write_string
 .text.lcd_write_msg
                0x0800973a       0x34 CMakeFiles/rtosalarm.dir/Core/Src/lcd_st7066u.c.obj
                0x0800973a                lcd_write_msg
 *fill*         0x0800976e        0x2 
 .text.lcd_init
                0x08009770       0x94 CMakeFiles/rtosalarm.dir/Core/Src/lcd_st7066u.c.obj
                0x08009770                lcd_init
 .text._vsnprintf_r
                0x08009804       0x58 /opt/st/stm32cubeide_2.1.1/plugins/com.st.stm32cube.ide.mcu.externaltools.gnu-tools-for-stm32.14.3.rel1.linux64_1.0.100.202602081740/tools/bin/../lib/gcc/arm-none-eabi/14.3.1/../../../../arm-none-eabi/lib/thumb/v6-m/nofp/libg_nano.a(libc_a-vsnprintf.o)
                0x08009804                _vsnprintf_r
                0x08009804                _vsniprintf_r
 .text.vsnprintf
                0x0800985c       0x18 /opt/st/stm32cubeide_2.1.1/plugins/com.st.stm32cube.ide.mcu.externaltools.gnu-tools-for-stm32.14.3.rel1.linux64_1.0.100.202602081740/tools/bin/../lib/gcc/arm-none-eabi/14.3.1/../../../../arm-none-eabi/lib/thumb/v6-m/nofp/libg_nano.a(libc_a-vsnprintf.o)
                0x0800985c                vsnprintf
                0x0800985c                vsniprintf
 .text.memset   0x08009874       0x10 /opt/st/stm32cubeide_2.1.1/plugins/com.st.stm32cube.ide.mcu.externaltools.gnu-tools-for-stm32.14.3.rel1.linux64_1.0.100.202602081740/tools/bin/../lib/gcc/arm-none-eabi/14.3.1/../../../../arm-none-eabi/lib/thumb/v6-m/nofp/libg_nano.a(libc_a-memset.o)
                0x08009874                memset
 .text.__errno  0x08009884        0xc /opt/st/stm32cubeide_2.1.1/plugins/com.st.stm32cube.ide.mcu.externaltools.gnu-tools-for-stm32.14.3.rel1.linux64_1.0.100.202602081740/tools/bin/../lib/gcc/arm-none-eabi/14.3.1/../../../../arm-none-eabi/lib/thumb/v6-m/nofp/libg_nano.a(libc_a-errno.o)
                0x08009884                __errno
 .text.__libc_init_array
                0x08009890       0x48 /opt/st/stm32cubeide_2.1.1/plugins/com.st.stm32cube.ide.mcu.externaltools.gnu-tools-for-stm32.14.3.rel1.linux64_1.0.100.202602081740/tools/bin/../lib/gcc/arm-none-eabi/14.3.1/../../../../arm-none-eabi/lib/thumb/v6-m/nofp/libg_nano.a(libc_a-init.o)
                0x08009890                __libc_init_array
 .text.__retarget_lock_acquire_recursive
                0x080098d8        0x2 /opt/st/stm32cubeide_2.1.1/plugins/com.st.stm32cube.ide.mcu.externaltools.gnu-tools-for-stm32.14.3.rel1.linux64_1.0.100.202602081740/tools/bin/../lib/gcc/arm-none-eabi/14.3.1/../../../../arm-none-eabi/lib/thumb/v6-m/nofp/libg_nano.a(libc_a-lock.o)
                0x080098d8                __retarget_lock_acquire_recursive
 .text.__retarget_lock_release_recursive
                0x080098da        0x2 /opt/st/stm32cubeide_2.1.1/plugins/com.st.stm32cube.ide.mcu.externaltools.gnu-tools-for-stm32.14.3.rel1.linux64_1.0.100.202602081740/tools/bin/../lib/gcc/arm-none-eabi/14.3.1/../../../../arm-none-eabi/lib/thumb/v6-m/nofp/libg_nano.a(libc_a-lock.o)
                0x080098da                __retarget_lock_release_recursive
 .text.memcpy   0x080098dc       0x12 /opt/st/stm32cubeide_2.1.1/plugins/com.st.stm32cube.ide.mcu.externaltools.gnu-tools-for-stm32.14.3.rel1.linux64_1.0.100.202602081740/tools/bin/../lib/gcc/arm-none-eabi/14.3.1/../../../../arm-none-eabi/lib/thumb/v6-m/nofp/libg_nano.a(libc_a-memcpy-stub.o)
                0x080098dc                memcpy
 *fill*         0x080098ee        0x2 
 .text._free_r  0x080098f0       0x94 /opt/st/stm32cubeide_2.1.1/plugins/com.st.stm32cube.ide.mcu.externaltools.gnu-tools-for-stm32.14.3.rel1.linux64_1.0.100.202602081740/tools/bin/../lib/gcc/arm-none-eabi/14.3.1/../../../../arm-none-eabi/lib/thumb/v6-m/nofp/libg_nano.a(libc_a-freer.o)
                0x080098f0                _free_r
 .text.sbrk_aligned
                0x08009984       0x44 /opt/st/stm32cubeide_2.1.1/plugins/com.st.stm32cube.ide.mcu.externaltools.gnu-tools-for-stm32.14.3.rel1.linux64_1.0.100.202602081740/tools/bin/../lib/gcc/arm-none-eabi/14.3.1/../../../../arm-none-eabi/lib/thumb/v6-m/nofp/libg_nano.a(libc_a-mallocr.o)
 .text._malloc_r
                0x080099c8      0x100 /opt/st/stm32cubeide_2.1.1/plugins/com.st.stm32cube.ide.mcu.externaltools.gnu-tools-for-stm32.14.3.rel1.linux64_1.0.100.202602081740/tools/bin/../lib/gcc/arm-none-eabi/14.3.1/../../../../arm-none-eabi/lib/thumb/v6-m/nofp/libg_nano.a(libc_a-mallocr.o)
                0x080099c8                _malloc_r
 .text.__malloc_lock
                0x08009ac8       0x10 /opt/st/stm32cubeide_2.1.1/plugins/com.st.stm32cube.ide.mcu.externaltools.gnu-tools-for-stm32.14.3.rel1.linux64_1.0.100.202602081740/tools/bin/../lib/gcc/arm-none-eabi/14.3.1/../../../../arm-none-eabi/lib/thumb/v6-m/nofp/libg_nano.a(libc_a-mlock.o)
                0x08009ac8                __malloc_lock
 .text.__malloc_unlock
                0x08009ad8       0x10 /opt/st/stm32cubeide_2.1.1/plugins/com.st.stm32cube.ide.mcu.externaltools.gnu-tools-for-stm32.14.3.rel1.linux64_1.0.100.202602081740/tools/bin/../lib/gcc/arm-none-eabi/14.3.1/../../../../arm-none-eabi/lib/thumb/v6-m/nofp/libg_nano.a(libc_a-mlock.o)
                0x08009ad8                __malloc_unlock
 .text.__ssputs_r
                0x08009ae8       0xc8 /opt/st/stm32cubeide_2.1.1/plugins/com.st.stm32cube.ide.mcu.externaltools.gnu-tools-for-stm32.14.3.rel1.linux64_1.0.100.202602081740/tools/bin/../lib/gcc/arm-none-eabi/14.3.1/../../../../arm-none-eabi/lib/thumb/v6-m/nofp/libg_nano.a(libc_a-nano-svfprintf.o)
                0x08009ae8                __ssputs_r
 .text._svfprintf_r
                0x08009bb0      0x1f4 /opt/st/stm32cubeide_2.1.1/plugins/com.st.stm32cube.ide.mcu.externaltools.gnu-tools-for-stm32.14.3.rel1.linux64_1.0.100.202602081740/tools/bin/../lib/gcc/arm-none-eabi/14.3.1/../../../../arm-none-eabi/lib/thumb/v6-m/nofp/libg_nano.a(libc_a-nano-svfprintf.o)
                0x08009bb0                _svfprintf_r
                0x08009bb0                _svfiprintf_r
 .text._printf_common
                0x08009da4       0xde /opt/st/stm32cubeide_2.1.1/plugins/com.st.stm32cube.ide.mcu.externaltools.gnu-tools-for-stm32.14.3.rel1.linux64_1.0.100.202602081740/tools/bin/../lib/gcc/arm-none-eabi/14.3.1/../../../../arm-none-eabi/lib/thumb/v6-m/nofp/libg_nano.a(libc_a-nano-vfprintf_i.o)
                0x08009da4                _printf_common
 *fill*         0x08009e82        0x2 
 .text._printf_i
                0x08009e84      0x218 /opt/st/stm32cubeide_2.1.1/plugins/com.st.stm32cube.ide.mcu.externaltools.gnu-tools-for-stm32.14.3.rel1.linux64_1.0.100.202602081740/tools/bin/../lib/gcc/arm-none-eabi/14.3.1/../../../../arm-none-eabi/lib/thumb/v6-m/nofp/libg_nano.a(libc_a-nano-vfprintf_i.o)
                0x08009e84                _printf_i
 .text.memmove  0x0800a09c       0x24 /opt/st/stm32cubeide_2.1.1/plugins/com.st.stm32cube.ide.mcu.externaltools.gnu-tools-for-stm32.14.3.rel1.linux64_1.0.100.202602081740/tools/bin/../lib/gcc/arm-none-eabi/14.3.1/../../../../arm-none-eabi/lib/thumb/v6-m/nofp/libg_nano.a(libc_a-memmove.o)
                0x0800a09c                memmove
 .text._sbrk_r  0x0800a0c0       0x24 /opt/st/stm32cubeide_2.1.1/plugins/com.st.stm32cube.ide.mcu.externaltools.gnu-tools-for-stm32.14.3.rel1.linux64_1.0.100.202602081740/tools/bin/../lib/gcc/arm-none-eabi/14.3.1/../../../../arm-none-eabi/lib/thumb/v6-m/nofp/libg_nano.a(libc_a-sbrkr.o)
                0x0800a0c0                _sbrk_r
 .text.memchr   0x0800a0e4       0x16 /opt/st/stm32cubeide_2.1.1/plugins/com.st.stm32cube.ide.mcu.externaltools.gnu-tools-for-stm32.14.3.rel1.linux64_1.0.100.202602081740/tools/bin/../lib/gcc/arm-none-eabi/14.3.1/../../../../arm-none-eabi/lib/thumb/v6-m/nofp/libg_nano.a(libc_a-memchr-stub.o)
                0x0800a0e4                memchr
 .text._realloc_r
                0x0800a0fa       0x60 /opt/st/stm32cubeide_2.1.1/plugins/com.st.stm32cube.ide.mcu.externaltools.gnu-tools-for-stm32.14.3.rel1.linux64_1.0.100.202602081740/tools/bin/../lib/gcc/arm-none-eabi/14.3.1/../../../../arm-none-eabi/lib/thumb/v6-m/nofp/libg_nano.a(libc_a-reallocr.o)
                0x0800a0fa                _realloc_r
 .text._malloc_usable_size_r
                0x0800a15a       0x10 /opt/st/stm32cubeide_2.1.1/plugins/com.st.stm32cube.ide.mcu.externaltools.gnu-tools-for-stm32.14.3.rel1.linux64_1.0.100.202602081740/tools/bin/../lib/gcc/arm-none-eabi/14.3.1/../../../../arm-none-eabi/lib/thumb/v6-m/nofp/libg_nano.a(libc_a-msizer.o)
                0x0800a15a                _malloc_usable_size_r
 *(.glue_7)
 .glue_7        0x0800a16a        0x0 linker stubs
 *(.glue_7t)
 .glue_7t       0x0800a16a        0x0 linker stubs
 *(.eh_frame)
 *fill*         0x0800a16a        0x2 
 .eh_frame      0x0800a16c        0x0 /opt/st/stm32cubeide_2.1.1/plugins/com.st.stm32cube.ide.mcu.externaltools.gnu-tools-for-stm32.14.3.rel1.linux64_1.0.100.202602081740/tools/bin/../lib/gcc/arm-none-eabi/14.3.1/thumb/v6-m/nofp/crtbegin.o
 *(.init)
 .init          0x0800a16c        0x4 /opt/st/stm32cubeide_2.1.1/plugins/com.st.stm32cube.ide.mcu.externaltools.gnu-tools-for-stm32.14.3.rel1.linux64_1.0.100.202602081740/tools/bin/../lib/gcc/arm-none-eabi/14.3.1/thumb/v6-m/nofp/crti.o
                0x0800a16c                _init
 .init          0x0800a170        0x8 /opt/st/stm32cubeide_2.1.1/plugins/com.st.stm32cube.ide.mcu.externaltools.gnu-tools-for-stm32.14.3.rel1.linux64_1.0.100.202602081740/tools/bin/../lib/gcc/arm-none-eabi/14.3.1/thumb/v6-m/nofp/crtn.o
 *(.fini)
 .fini          0x0800a178        0x4 /opt/st/stm32cubeide_2.1.1/plugins/com.st.stm32cube.ide.mcu.externaltools.gnu-tools-for-stm32.14.3.rel1.linux64_1.0.100.202602081740/tools/bin/../lib/gcc/arm-none-eabi/14.3.1/thumb/v6-m/nofp/crti.o
                0x0800a178                _fini
 .fini          0x0800a17c        0x8 /opt/st/stm32cubeide_2.1.1/plugins/com.st.stm32cube.ide.mcu.externaltools.gnu-tools-for-stm32.14.3.rel1.linux64_1.0.100.202602081740/tools/bin/../lib/gcc/arm-none-eabi/14.3.1/thumb/v6-m/nofp/crtn.o
                0x0800a184                        . = ALIGN (0x4)
                0x0800a184                        _etext = .

.vfp11_veneer   0x0800a184        0x0
 .vfp11_veneer  0x0800a184        0x0 linker stubs

.v4_bx          0x0800a184        0x0
 .v4_bx         0x0800a184        0x0 linker stubs

.iplt           0x0800a184        0x0
 .iplt          0x0800a184        0x0 /opt/st/stm32cubeide_2.1.1/plugins/com.st.stm32cube.ide.mcu.externaltools.gnu-tools-for-stm32.14.3.rel1.linux64_1.0.100.202602081740/tools/bin/../lib/gcc/arm-none-eabi/14.3.1/thumb/v6-m/nofp/crtbegin.o

.rodata         0x0800a184      0x21c
                0x0800a184                        . = ALIGN (0x4)
 *(.rodata)
 .rodata        0x0800a184        0x5 cmake/stm32cubemx/CMakeFiles/RTOS2.dir/__/__/Middlewares/Third_Party/FreeRTOS/Source/tasks.c.obj
 *fill*         0x0800a189        0x3 
 .rodata        0x0800a18c        0xd cmake/stm32cubemx/CMakeFiles/RTOS2.dir/__/__/Middlewares/Third_Party/FreeRTOS/Source/timers.c.obj
 *fill*         0x0800a199        0x3 
 .rodata        0x0800a19c        0xc CMakeFiles/rtosalarm.dir/Core/Src/app_freertos.c.obj
 .rodata        0x0800a1a8        0xc CMakeFiles/rtosalarm.dir/Core/Src/app.c.obj
 .rodata        0x0800a1b4       0x3a CMakeFiles/rtosalarm.dir/Core/Src/clock.c.obj
 *fill*         0x0800a1ee        0x2 
 .rodata        0x0800a1f0        0x6 CMakeFiles/rtosalarm.dir/Core/Src/user_input.c.obj
 *fill*         0x0800a1f6        0x2 
 .rodata        0x0800a1f8       0x29 CMakeFiles/rtosalarm.dir/Core/Src/lcd_st7066u.c.obj
 *(.rodata*)
 *fill*         0x0800a221        0x3 
 .rodata.AHBPrescTable
                0x0800a224       0x10 cmake/stm32cubemx/CMakeFiles/STM32_Drivers.dir/__/__/Core/Src/system_stm32u0xx.c.obj
                0x0800a224                AHBPrescTable
 .rodata.APBPrescTable
                0x0800a234        0x8 cmake/stm32cubemx/CMakeFiles/STM32_Drivers.dir/__/__/Core/Src/system_stm32u0xx.c.obj
                0x0800a234                APBPrescTable
 .rodata.MSIRangeTable
                0x0800a23c       0x30 cmake/stm32cubemx/CMakeFiles/STM32_Drivers.dir/__/__/Core/Src/system_stm32u0xx.c.obj
                0x0800a23c                MSIRangeTable
 .rodata.HAL_RCCEx_GetPeriphCLKFreq
                0x0800a26c       0x84 cmake/stm32cubemx/CMakeFiles/STM32_Drivers.dir/__/__/Drivers/STM32U0xx_HAL_Driver/Src/stm32u0xx_hal_rcc_ex.c.obj
 .rodata.UARTPrescTable
                0x0800a2f0       0x18 cmake/stm32cubemx/CMakeFiles/STM32_Drivers.dir/__/__/Drivers/STM32U0xx_HAL_Driver/Src/stm32u0xx_hal_uart.c.obj
                0x0800a2f0                UARTPrescTable
 .rodata.numerator.1
                0x0800a308        0x8 cmake/stm32cubemx/CMakeFiles/STM32_Drivers.dir/__/__/Drivers/STM32U0xx_HAL_Driver/Src/stm32u0xx_hal_uart_ex.c.obj
 .rodata.denominator.0
                0x0800a310        0x8 cmake/stm32cubemx/CMakeFiles/STM32_Drivers.dir/__/__/Drivers/STM32U0xx_HAL_Driver/Src/stm32u0xx_hal_uart_ex.c.obj
 .rodata.BUTTON_EXTI_LINE.2
                0x0800a318        0x4 cmake/stm32cubemx/CMakeFiles/STM32_Drivers.dir/__/__/Drivers/BSP/STM32U0xx_Nucleo/stm32u0xx_nucleo.c.obj
 .rodata.uxTopUsedPriority
                0x0800a31c        0x4 cmake/stm32cubemx/CMakeFiles/RTOS2.dir/__/__/Middlewares/Third_Party/FreeRTOS/Source/tasks.c.obj
 .rodata.prvProcessReceivedCommands
                0x0800a320       0x28 cmake/stm32cubemx/CMakeFiles/RTOS2.dir/__/__/Middlewares/Third_Party/FreeRTOS/Source/timers.c.obj
 .rodata.defaultTask_attributes
                0x0800a348       0x24 CMakeFiles/rtosalarm.dir/Core/Src/app_freertos.c.obj
                0x0800a348                defaultTask_attributes
 .rodata._svfprintf_r.str1.1
                0x0800a36c       0x33 /opt/st/stm32cubeide_2.1.1/plugins/com.st.stm32cube.ide.mcu.externaltools.gnu-tools-for-stm32.14.3.rel1.linux64_1.0.100.202602081740/tools/bin/../lib/gcc/arm-none-eabi/14.3.1/../../../../arm-none-eabi/lib/thumb/v6-m/nofp/libg_nano.a(libc_a-nano-svfprintf.o)
                                 0x11 (size before relaxing)
 .rodata._printf_i.str1.1
                0x0800a39f       0x22 /opt/st/stm32cubeide_2.1.1/plugins/com.st.stm32cube.ide.mcu.externaltools.gnu-tools-for-stm32.14.3.rel1.linux64_1.0.100.202602081740/tools/bin/../lib/gcc/arm-none-eabi/14.3.1/../../../../arm-none-eabi/lib/thumb/v6-m/nofp/libg_nano.a(libc_a-nano-vfprintf_i.o)
                0x0800a3c4                        . = ALIGN (0x4)
 *fill*         0x0800a39f        0x1 

.ARM.extab      0x0800a3a0        0x0
                0x0800a3a0                        . = ALIGN (0x4)
 *(.ARM.extab* .gnu.linkonce.armextab.*)
                0x0800a3a0                        . = ALIGN (0x4)

.ARM            0x0800a3a0        0x8
                0x0800a3a0                        . = ALIGN (0x4)
                0x0800a3a0                        __exidx_start = .
 *(.ARM.exidx*)
 .ARM.exidx     0x0800a3a0        0x8 /opt/st/stm32cubeide_2.1.1/plugins/com.st.stm32cube.ide.mcu.externaltools.gnu-tools-for-stm32.14.3.rel1.linux64_1.0.100.202602081740/tools/bin/../lib/gcc/arm-none-eabi/14.3.1/thumb/v6-m/nofp/libgcc.a(_udivmoddi4.o)
                0x0800a3a8                        __exidx_end = .
                0x0800a3a8                        . = ALIGN (0x4)

.preinit_array  0x0800a3a8        0x0
                0x0800a3a8                        . = ALIGN (0x4)
                0x0800a3a8                        PROVIDE (__preinit_array_start = .)
 *(.preinit_array*)
                0x0800a3a8                        PROVIDE (__preinit_array_end = .)
                0x0800a3a8                        . = ALIGN (0x4)

.init_array     0x0800a3a8        0x4
                0x0800a3a8                        . = ALIGN (0x4)
                0x0800a3a8                        PROVIDE (__init_array_start = .)
 *(SORT_BY_NAME(.init_array.*))
 *(.init_array*)
 .init_array    0x0800a3a8        0x4 /opt/st/stm32cubeide_2.1.1/plugins/com.st.stm32cube.ide.mcu.externaltools.gnu-tools-for-stm32.14.3.rel1.linux64_1.0.100.202602081740/tools/bin/../lib/gcc/arm-none-eabi/14.3.1/thumb/v6-m/nofp/crtbegin.o
                0x0800a3ac                        PROVIDE (__init_array_end = .)
                0x0800a3ac                        . = ALIGN (0x4)

.fini_array     0x0800a3ac        0x4
                0x0800a3ac                        . = ALIGN (0x4)
                [!provide]                        PROVIDE (__fini_array_start = .)
 *(SORT_BY_NAME(.fini_array.*))
 *(.fini_array*)
 .fini_array    0x0800a3ac        0x4 /opt/st/stm32cubeide_2.1.1/plugins/com.st.stm32cube.ide.mcu.externaltools.gnu-tools-for-stm32.14.3.rel1.linux64_1.0.100.202602081740/tools/bin/../lib/gcc/arm-none-eabi/14.3.1/thumb/v6-m/nofp/crtbegin.o
                [!provide]                        PROVIDE (__fini_array_end = .)
                0x0800a3b0                        . = ALIGN (0x4)
                0x0800a3b0                        _sidata = LOADADDR (.data)

.rel.dyn        0x0800a3b0        0x0
 .rel.iplt      0x0800a3b0        0x0 /opt/st/stm32cubeide_2.1.1/plugins/com.st.stm32cube.ide.mcu.externaltools.gnu-tools-for-stm32.14.3.rel1.linux64_1.0.100.202602081740/tools/bin/../lib/gcc/arm-none-eabi/14.3.1/thumb/v6-m/nofp/crtbegin.o

.data           0x20000000      0x138 load address 0x0800a3b0
                0x20000000                        . = ALIGN (0x4)
                0x20000000                        _sdata = .
 *(.data)
 *(.data*)
 .data.SystemCoreClock
                0x20000000        0x4 cmake/stm32cubemx/CMakeFiles/STM32_Drivers.dir/__/__/Core/Src/system_stm32u0xx.c.obj
                0x20000000                SystemCoreClock
 .data.uwTickPrio
                0x20000004        0x4 cmake/stm32cubemx/CMakeFiles/STM32_Drivers.dir/__/__/Drivers/STM32U0xx_HAL_Driver/Src/stm32u0xx_hal.c.obj
                0x20000004                uwTickPrio
 .data.uwTickFreq
                0x20000008        0x1 cmake/stm32cubemx/CMakeFiles/STM32_Drivers.dir/__/__/Drivers/STM32U0xx_HAL_Driver/Src/stm32u0xx_hal.c.obj
                0x20000008                uwTickFreq
 *fill*         0x20000009        0x3 
 .data.LED_PORT
                0x2000000c        0x4 cmake/stm32cubemx/CMakeFiles/STM32_Drivers.dir/__/__/Drivers/BSP/STM32U0xx_Nucleo/stm32u0xx_nucleo.c.obj
 .data.BUTTON_PORT
                0x20000010        0x4 cmake/stm32cubemx/CMakeFiles/STM32_Drivers.dir/__/__/Drivers/BSP/STM32U0xx_Nucleo/stm32u0xx_nucleo.c.obj
 .data.ButtonCallback.1
                0x20000014        0x4 cmake/stm32cubemx/CMakeFiles/STM32_Drivers.dir/__/__/Drivers/BSP/STM32U0xx_Nucleo/stm32u0xx_nucleo.c.obj
 .data.BSP_BUTTON_PRIO.0
                0x20000018        0x4 cmake/stm32cubemx/CMakeFiles/STM32_Drivers.dir/__/__/Drivers/BSP/STM32U0xx_Nucleo/stm32u0xx_nucleo.c.obj
 .data.ulCriticalNesting
                0x2000001c        0x4 cmake/stm32cubemx/CMakeFiles/RTOS2.dir/__/__/Middlewares/Third_Party/FreeRTOS/Source/portable/GCC/ARM_CM0/port.c.obj
 .data.task_list
                0x20000020       0x20 CMakeFiles/rtosalarm.dir/Core/Src/app.c.obj
                0x20000020                task_list
 .data.time_start
                0x20000040       0x14 CMakeFiles/rtosalarm.dir/Core/Src/clock.c.obj
 .data.alarm_time
                0x20000054       0x14 CMakeFiles/rtosalarm.dir/Core/Src/clock.c.obj
 .data.db       0x20000068       0x80 CMakeFiles/rtosalarm.dir/Core/Src/lcd_st7066u.c.obj
                0x20000068                db
 .data._impure_ptr
                0x200000e8        0x4 /opt/st/stm32cubeide_2.1.1/plugins/com.st.stm32cube.ide.mcu.externaltools.gnu-tools-for-stm32.14.3.rel1.linux64_1.0.100.202602081740/tools/bin/../lib/gcc/arm-none-eabi/14.3.1/../../../../arm-none-eabi/lib/thumb/v6-m/nofp/libg_nano.a(libc_a-impure.o)
                0x200000e8                _impure_ptr
 .data._impure_data
                0x200000ec       0x4c /opt/st/stm32cubeide_2.1.1/plugins/com.st.stm32cube.ide.mcu.externaltools.gnu-tools-for-stm32.14.3.rel1.linux64_1.0.100.202602081740/tools/bin/../lib/gcc/arm-none-eabi/14.3.1/../../../../arm-none-eabi/lib/thumb/v6-m/nofp/libg_nano.a(libc_a-impure.o)
                0x200000ec                _impure_data
 *(.RamFunc)
 *(.RamFunc*)
                0x20000138                        . = ALIGN (0x4)

.igot.plt       0x20000138        0x0 load address 0x0800a4e8
 .igot.plt      0x20000138        0x0 /opt/st/stm32cubeide_2.1.1/plugins/com.st.stm32cube.ide.mcu.externaltools.gnu-tools-for-stm32.14.3.rel1.linux64_1.0.100.202602081740/tools/bin/../lib/gcc/arm-none-eabi/14.3.1/thumb/v6-m/nofp/crtbegin.o

.tdata          0x20000138        0x0 load address 0x0800a4e8
 *(.tdata .tdata.* .gnu.linkonce.td.*)
                0x20000138                        . = ALIGN (0x4)
                0x20000138                        _edata = .
                [!provide]                        PROVIDE (__data_end = .)
                [!provide]                        PROVIDE (__tdata_end = .)
                [!provide]                        PROVIDE (__tdata_start = ADDR (.tdata))
                [!provide]                        PROVIDE (__tdata_size = (__tdata_end - __tdata_start))
                [!provide]                        PROVIDE (__data_start = ADDR (.data))
                [!provide]                        PROVIDE (__data_size = (__data_end - __data_start))
                [!provide]                        PROVIDE (__tdata_source = LOADADDR (.tdata))
                [!provide]                        PROVIDE (__tdata_source_end = (LOADADDR (.tdata) + SIZEOF (.tdata)))
                [!provide]                        PROVIDE (__tdata_source_size = (__tdata_source_end - __tdata_source))
                [!provide]                        PROVIDE (__data_source = LOADADDR (.data))
                [!provide]                        PROVIDE (__data_source_end = __tdata_source_end)
                [!provide]                        PROVIDE (__data_source_size = (__data_source_end - __data_source))

.tbss           0x20000138        0x0 load address 0x0800a4e8
                0x20000138                        _sbss = .
                0x20000138                        __bss_start__ = _sbss
 *(.tbss .tbss.*)
                0x20000138                        . = ALIGN (0x4)
                [!provide]                        PROVIDE (__tbss_end = .)
                [!provide]                        PROVIDE (__tbss_start = ADDR (.tbss))
                [!provide]                        PROVIDE (__tbss_size = (__tbss_end - __tbss_start))
                [!provide]                        PROVIDE (__tbss_offset = (ADDR (.tbss) - ADDR (.tdata)))
                [!provide]                        PROVIDE (__tls_base = __tdata_start)
                [!provide]                        PROVIDE (__tls_end = __tbss_end)
                [!provide]                        PROVIDE (__tls_size = (__tls_end - __tls_base))
                [!provide]                        PROVIDE (__tls_align = MAX (ALIGNOF (.tdata), ALIGNOF (.tbss)))
                [!provide]                        PROVIDE (__tls_size_align = (((__tls_size + __tls_align) - 0x1) & ~ ((__tls_align - 0x1))))
                [!provide]                        PROVIDE (__arm32_tls_tcb_offset = MAX (0x8, __tls_align))
                [!provide]                        PROVIDE (__arm64_tls_tcb_offset = MAX (0x10, __tls_align))

.bss            0x20000138     0x2f20 load address 0x0800a4e8
 *(.bss)
 .bss           0x20000138       0x1c /opt/st/stm32cubeide_2.1.1/plugins/com.st.stm32cube.ide.mcu.externaltools.gnu-tools-for-stm32.14.3.rel1.linux64_1.0.100.202602081740/tools/bin/../lib/gcc/arm-none-eabi/14.3.1/thumb/v6-m/nofp/crtbegin.o
 *(.bss*)
 .bss.uwTick    0x20000154        0x4 cmake/stm32cubemx/CMakeFiles/STM32_Drivers.dir/__/__/Drivers/STM32U0xx_HAL_Driver/Src/stm32u0xx_hal.c.obj
                0x20000154                uwTick
 .bss.hpb_exti  0x20000158        0xc cmake/stm32cubemx/CMakeFiles/STM32_Drivers.dir/__/__/Drivers/BSP/STM32U0xx_Nucleo/stm32u0xx_nucleo.c.obj
                0x20000158                hpb_exti
 .bss.ucHeap    0x20000164     0x2000 cmake/stm32cubemx/CMakeFiles/RTOS2.dir/__/__/Middlewares/Third_Party/FreeRTOS/Source/portable/MemMang/heap_1.c.obj
 .bss.xNextFreeByte
                0x20002164        0x4 cmake/stm32cubemx/CMakeFiles/RTOS2.dir/__/__/Middlewares/Third_Party/FreeRTOS/Source/portable/MemMang/heap_1.c.obj
 .bss.pucAlignedHeap.0
                0x20002168        0x4 cmake/stm32cubemx/CMakeFiles/RTOS2.dir/__/__/Middlewares/Third_Party/FreeRTOS/Source/portable/MemMang/heap_1.c.obj
 .bss.xQueueRegistry
                0x2000216c       0x40 cmake/stm32cubemx/CMakeFiles/RTOS2.dir/__/__/Middlewares/Third_Party/FreeRTOS/Source/queue.c.obj
                0x2000216c                xQueueRegistry
 .bss.pxCurrentTCB
                0x200021ac        0x4 cmake/stm32cubemx/CMakeFiles/RTOS2.dir/__/__/Middlewares/Third_Party/FreeRTOS/Source/tasks.c.obj
                0x200021ac                pxCurrentTCB
 .bss.pxReadyTasksLists
                0x200021b0      0x460 cmake/stm32cubemx/CMakeFiles/RTOS2.dir/__/__/Middlewares/Third_Party/FreeRTOS/Source/tasks.c.obj
 .bss.xDelayedTaskList1
                0x20002610       0x14 cmake/stm32cubemx/CMakeFiles/RTOS2.dir/__/__/Middlewares/Third_Party/FreeRTOS/Source/tasks.c.obj
 .bss.xDelayedTaskList2
                0x20002624       0x14 cmake/stm32cubemx/CMakeFiles/RTOS2.dir/__/__/Middlewares/Third_Party/FreeRTOS/Source/tasks.c.obj
 .bss.pxDelayedTaskList
                0x20002638        0x4 cmake/stm32cubemx/CMakeFiles/RTOS2.dir/__/__/Middlewares/Third_Party/FreeRTOS/Source/tasks.c.obj
 .bss.pxOverflowDelayedTaskList
                0x2000263c        0x4 cmake/stm32cubemx/CMakeFiles/RTOS2.dir/__/__/Middlewares/Third_Party/FreeRTOS/Source/tasks.c.obj
 .bss.xPendingReadyList
                0x20002640       0x14 cmake/stm32cubemx/CMakeFiles/RTOS2.dir/__/__/Middlewares/Third_Party/FreeRTOS/Source/tasks.c.obj
 .bss.xTasksWaitingTermination
                0x20002654       0x14 cmake/stm32cubemx/CMakeFiles/RTOS2.dir/__/__/Middlewares/Third_Party/FreeRTOS/Source/tasks.c.obj
 .bss.uxDeletedTasksWaitingCleanUp
                0x20002668        0x4 cmake/stm32cubemx/CMakeFiles/RTOS2.dir/__/__/Middlewares/Third_Party/FreeRTOS/Source/tasks.c.obj
 .bss.xSuspendedTaskList
                0x2000266c       0x14 cmake/stm32cubemx/CMakeFiles/RTOS2.dir/__/__/Middlewares/Third_Party/FreeRTOS/Source/tasks.c.obj
 .bss.uxCurrentNumberOfTasks
                0x20002680        0x4 cmake/stm32cubemx/CMakeFiles/RTOS2.dir/__/__/Middlewares/Third_Party/FreeRTOS/Source/tasks.c.obj
 .bss.xTickCount
                0x20002684        0x4 cmake/stm32cubemx/CMakeFiles/RTOS2.dir/__/__/Middlewares/Third_Party/FreeRTOS/Source/tasks.c.obj
 .bss.uxTopReadyPriority
                0x20002688        0x4 cmake/stm32cubemx/CMakeFiles/RTOS2.dir/__/__/Middlewares/Third_Party/FreeRTOS/Source/tasks.c.obj
 .bss.xSchedulerRunning
                0x2000268c        0x4 cmake/stm32cubemx/CMakeFiles/RTOS2.dir/__/__/Middlewares/Third_Party/FreeRTOS/Source/tasks.c.obj
 .bss.xPendedTicks
                0x20002690        0x4 cmake/stm32cubemx/CMakeFiles/RTOS2.dir/__/__/Middlewares/Third_Party/FreeRTOS/Source/tasks.c.obj
 .bss.xYieldPendings
                0x20002694        0x4 cmake/stm32cubemx/CMakeFiles/RTOS2.dir/__/__/Middlewares/Third_Party/FreeRTOS/Source/tasks.c.obj
 .bss.xNumOfOverflows
                0x20002698        0x4 cmake/stm32cubemx/CMakeFiles/RTOS2.dir/__/__/Middlewares/Third_Party/FreeRTOS/Source/tasks.c.obj
 .bss.uxTaskNumber
                0x2000269c        0x4 cmake/stm32cubemx/CMakeFiles/RTOS2.dir/__/__/Middlewares/Third_Party/FreeRTOS/Source/tasks.c.obj
 .bss.xNextTaskUnblockTime
                0x200026a0        0x4 cmake/stm32cubemx/CMakeFiles/RTOS2.dir/__/__/Middlewares/Third_Party/FreeRTOS/Source/tasks.c.obj
 .bss.xIdleTaskHandles
                0x200026a4        0x4 cmake/stm32cubemx/CMakeFiles/RTOS2.dir/__/__/Middlewares/Third_Party/FreeRTOS/Source/tasks.c.obj
 .bss.uxSchedulerSuspended
                0x200026a8        0x4 cmake/stm32cubemx/CMakeFiles/RTOS2.dir/__/__/Middlewares/Third_Party/FreeRTOS/Source/tasks.c.obj
 .bss.xIdleTaskTCB.3
                0x200026ac       0x5c cmake/stm32cubemx/CMakeFiles/RTOS2.dir/__/__/Middlewares/Third_Party/FreeRTOS/Source/tasks.c.obj
 .bss.uxIdleTaskStack.2
                0x20002708      0x200 cmake/stm32cubemx/CMakeFiles/RTOS2.dir/__/__/Middlewares/Third_Party/FreeRTOS/Source/tasks.c.obj
 .bss.xTimerTaskTCB.1
                0x20002908       0x5c cmake/stm32cubemx/CMakeFiles/RTOS2.dir/__/__/Middlewares/Third_Party/FreeRTOS/Source/tasks.c.obj
 .bss.uxTimerTaskStack.0
                0x20002964      0x200 cmake/stm32cubemx/CMakeFiles/RTOS2.dir/__/__/Middlewares/Third_Party/FreeRTOS/Source/tasks.c.obj
 .bss.xActiveTimerList1
                0x20002b64       0x14 cmake/stm32cubemx/CMakeFiles/RTOS2.dir/__/__/Middlewares/Third_Party/FreeRTOS/Source/timers.c.obj
 .bss.xActiveTimerList2
                0x20002b78       0x14 cmake/stm32cubemx/CMakeFiles/RTOS2.dir/__/__/Middlewares/Third_Party/FreeRTOS/Source/timers.c.obj
 .bss.pxCurrentTimerList
                0x20002b8c        0x4 cmake/stm32cubemx/CMakeFiles/RTOS2.dir/__/__/Middlewares/Third_Party/FreeRTOS/Source/timers.c.obj
 .bss.pxOverflowTimerList
                0x20002b90        0x4 cmake/stm32cubemx/CMakeFiles/RTOS2.dir/__/__/Middlewares/Third_Party/FreeRTOS/Source/timers.c.obj
 .bss.xTimerQueue
                0x20002b94        0x4 cmake/stm32cubemx/CMakeFiles/RTOS2.dir/__/__/Middlewares/Third_Party/FreeRTOS/Source/timers.c.obj
 .bss.xTimerTaskHandle
                0x20002b98        0x4 cmake/stm32cubemx/CMakeFiles/RTOS2.dir/__/__/Middlewares/Third_Party/FreeRTOS/Source/timers.c.obj
 .bss.xLastTime.2
                0x20002b9c        0x4 cmake/stm32cubemx/CMakeFiles/RTOS2.dir/__/__/Middlewares/Third_Party/FreeRTOS/Source/timers.c.obj
 .bss.ucStaticTimerQueueStorage.1
                0x20002ba0       0xa0 cmake/stm32cubemx/CMakeFiles/RTOS2.dir/__/__/Middlewares/Third_Party/FreeRTOS/Source/timers.c.obj
 .bss.xStaticTimerQueue.0
                0x20002c40       0x50 cmake/stm32cubemx/CMakeFiles/RTOS2.dir/__/__/Middlewares/Third_Party/FreeRTOS/Source/timers.c.obj
 .bss.KernelState
                0x20002c90        0x4 cmake/stm32cubemx/CMakeFiles/RTOS2.dir/__/__/Middlewares/Third_Party/FreeRTOS/Source/CMSIS_RTOS_V2/cmsis_os2.c.obj
 .bss.BspButtonState
                0x20002c94        0x4 CMakeFiles/rtosalarm.dir/Core/Src/main.c.obj
                0x20002c94                BspButtonState
 .bss.hrtc      0x20002c98       0x30 CMakeFiles/rtosalarm.dir/Core/Src/main.c.obj
                0x20002c98                hrtc
 .bss.huart2    0x20002cc8       0x94 CMakeFiles/rtosalarm.dir/Core/Src/main.c.obj
                0x20002cc8                huart2
 .bss.huart3    0x20002d5c       0x94 CMakeFiles/rtosalarm.dir/Core/Src/main.c.obj
                0x20002d5c                huart3
 .bss.hdma_usart3_rx
                0x20002df0       0x60 CMakeFiles/rtosalarm.dir/Core/Src/main.c.obj
                0x20002df0                hdma_usart3_rx
 .bss.defaultTaskHandle
                0x20002e50        0x4 CMakeFiles/rtosalarm.dir/Core/Src/app_freertos.c.obj
                0x20002e50                defaultTaskHandle
 .bss.htim2     0x20002e54       0x4c CMakeFiles/rtosalarm.dir/Core/Src/stm32u0xx_hal_timebase_tim.c.obj
                0x20002e54                htim2
 .bss.__sbrk_heap_end
                0x20002ea0        0x4 CMakeFiles/rtosalarm.dir/Core/Src/sysmem.c.obj
 .bss.iface     0x20002ea4        0x8 CMakeFiles/rtosalarm.dir/Core/Src/app.c.obj
                0x20002ea4                iface
 .bss.state.0   0x20002eac        0x1 CMakeFiles/rtosalarm.dir/Core/Src/app.c.obj
 *fill*         0x20002ead        0x3 
 .bss.sem       0x20002eb0        0x4 CMakeFiles/rtosalarm.dir/Core/Src/clock.c.obj
 .bss.p_rtc     0x20002eb4        0x4 CMakeFiles/rtosalarm.dir/Core/Src/clock.c.obj
 .bss.time      0x20002eb8       0x14 CMakeFiles/rtosalarm.dir/Core/Src/clock.c.obj
 .bss.date      0x20002ecc        0x4 CMakeFiles/rtosalarm.dir/Core/Src/clock.c.obj
 .bss.g_alarm_armed
                0x20002ed0        0x4 CMakeFiles/rtosalarm.dir/Core/Src/clock.c.obj
 .bss.g_alarm_triggered
                0x20002ed4        0x1 CMakeFiles/rtosalarm.dir/Core/Src/clock.c.obj
 .bss.g_alarm_reset
                0x20002ed5        0x1 CMakeFiles/rtosalarm.dir/Core/Src/clock.c.obj
 .bss.hour_tens.5
                0x20002ed6        0x1 CMakeFiles/rtosalarm.dir/Core/Src/clock.c.obj
 .bss.hour_ones.4
                0x20002ed7        0x1 CMakeFiles/rtosalarm.dir/Core/Src/clock.c.obj
 .bss.min_tens.3
                0x20002ed8        0x1 CMakeFiles/rtosalarm.dir/Core/Src/clock.c.obj
 .bss.min_ones.2
                0x20002ed9        0x1 CMakeFiles/rtosalarm.dir/Core/Src/clock.c.obj
 *fill*         0x20002eda        0x2 
 .bss.time_last.1
                0x20002edc       0x14 CMakeFiles/rtosalarm.dir/Core/Src/clock.c.obj
 .bss.alarm_last.0
                0x20002ef0       0x14 CMakeFiles/rtosalarm.dir/Core/Src/clock.c.obj
 .bss.q_id      0x20002f04        0x4 CMakeFiles/rtosalarm.dir/Core/Src/log.c.obj
 .bss.p_uart    0x20002f08        0x4 CMakeFiles/rtosalarm.dir/Core/Src/log.c.obj
 .bss.last_press_time.0
                0x20002f0c        0x4 CMakeFiles/rtosalarm.dir/Core/Src/user_input.c.obj
 .bss.__sf      0x20002f10      0x138 /opt/st/stm32cubeide_2.1.1/plugins/com.st.stm32cube.ide.mcu.externaltools.gnu-tools-for-stm32.14.3.rel1.linux64_1.0.100.202602081740/tools/bin/../lib/gcc/arm-none-eabi/14.3.1/../../../../arm-none-eabi/lib/thumb/v6-m/nofp/libg_nano.a(libc_a-findfp.o)
                0x20002f10                __sf
 .bss.errno     0x20003048        0x4 /opt/st/stm32cubeide_2.1.1/plugins/com.st.stm32cube.ide.mcu.externaltools.gnu-tools-for-stm32.14.3.rel1.linux64_1.0.100.202602081740/tools/bin/../lib/gcc/arm-none-eabi/14.3.1/../../../../arm-none-eabi/lib/thumb/v6-m/nofp/libg_nano.a(libc_a-reent.o)
                0x20003048                errno
 .bss.__lock___malloc_recursive_mutex
                0x2000304c        0x1 /opt/st/stm32cubeide_2.1.1/plugins/com.st.stm32cube.ide.mcu.externaltools.gnu-tools-for-stm32.14.3.rel1.linux64_1.0.100.202602081740/tools/bin/../lib/gcc/arm-none-eabi/14.3.1/../../../../arm-none-eabi/lib/thumb/v6-m/nofp/libg_nano.a(libc_a-lock.o)
                0x2000304c                __lock___malloc_recursive_mutex
 *fill*         0x2000304d        0x3 
 .bss.__malloc_sbrk_start