Archive member included to satisfy reference by file (symbol)

/opt/st/stm32cubeide_2.1.1/plugins/com.st.stm32cube.ide.mcu.externaltools.gnu-tools-for-stm32.14.3.rel1.linux64_1.0.100.202602081740/tools/bin/../lib/gcc/arm-none-eabi/14.3.1/thumb/v6-m/nofp/libgcc.a(_udivsi3.o)
                              cmake/stm32cubemx/CMakeFiles/STM32_Drivers.dir/__/__/Core/Src/system_stm32u0xx.c.obj (__aeabi_uidiv)
/opt/st/stm32cubeide_2.1.1/plugins/com.st.stm32cube.ide.mcu.externaltools.gnu-tools-for-stm32.14.3.rel1.linux64_1.0.100.202602081740/tools/bin/../lib/gcc/arm-none-eabi/14.3.1/thumb/v6-m/nofp/libgcc.a(_divsi3.o)
                              cmake/stm32cubemx/CMakeFiles/STM32_Drivers.dir/__/__/Drivers/STM32U0xx_HAL_Driver/Src/stm32u0xx_hal_uart_ex.c.obj (__aeabi_idiv)
/opt/st/stm32cubeide_2.1.1/plugins/com.st.stm32cube.ide.mcu.externaltools.gnu-tools-for-stm32.14.3.rel1.linux64_1.0.100.202602081740/tools/bin/../lib/gcc/arm-none-eabi/14.3.1/thumb/v6-m/nofp/libgcc.a(_dvmd_tls.o)
                              /opt/st/stm32cubeide_2.1.1/plugins/com.st.stm32cube.ide.mcu.externaltools.gnu-tools-for-stm32.14.3.rel1.linux64_1.0.100.202602081740/tools/bin/../lib/gcc/arm-none-eabi/14.3.1/thumb/v6-m/nofp/libgcc.a(_udivsi3.o) (__aeabi_idiv0)
/opt/st/stm32cubeide_2.1.1/plugins/com.st.stm32cube.ide.mcu.externaltools.gnu-tools-for-stm32.14.3.rel1.linux64_1.0.100.202602081740/tools/bin/../lib/gcc/arm-none-eabi/14.3.1/thumb/v6-m/nofp/libgcc.a(_aeabi_uldivmod.o)
                              cmake/stm32cubemx/CMakeFiles/STM32_Drivers.dir/__/__/Drivers/STM32U0xx_HAL_Driver/Src/stm32u0xx_hal_uart.c.obj (__aeabi_uldivmod)
/opt/st/stm32cubeide_2.1.1/plugins/com.st.stm32cube.ide.mcu.externaltools.gnu-tools-for-stm32.14.3.rel1.linux64_1.0.100.202602081740/tools/bin/../lib/gcc/arm-none-eabi/14.3.1/thumb/v6-m/nofp/libgcc.a(_udivmoddi4.o)
                              /opt/st/stm32cubeide_2.1.1/plugins/com.st.stm32cube.ide.mcu.externaltools.gnu-tools-for-stm32.14.3.rel1.linux64_1.0.100.202602081740/tools/bin/../lib/gcc/arm-none-eabi/14.3.1/thumb/v6-m/nofp/libgcc.a(_aeabi_uldivmod.o) (__udivmoddi4)
/opt/st/stm32cubeide_2.1.1/plugins/com.st.stm32cube.ide.mcu.externaltools.gnu-tools-for-stm32.14.3.rel1.linux64_1.0.100.202602081740/tools/bin/../lib/gcc/arm-none-eabi/14.3.1/thumb/v6-m/nofp/libgcc.a(_clzdi2.o)
                              /opt/st/stm32cubeide_2.1.1/plugins/com.st.stm32cube.ide.mcu.externaltools.gnu-tools-for-stm32.14.3.rel1.linux64_1.0.100.202602081740/tools/bin/../lib/gcc/arm-none-eabi/14.3.1/thumb/v6-m/nofp/libgcc.a(_udivmoddi4.o) (__clzdi2)
/opt/st/stm32cubeide_2.1.1/plugins/com.st.stm32cube.ide.mcu.externaltools.gnu-tools-for-stm32.14.3.rel1.linux64_1.0.100.202602081740/tools/bin/../lib/gcc/arm-none-eabi/14.3.1/thumb/v6-m/nofp/libgcc.a(_clzsi2.o)
                              /opt/st/stm32cubeide_2.1.1/plugins/com.st.stm32cube.ide.mcu.externaltools.gnu-tools-for-stm32.14.3.rel1.linux64_1.0.100.202602081740/tools/bin/../lib/gcc/arm-none-eabi/14.3.1/thumb/v6-m/nofp/libgcc.a(_clzdi2.o) (__clzsi2)
/opt/st/stm32cubeide_2.1.1/plugins/com.st.stm32cube.ide.mcu.externaltools.gnu-tools-for-stm32.14.3.rel1.linux64_1.0.100.202602081740/tools/bin/../lib/gcc/arm-none-eabi/14.3.1/../../../../arm-none-eabi/lib/thumb/v6-m/nofp/libg_nano.a(libc_a-exit.o)
                              /opt/st/stm32cubeide_2.1.1/plugins/com.st.stm32cube.ide.mcu.externaltools.gnu-tools-for-stm32.14.3.rel1.linux64_1.0.100.202602081740/tools/bin/../lib/gcc/arm-none-eabi/14.3.1/../../../../arm-none-eabi/lib/thumb/v6-m/nofp/crt0.o (exit)
/opt/st/stm32cubeide_2.1.1/plugins/com.st.stm32cube.ide.mcu.externaltools.gnu-tools-for-stm32.14.3.rel1.linux64_1.0.100.202602081740/tools/bin/../lib/gcc/arm-none-eabi/14.3.1/../../../../arm-none-eabi/lib/thumb/v6-m/nofp/libg_nano.a(libc_a-findfp.o)
                              /opt/st/stm32cubeide_2.1.1/plugins/com.st.stm32cube.ide.mcu.externaltools.gnu-tools-for-stm32.14.3.rel1.linux64_1.0.100.202602081740/tools/bin/../lib/gcc/arm-none-eabi/14.3.1/../../../../arm-none-eabi/lib/thumb/v6-m/nofp/libg_nano.a(libc_a-exit.o) (__stdio_exit_handler)
/opt/st/stm32cubeide_2.1.1/plugins/com.st.stm32cube.ide.mcu.externaltools.gnu-tools-for-stm32.14.3.rel1.linux64_1.0.100.202602081740/tools/bin/../lib/gcc/arm-none-eabi/14.3.1/../../../../arm-none-eabi/lib/thumb/v6-m/nofp/libg_nano.a(libc_a-fwalk.o)
                              /opt/st/stm32cubeide_2.1.1/plugins/com.st.stm32cube.ide.mcu.externaltools.gnu-tools-for-stm32.14.3.rel1.linux64_1.0.100.202602081740/tools/bin/../lib/gcc/arm-none-eabi/14.3.1/../../../../arm-none-eabi/lib/thumb/v6-m/nofp/libg_nano.a(libc_a-findfp.o) (_fwalk_sglue)
/opt/st/stm32cubeide_2.1.1/plugins/com.st.stm32cube.ide.mcu.externaltools.gnu-tools-for-stm32.14.3.rel1.linux64_1.0.100.202602081740/tools/bin/../lib/gcc/arm-none-eabi/14.3.1/../../../../arm-none-eabi/lib/thumb/v6-m/nofp/libg_nano.a(libc_a-stdio.o)
[...]
Memory Configuration

Name             Origin             Length             Attributes
RAM              0x20000000         0x00008000         xrw
FLASH            0x08000000         0x00040000         xr
*default*        0x00000000         0xffffffff

Linker script and memory map

LOAD /opt/st/stm32cubeide_2.1.1/plugins/com.st.stm32cube.ide.mcu.externaltools.gnu-tools-for-stm32.14.3.rel1.linux64_1.0.100.202602081740/tools/bin/../lib/gcc/arm-none-eabi/14.3.1/thumb/v6-m/nofp/crti.o
LOAD /opt/st/stm32cubeide_2.1.1/plugins/com.st.stm32cube.ide.mcu.externaltools.gnu-tools-for-stm32.14.3.rel1.linux64_1.0.100.202602081740/tools/bin/../lib/gcc/arm-none-eabi/14.3.1/thumb/v6-m/nofp/crtbegin.o
LOAD /opt/st/stm32cubeide_2.1.1/plugins/com.st.stm32cube.ide.mcu.externaltools.gnu-tools-for-stm32.14.3.rel1.linux64_1.0.100.202602081740/tools/bin/../lib/gcc/arm-none-eabi/14.3.1/../../../../arm-none-eabi/lib/thumb/v6-m/nofp/crt0.o
LOAD cmake/stm32cubemx/CMakeFiles/STM32_Drivers.dir/__/__/Core/Src/system_stm32u0xx.c.obj
LOAD cmake/stm32cubemx/CMakeFiles/STM32_Drivers.dir/__/__/Drivers/STM32U0xx_HAL_Driver/Src/stm32u0xx_hal_usart_ex.c.obj
LOAD cmake/stm32cubemx/CMakeFiles/STM32_Drivers.dir/__/__/Drivers/STM32U0xx_HAL_Driver/Src/stm32u0xx_hal_tim.c.obj
LOAD cmake/stm32cubemx/CMakeFiles/STM32_Drivers.dir/__/__/Drivers/STM32U0xx_HAL_Driver/Src/stm32u0xx_hal_tim_ex.c.obj
LOAD cmake/stm32cubemx/CMakeFiles/STM32_Drivers.dir/__/__/Drivers/STM32U0xx_HAL_Driver/Src/stm32u0xx_hal_cortex.c.obj
LOAD cmake/stm32cubemx/CMakeFiles/STM32_Drivers.dir/__/__/Drivers/STM32U0xx_HAL_Driver/Src/stm32u0xx_hal_rcc.c.obj
LOAD cmake/stm32cubemx/CMakeFiles/STM32_Drivers.dir/__/__/Drivers/STM32U0xx_HAL_Driver/Src/stm32u0xx_hal_rcc_ex.c.obj
LOAD cmake/stm32cubemx/CMakeFiles/STM32_Drivers.dir/__/__/Drivers/STM32U0xx_HAL_Driver/Src/stm32u0xx_hal_flash.c.obj
LOAD cmake/stm32cubemx/CMakeFiles/STM32_Drivers.dir/__/__/Drivers/STM32U0xx_HAL_Driver/Src/stm32u0xx_hal_flash_ex.c.obj
LOAD cmake/stm32cubemx/CMakeFiles/STM32_Drivers.dir/__/__/Drivers/STM32U0xx_HAL_Driver/Src/stm32u0xx_hal_gpio.c.obj
LOAD cmake/stm32cubemx/CMakeFiles/STM32_Drivers.dir/__/__/Drivers/STM32U0xx_HAL_Driver/Src/stm32u0xx_hal_dma.c.obj
LOAD cmake/stm32cubemx/CMakeFiles/STM32_Drivers.dir/__/__/Drivers/STM32U0xx_HAL_Driver/Src/stm32u0xx_hal_dma_ex.c.obj
LOAD cmake/stm32cubemx/CMakeFiles/STM32_Drivers.dir/__/__/Drivers/STM32U0xx_HAL_Driver/Src/stm32u0xx_hal_pwr.c.obj
LOAD cmake/stm32cubemx/CMakeFiles/STM32_Drivers.dir/__/__/Drivers/STM32U0xx_HAL_Driver/Src/stm32u0xx_hal_pwr_ex.c.obj
LOAD cmake/stm32cubemx/CMakeFiles/STM32_Drivers.dir/__/__/Drivers/STM32U0xx_HAL_Driver/Src/stm32u0xx_hal.c.obj
LOAD cmake/stm32cubemx/CMakeFiles/STM32_Drivers.dir/__/__/Drivers/STM32U0xx_HAL_Driver/Src/stm32u0xx_hal_exti.c.obj
LOAD cmake/stm32cubemx/CMakeFiles/STM32_Drivers.dir/__/__/Drivers/STM32U0xx_HAL_Driver/Src/stm32u0xx_hal_rtc.c.obj
LOAD cmake/stm32cubemx/CMakeFiles/STM32_Drivers.dir/__/__/Drivers/STM32U0xx_HAL_Driver/Src/stm32u0xx_hal_rtc_ex.c.obj
LOAD cmake/stm32cubemx/CMakeFiles/STM32_Drivers.dir/__/__/Drivers/STM32U0xx_HAL_Driver/Src/stm32u0xx_hal_uart.c.obj
LOAD cmake/stm32cubemx/CMakeFiles/STM32_Drivers.dir/__/__/Drivers/STM32U0xx_HAL_Driver/Src/stm32u0xx_hal_uart_ex.c.obj
LOAD cmake/stm32cubemx/CMakeFiles/STM32_Drivers.dir/__/__/Drivers/STM32U0xx_HAL_Driver/Src/stm32u0xx_hal_usart.c.obj
LOAD cmake/stm32cubemx/CMakeFiles/STM32_Drivers.dir/__/__/Drivers/BSP/STM32U0xx_Nucleo/stm32u0xx_nucleo.c.obj
LOAD cmake/stm32cubemx/CMakeFiles/RTOS2.dir/__/__/Middlewares/Third_Party/FreeRTOS/Source/portable/MemMang/heap_1.c.obj
LOAD cmake/stm32cubemx/CMakeFiles/RTOS2.dir/__/__/Middlewares/Third_Party/FreeRTOS/Source/croutine.c.obj
LOAD cmake/stm32cubemx/CMakeFiles/RTOS2.dir/__/__/Middlewares/Third_Party/FreeRTOS/Source/event_groups.c.obj
LOAD cmake/stm32cubemx/CMakeFiles/RTOS2.dir/__/__/Middlewares/Third_Party/FreeRTOS/Source/list.c.obj
LOAD cmake/stm32cubemx/CMakeFiles/RTOS2.dir/__/__/Middlewares/Third_Party/FreeRTOS/Source/queue.c.obj
LOAD cmake/stm32cubemx/CMakeFiles/RTOS2.dir/__/__/Middlewares/Third_Party/FreeRTOS/Source/stream_buffer.c.obj
LOAD cmake/stm32cubemx/CMakeFiles/RTOS2.dir/__/__/Middlewares/Third_Party/FreeRTOS/Source/tasks.c.obj
LOAD cmake/stm32cubemx/CMakeFiles/RTOS2.dir/__/__/Middlewares/Third_Party/FreeRTOS/Source/timers.c.obj
LOAD cmake/stm32cubemx/CMakeFiles/RTOS2.dir/__/__/Middlewares/Third_Party/FreeRTOS/Source/CMSIS_RTOS_V2/cmsis_os2.c.obj
LOAD cmake/stm32cubemx/CMakeFiles/RTOS2.dir/__/__/Middlewares/Third_Party/FreeRTOS/Source/portable/GCC/ARM_CM0/port.c.obj
LOAD cmake/stm32cubemx/CMakeFiles/RTOS2.dir/__/__/Middlewares/Third_Party/FreeRTOS/Source/portable/GCC/ARM_CM0/portasm.c.obj
LOAD CMakeFiles/rtosalarm.dir/Core/Src/main.c.obj
LOAD CMakeFiles/rtosalarm.dir/Core/Src/app_freertos.c.obj
LOAD CMakeFiles/rtosalarm.dir/Core/Src/stm32u0xx_it.c.obj
LOAD CMakeFiles/rtosalarm.dir/Core/Src/stm32u0xx_hal_msp.c.obj
LOAD CMakeFiles/rtosalarm.dir/Core/Src/stm32u0xx_hal_timebase_tim.c.obj
LOAD CMakeFiles/rtosalarm.dir/Core/Src/sysmem.c.obj
LOAD CMakeFiles/rtosalarm.dir/Core/Src/syscalls.c.obj
LOAD CMakeFiles/rtosalarm.dir/startup_stm32u083xx.s.obj
LOAD CMakeFiles/rtosalarm.dir/Core/Src/app.c.obj
LOAD CMakeFiles/rtosalarm.dir/Core/Src/clock.c.obj
LOAD CMakeFiles/rtosalarm.dir/Core/Src/log.c.obj
LOAD CMakeFiles/rtosalarm.dir/Core/Src/user_input.c.obj
LOAD CMakeFiles/rtosalarm.dir/Core/Src/lcd_st7066u.c.obj
LOAD /opt/st/stm32cubeide_2.1.1/plugins/com.st.stm32cube.ide.mcu.externaltools.gnu-tools-for-stm32.14.3.rel1.linux64_1.0.100.202602081740/tools/bin/../lib/gcc/arm-none-eabi/14.3.1/../../../../arm-none-eabi/lib/thumb/v6-m/nofp/libm.a
START GROUP
LOAD /opt/st/stm32cubeide_2.1.1/plugins/com.st.stm32cube.ide.mcu.externaltools.gnu-tools-for-stm32.14.3.rel1.linux64_1.0.100.202602081740/tools/bin/../lib/gcc/arm-none-eabi/14.3.1/thumb/v6-m/nofp/libgcc.a
LOAD /opt/st/stm32cubeide_2.1.1/plugins/com.st.stm32cube.ide.mcu.externaltools.gnu-tools-for-stm32.14.3.rel1.linux64_1.0.100.202602081740/tools/bin/../lib/gcc/arm-none-eabi/14.3.1/../../../../arm-none-eabi/lib/thumb/v6-m/nofp/libg_nano.a
LOAD /opt/st/stm32cubeide_2.1.1/plugins/com.st.stm32cube.ide.mcu.externaltools.gnu-tools-for-stm32.14.3.rel1.linux64_1.0.100.202602081740/tools/bin/../lib/gcc/arm-none-eabi/14.3.1/../../../../arm-none-eabi/lib/thumb/v6-m/nofp/libc_nano.a
END GROUP
START GROUP
LOAD /opt/st/stm32cubeide_2.1.1/plugins/com.st.stm32cube.ide.mcu.externaltools.gnu-tools-for-stm32.14.3.rel1.linux64_1.0.100.202602081740/tools/bin/../lib/gcc/arm-none-eabi/14.3.1/thumb/v6-m/nofp/libgcc.a
LOAD /opt/st/stm32cubeide_2.1.1/plugins/com.st.stm32cube.ide.mcu.externaltools.gnu-tools-for-stm32.14.3.rel1.linux64_1.0.100.202602081740/tools/bin/../lib/gcc/arm-none-eabi/14.3.1/../../../../arm-none-eabi/lib/thumb/v6-m/nofp/libc_nano.a
END GROUP
LOAD /opt/st/stm32cubeide_2.1.1/plugins/com.st.stm32cube.ide.mcu.externaltools.gnu-tools-for-stm32.14.3.rel1.linux64_1.0.100.202602081740/tools/bin/../lib/gcc/arm-none-eabi/14.3.1/thumb/v6-m/nofp/crtend.o
LOAD /opt/st/stm32cubeide_2.1.1/plugins/com.st.stm32cube.ide.mcu.externaltools.gnu-tools-for-stm32.14.3.rel1.linux64_1.0.100.202602081740/tools/bin/../lib/gcc/arm-none-eabi/14.3.1/thumb/v6-m/nofp/crtn.o
                0x20008000                        _estack = (ORIGIN (RAM) + LENGTH (RAM))
                0x00000200                        _Min_Heap_Size = 0x200
                0x00000400                        _Min_Stack_Size = 0x400

.isr_vector     0x08000000       0xc0
                0x08000000                        . = ALIGN (0x4)
 *(.isr_vector)
 .isr_vector    0x08000000       0xc0 CMakeFiles/rtosalarm.dir/startup_stm32u083xx.s.obj
                0x08000000                g_pfnVectors
                0x080000c0                        . = ALIGN (0x4)

.text           0x080000c0     0x8dc4
                0x080000c0                        . = ALIGN (0x4)
 *(.text)
 .text          0x080000c0       0x48 /opt/st/stm32cubeide_2.1.1/plugins/com.st.stm32cube.ide.mcu.externaltools.gnu-tools-for-stm32.14.3.rel1.linux64_1.0.100.202602081740/tools/bin/../lib/gcc/arm-none-eabi/14.3.1/thumb/v6-m/nofp/crtbegin.o
 .text          0x08000108      0x114 /opt/st/stm32cubeide_2.1.1/plugins/com.st.stm32cube.ide.mcu.externaltools.gnu-tools-for-stm32.14.3.rel1.linux64_1.0.100.202602081740/tools/bin/../lib/gcc/arm-none-eabi/14.3.1/thumb/v6-m/nofp/libgcc.a(_udivsi3.o)
                0x08000108                __udivsi3
                0x08000108                __aeabi_uidiv
                0x08000214                __aeabi_uidivmod
 .text          0x0800021c      0x1d4 /opt/st/stm32cubeide_2.1.1/plugins/com.st.stm32cube.ide.mcu.externaltools.gnu-tools-for-stm32.14.3.rel1.linux64_1.0.100.202602081740/tools/bin/../lib/gcc/arm-none-eabi/14.3.1/thumb/v6-m/nofp/libgcc.a(_divsi3.o)
                0x0800021c                __aeabi_idiv
                0x0800021c                __divsi3
                0x080003e8                __aeabi_idivmod
 .text          0x080003f0        0x4 /opt/st/stm32cubeide_2.1.1/plugins/com.st.stm32cube.ide.mcu.externaltools.gnu-tools-for-stm32.14.3.rel1.linux64_1.0.100.202602081740/tools/bin/../lib/gcc/arm-none-eabi/14.3.1/thumb/v6-m/nofp/libgcc.a(_dvmd_tls.o)
                0x080003f0                __aeabi_ldiv0
                0x080003f0                __aeabi_idiv0
 .text          0x080003f4       0x40 /opt/st/stm32cubeide_2.1.1/plugins/com.st.stm32cube.ide.mcu.externaltools.gnu-tools-for-stm32.14.3.rel1.linux64_1.0.100.202602081740/tools/bin/../lib/gcc/arm-none-eabi/14.3.1/thumb/v6-m/nofp/libgcc.a(_aeabi_uldivmod.o)
                0x080003f4                __aeabi_uldivmod
 .text          0x08000434      0x198 /opt/st/stm32cubeide_2.1.1/plugins/com.st.stm32cube.ide.mcu.externaltools.gnu-tools-for-stm32.14.3.rel1.linux64_1.0.100.202602081740/tools/bin/../lib/gcc/arm-none-eabi/14.3.1/thumb/v6-m/nofp/libgcc.a(_udivmoddi4.o)
                0x08000434                __udivmoddi4
 .text          0x080005cc       0x18 /opt/st/stm32cubeide_2.1.1/plugins/com.st.stm32cube.ide.mcu.externaltools.gnu-tools-for-stm32.14.3.rel1.linux64_1.0.100.202602081740/tools/bin/../lib/gcc/arm-none-eabi/14.3.1/thumb/v6-m/nofp/libgcc.a(_clzdi2.o)
                0x080005cc                __clzdi2
 .text          0x080005e4       0x3c /opt/st/stm32cubeide_2.1.1/plugins/com.st.stm32cube.ide.mcu.externaltools.gnu-tools-for-stm32.14.3.rel1.linux64_1.0.100.202602081740/tools/bin/../lib/gcc/arm-none-eabi/14.3.1/thumb/v6-m/nofp/libgcc.a(_clzsi2.o)
                0x080005e4                __clzsi2
 .text          0x08000620        0xe /opt/st/stm32cubeide_2.1.1/plugins/com.st.stm32cube.ide.mcu.externaltools.gnu-tools-for-stm32.14.3.rel1.linux64_1.0.100.202602081740/tools/bin/../lib/gcc/arm-none-eabi/14.3.1/../../../../arm-none-eabi/lib/thumb/v6-m/nofp/libg_nano.a(libc_a-strlen.o)
                0x08000620                strlen
 *(.text*)
 *fill*         0x0800062e        0x2 
 .text.SystemInit
                0x08000630       0x58 cmake/stm32cubemx/CMakeFiles/STM32_Drivers.dir/__/__/Core/Src/system_stm32u0xx.c.obj
                0x08000630                SystemInit
 .text.HAL_TIM_Base_Init
                0x08000688       0xb0 cmake/stm32cubemx/CMakeFiles/STM32_Drivers.dir/__/__/Drivers/STM32U0xx_HAL_Driver/Src/stm32u0xx_hal_tim.c.obj
                0x08000688                HAL_TIM_Base_Init
 .text.HAL_TIM_Base_MspInit
                0x08000738       0x10 cmake/stm32cubemx/CMakeFiles/STM32_Drivers.dir/__/__/Drivers/STM32U0xx_HAL_Driver/Src/stm32u0xx_hal_tim.c.obj
                0x08000738                HAL_TIM_Base_MspInit
 .text.HAL_TIM_Base_Start_IT
                0x08000748       0xb8 cmake/stm32cubemx/CMakeFiles/STM32_Drivers.dir/__/__/Drivers/STM32U0xx_HAL_Driver/Src/stm32u0xx_hal_tim.c.obj
                0x08000748                HAL_TIM_Base_Start_IT
 .text.HAL_TIM_IRQHandler
                0x08000800      0x210 cmake/stm32cubemx/CMakeFiles/STM32_Drivers.dir/__/__/Drivers/STM32U0xx_HAL_Driver/Src/stm32u0xx_hal_tim.c.obj
                0x08000800                HAL_TIM_IRQHandler
 .text.HAL_TIM_OC_DelayElapsedCallback
                0x08000a10       0x10 cmake/stm32cubemx/CMakeFiles/STM32_Drivers.dir/__/__/Drivers/STM32U0xx_HAL_Driver/Src/stm32u0xx_hal_tim.c.obj
                0x08000a10                HAL_TIM_OC_DelayElapsedCallback
 .text.HAL_TIM_IC_CaptureCallback
                0x08000a20       0x10 cmake/stm32cubemx/CMakeFiles/STM32_Drivers.dir/__/__/Drivers/STM32U0xx_HAL_Driver/Src/stm32u0xx_hal_tim.c.obj
                0x08000a20                HAL_TIM_IC_CaptureCallback
 .text.HAL_TIM_PWM_PulseFinishedCallback
                0x08000a30       0x10 cmake/stm32cubemx/CMakeFiles/STM32_Drivers.dir/__/__/Drivers/STM32U0xx_HAL_Driver/Src/stm32u0xx_hal_tim.c.obj
                0x08000a30                HAL_TIM_PWM_PulseFinishedCallback
 .text.HAL_TIM_TriggerCallback
                0x08000a40       0x10 cmake/stm32cubemx/CMakeFiles/STM32_Drivers.dir/__/__/Drivers/STM32U0xx_HAL_Driver/Src/stm32u0xx_hal_tim.c.obj
                0x08000a40                HAL_TIM_TriggerCallback
 .text.TIM_Base_SetConfig
                0x08000a50       0xfc cmake/stm32cubemx/CMakeFiles/STM32_Drivers.dir/__/__/Drivers/STM32U0xx_HAL_Driver/Src/stm32u0xx_hal_tim.c.obj
                0x08000a50                TIM_Base_SetConfig
 .text.HAL_TIMEx_CommutCallback
                0x08000b4c       0x10 cmake/stm32cubemx/CMakeFiles/STM32_Drivers.dir/__/__/Drivers/STM32U0xx_HAL_Driver/Src/stm32u0xx_hal_tim_ex.c.obj
                0x08000b4c                HAL_TIMEx_CommutCallback
 .text.HAL_TIMEx_BreakCallback
                0x08000b5c       0x10 cmake/stm32cubemx/CMakeFiles/STM32_Drivers.dir/__/__/Drivers/STM32U0xx_HAL_Driver/Src/stm32u0xx_hal_tim_ex.c.obj
                0x08000b5c                HAL_TIMEx_BreakCallback
 .text.HAL_TIMEx_Break2Callback
                0x08000b6c       0x10 cmake/stm32cubemx/CMakeFiles/STM32_Drivers.dir/__/__/Drivers/STM32U0xx_HAL_Driver/Src/stm32u0xx_hal_tim_ex.c.obj
                0x08000b6c                HAL_TIMEx_Break2Callback
 .text.__NVIC_EnableIRQ
                0x08000b7c       0x34 cmake/stm32cubemx/CMakeFiles/STM32_Drivers.dir/__/__/Drivers/STM32U0xx_HAL_Driver/Src/stm32u0xx_hal_cortex.c.obj
 .text.__NVIC_SetPriority
                0x08000bb0       0xdc cmake/stm32cubemx/CMakeFiles/STM32_Drivers.dir/__/__/Drivers/STM32U0xx_HAL_Driver/Src/stm32u0xx_hal_cortex.c.obj
 .text.HAL_NVIC_SetPriority
                0x08000c8c       0x2a cmake/stm32cubemx/CMakeFiles/STM32_Drivers.dir/__/__/Drivers/STM32U0xx_HAL_Driver/Src/stm32u0xx_hal_cortex.c.obj
                0x08000c8c                HAL_NVIC_SetPriority
 .text.HAL_NVIC_EnableIRQ
                0x08000cb6       0x20 cmake/stm32cubemx/CMakeFiles/STM32_Drivers.dir/__/__/Drivers/STM32U0xx_HAL_Driver/Src/stm32u0xx_hal_cortex.c.obj
                0x08000cb6                HAL_NVIC_EnableIRQ
 *fill*         0x08000cd6        0x2 
 .text.HAL_RCC_OscConfig
                0x08000cd8      0x854 cmake/stm32cubemx/CMakeFiles/STM32_Drivers.dir/__/__/Drivers/STM32U0xx_HAL_Driver/Src/stm32u0xx_hal_rcc.c.obj
                0x08000cd8                HAL_RCC_OscConfig
 .text.HAL_RCC_ClockConfig
                0x0800152c      0x1d8 cmake/stm32cubemx/CMakeFiles/STM32_Drivers.dir/__/__/Drivers/STM32U0xx_HAL_Driver/Src/stm32u0xx_hal_rcc.c.obj
                0x0800152c                HAL_RCC_ClockConfig
 .text.HAL_RCC_GetSysClockFreq
                0x08001704      0x138 cmake/stm32cubemx/CMakeFiles/STM32_Drivers.dir/__/__/Drivers/STM32U0xx_HAL_Driver/Src/stm32u0xx_hal_rcc.c.obj
                0x08001704                HAL_RCC_GetSysClockFreq
 .text.HAL_RCC_GetHCLKFreq
                0x0800183c       0x14 cmake/stm32cubemx/CMakeFiles/STM32_Drivers.dir/__/__/Drivers/STM32U0xx_HAL_Driver/Src/stm32u0xx_hal_rcc.c.obj
                0x0800183c                HAL_RCC_GetHCLKFreq
 .text.HAL_RCC_GetPCLK1Freq
                0x08001850       0x30 cmake/stm32cubemx/CMakeFiles/STM32_Drivers.dir/__/__/Drivers/STM32U0xx_HAL_Driver/Src/stm32u0xx_hal_rcc.c.obj
                0x08001850                HAL_RCC_GetPCLK1Freq
 .text.HAL_RCC_GetClockConfig
                0x08001880       0x54 cmake/stm32cubemx/CMakeFiles/STM32_Drivers.dir/__/__/Drivers/STM32U0xx_HAL_Driver/Src/stm32u0xx_hal_rcc.c.obj
                0x08001880                HAL_RCC_GetClockConfig
 .text.RCC_SetFlashLatencyFromMSIRange
                0x080018d4       0xd8 cmake/stm32cubemx/CMakeFiles/STM32_Drivers.dir/__/__/Drivers/STM32U0xx_HAL_Driver/Src/stm32u0xx_hal_rcc.c.obj
 .text.HAL_RCCEx_PeriphCLKConfig
                0x080019ac      0x44c cmake/stm32cubemx/CMakeFiles/STM32_Drivers.dir/__/__/Drivers/STM32U0xx_HAL_Driver/Src/stm32u0xx_hal_rcc_ex.c.obj
                0x080019ac                HAL_RCCEx_PeriphCLKConfig
 .text.HAL_RCCEx_GetPeriphCLKFreq
                0x08001df8      0xa98 cmake/stm32cubemx/CMakeFiles/STM32_Drivers.dir/__/__/Drivers/STM32U0xx_HAL_Driver/Src/stm32u0xx_hal_rcc_ex.c.obj
                0x08001df8                HAL_RCCEx_GetPeriphCLKFreq
 .text.HAL_RCCEx_GetPLLClockFreq
                0x08002890      0x17c cmake/stm32cubemx/CMakeFiles/STM32_Drivers.dir/__/__/Drivers/STM32U0xx_HAL_Driver/Src/stm32u0xx_hal_rcc_ex.c.obj
                0x08002890                HAL_RCCEx_GetPLLClockFreq
 .text.HAL_GPIO_Init
                0x08002a0c      0x2e8 cmake/stm32cubemx/CMakeFiles/STM32_Drivers.dir/__/__/Drivers/STM32U0xx_HAL_Driver/Src/stm32u0xx_hal_gpio.c.obj
                0x08002a0c                HAL_GPIO_Init
 .text.HAL_GPIO_WritePin
                0x08002cf4       0x3a cmake/stm32cubemx/CMakeFiles/STM32_Drivers.dir/__/__/Drivers/STM32U0xx_HAL_Driver/Src/stm32u0xx_hal_gpio.c.obj
                0x08002cf4                HAL_GPIO_WritePin
 .text.HAL_GPIO_TogglePin
                0x08002d2e       0x36 cmake/stm32cubemx/CMakeFiles/STM32_Drivers.dir/__/__/Drivers/STM32U0xx_HAL_Driver/Src/stm32u0xx_hal_gpio.c.obj
                0x08002d2e                HAL_GPIO_TogglePin
 .text.HAL_GPIO_EXTI_IRQHandler
                0x08002d64       0x54 cmake/stm32cubemx/CMakeFiles/STM32_Drivers.dir/__/__/Drivers/STM32U0xx_HAL_Driver/Src/stm32u0xx_hal_gpio.c.obj
                0x08002d64                HAL_GPIO_EXTI_IRQHandler
 .text.HAL_GPIO_EXTI_Rising_Callback
                0x08002db8       0x14 cmake/stm32cubemx/CMakeFiles/STM32_Drivers.dir/__/__/Drivers/STM32U0xx_HAL_Driver/Src/stm32u0xx_hal_gpio.c.obj
                0x08002db8                HAL_GPIO_EXTI_Rising_Callback
 .text.HAL_PWREx_ControlVoltageScaling
                0x08002dcc       0xc0 cmake/stm32cubemx/CMakeFiles/STM32_Drivers.dir/__/__/Drivers/STM32U0xx_HAL_Driver/Src/stm32u0xx_hal_pwr_ex.c.obj
                0x08002dcc                HAL_PWREx_ControlVoltageScaling
 .text.HAL_PWREx_GetVoltageRange
                0x08002e8c       0x18 cmake/stm32cubemx/CMakeFiles/STM32_Drivers.dir/__/__/Drivers/STM32U0xx_HAL_Driver/Src/stm32u0xx_hal_pwr_ex.c.obj
                0x08002e8c                HAL_PWREx_GetVoltageRange
 .text.HAL_Init
                0x08002ea4       0x2e cmake/stm32cubemx/CMakeFiles/STM32_Drivers.dir/__/__/Drivers/STM32U0xx_HAL_Driver/Src/stm32u0xx_hal.c.obj
                0x08002ea4                HAL_Init
 *fill*         0x08002ed2        0x2 
 .text.HAL_IncTick
                0x08002ed4       0x24 cmake/stm32cubemx/CMakeFiles/STM32_Drivers.dir/__/__/Drivers/STM32U0xx_HAL_Driver/Src/stm32u0xx_hal.c.obj
                0x08002ed4                HAL_IncTick
 .text.HAL_GetTick
                0x08002ef8       0x14 cmake/stm32cubemx/CMakeFiles/STM32_Drivers.dir/__/__/Drivers/STM32U0xx_HAL_Driver/Src/stm32u0xx_hal.c.obj
                0x08002ef8                HAL_GetTick
 .text.HAL_EXTI_RegisterCallback
                0x08002f0c       0x64 cmake/stm32cubemx/CMakeFiles/STM32_Drivers.dir/__/__/Drivers/STM32U0xx_HAL_Driver/Src/stm32u0xx_hal_exti.c.obj
                0x08002f0c                HAL_EXTI_RegisterCallback
 .text.HAL_EXTI_GetHandle
                0x08002f70       0x24 cmake/stm32cubemx/CMakeFiles/STM32_Drivers.dir/__/__/Drivers/STM32U0xx_HAL_Driver/Src/stm32u0xx_hal_exti.c.obj
                0x08002f70                HAL_EXTI_GetHandle
 .text.HAL_EXTI_IRQHandler
                0x08002f94       0x94 cmake/stm32cubemx/CMakeFiles/STM32_Drivers.dir/__/__/Drivers/STM32U0xx_HAL_Driver/Src/stm32u0xx_hal_exti.c.obj
                0x08002f94                HAL_EXTI_IRQHandler
 .text.HAL_RTC_Init
                0x08003028      0x14c cmake/stm32cubemx/CMakeFiles/STM32_Drivers.dir/__/__/Drivers/STM32U0xx_HAL_Driver/Src/stm32u0xx_hal_rtc.c.obj
                0x08003028                HAL_RTC_Init
 .text.HAL_RTC_SetTime
                0x08003174      0x180 cmake/stm32cubemx/CMakeFiles/STM32_Drivers.dir/__/__/Drivers/STM32U0xx_HAL_Driver/Src/stm32u0xx_hal_rtc.c.obj
                0x08003174                HAL_RTC_SetTime
 .text.HAL_RTC_GetTime
                0x080032f4       0xc8 cmake/stm32cubemx/CMakeFiles/STM32_Drivers.dir/__/__/Drivers/STM32U0xx_HAL_Driver/Src/stm32u0xx_hal_rtc.c.obj
                0x080032f4                HAL_RTC_GetTime
 .text.HAL_RTC_SetDate
                0x080033bc      0x14c cmake/stm32cubemx/CMakeFiles/STM32_Drivers.dir/__/__/Drivers/STM32U0xx_HAL_Driver/Src/stm32u0xx_hal_rtc.c.obj
                0x080033bc                HAL_RTC_SetDate
 .text.HAL_RTC_GetDate
                0x08003508       0x9c cmake/stm32cubemx/CMakeFiles/STM32_Drivers.dir/__/__/Drivers/STM32U0xx_HAL_Driver/Src/stm32u0xx_hal_rtc.c.obj
                0x08003508                HAL_RTC_GetDate
 .text.HAL_RTC_WaitForSynchro
                0x080035a4       0x4c cmake/stm32cubemx/CMakeFiles/STM32_Drivers.dir/__/__/Drivers/STM32U0xx_HAL_Driver/Src/stm32u0xx_hal_rtc.c.obj
                0x080035a4                HAL_RTC_WaitForSynchro
 .text.RTC_EnterInitMode
                0x080035f0       0x58 cmake/stm32cubemx/CMakeFiles/STM32_Drivers.dir/__/__/Drivers/STM32U0xx_HAL_Driver/Src/stm32u0xx_hal_rtc.c.obj
                0x080035f0                RTC_EnterInitMode
 .text.RTC_ByteToBcd2
                0x08003648       0x50 cmake/stm32cubemx/CMakeFiles/STM32_Drivers.dir/__/__/Drivers/STM32U0xx_HAL_Driver/Src/stm32u0xx_hal_rtc.c.obj
                0x08003648                RTC_ByteToBcd2
 .text.RTC_Bcd2ToByte
                0x08003698       0x3a cmake/stm32cubemx/CMakeFiles/STM32_Drivers.dir/__/__/Drivers/STM32U0xx_HAL_Driver/Src/stm32u0xx_hal_rtc.c.obj
                0x08003698                RTC_Bcd2ToByte
 *fill*         0x080036d2        0x2 
 .text.HAL_UART_Init
                0x080036d4       0xac cmake/stm32cubemx/CMakeFiles/STM32_Drivers.dir/__/__/Drivers/STM32U0xx_HAL_Driver/Src/stm32u0xx_hal_uart.c.obj
                0x080036d4                HAL_UART_Init
 .text.HAL_UART_Transmit
                0x08003780      0x148 cmake/stm32cubemx/CMakeFiles/STM32_Drivers.dir/__/__/Drivers/STM32U0xx_HAL_Driver/Src/stm32u0xx_hal_uart.c.obj
                0x08003780                HAL_UART_Transmit
 .text.UART_SetConfig
                0x080038c8      0x3a4 cmake/stm32cubemx/CMakeFiles/STM32_Drivers.dir/__/__/Drivers/STM32U0xx_HAL_Driver/Src/stm32u0xx_hal_uart.c.obj
                0x080038c8                UART_SetConfig
 .text.UART_AdvFeatureConfig
                0x08003c6c      0x168 cmake/stm32cubemx/CMakeFiles/STM32_Drivers.dir/__/__/Drivers/STM32U0xx_HAL_Driver/Src/stm32u0xx_hal_uart.c.obj
                0x08003c6c                UART_AdvFeatureConfig
 .text.UART_CheckIdleState
                0x08003dd4      0x154 cmake/stm32cubemx/CMakeFiles/STM32_Drivers.dir/__/__/Drivers/STM32U0xx_HAL_Driver/Src/stm32u0xx_hal_uart.c.obj
                0x08003dd4                UART_CheckIdleState
 .text.UART_WaitOnFlagUntilTimeout
                0x08003f28       0xde cmake/stm32cubemx/CMakeFiles/STM32_Drivers.dir/__/__/Drivers/STM32U0xx_HAL_Driver/Src/stm32u0xx_hal_uart.c.obj
                0x08003f28                UART_WaitOnFlagUntilTimeout
 *fill*         0x08004006        0x2 
 .text.UART_EndRxTransfer
                0x08004008       0xcc cmake/stm32cubemx/CMakeFiles/STM32_Drivers.dir/__/__/Drivers/STM32U0xx_HAL_Driver/Src/stm32u0xx_hal_uart.c.obj
 .text.HAL_UARTEx_DisableFifoMode
                0x080040d4       0x74 cmake/stm32cubemx/CMakeFiles/STM32_Drivers.dir/__/__/Drivers/STM32U0xx_HAL_Driver/Src/stm32u0xx_hal_uart_ex.c.obj
                0x080040d4                HAL_UARTEx_DisableFifoMode
 .text.HAL_UARTEx_SetTxFifoThreshold
                0x08004148       0x7e cmake/stm32cubemx/CMakeFiles/STM32_Drivers.dir/__/__/Drivers/STM32U0xx_HAL_Driver/Src/stm32u0xx_hal_uart_ex.c.obj
                0x08004148                HAL_UARTEx_SetTxFifoThreshold
 *fill*         0x080041c6        0x2 
 .text.HAL_UARTEx_SetRxFifoThreshold
                0x080041c8       0x84 cmake/stm32cubemx/CMakeFiles/STM32_Drivers.dir/__/__/Drivers/STM32U0xx_HAL_Driver/Src/stm32u0xx_hal_uart_ex.c.obj
                0x080041c8                HAL_UARTEx_SetRxFifoThreshold
 .text.UARTEx_SetNbDataToProcess
                0x0800424c       0xbc cmake/stm32cubemx/CMakeFiles/STM32_Drivers.dir/__/__/Drivers/STM32U0xx_HAL_Driver/Src/stm32u0xx_hal_uart_ex.c.obj
 .text.BSP_LED_Init
                0x08004308       0x7c cmake/stm32cubemx/CMakeFiles/STM32_Drivers.dir/__/__/Drivers/BSP/STM32U0xx_Nucleo/stm32u0xx_nucleo.c.obj
                0x08004308                BSP_LED_Init
 .text.BSP_LED_Toggle
                0x08004384       0x44 cmake/stm32cubemx/CMakeFiles/STM32_Drivers.dir/__/__/Drivers/BSP/STM32U0xx_Nucleo/stm32u0xx_nucleo.c.obj
                0x08004384                BSP_LED_Toggle
 .text.BSP_PB_Init
                0x080043c8      0x104 cmake/stm32cubemx/CMakeFiles/STM32_Drivers.dir/__/__/Drivers/BSP/STM32U0xx_Nucleo/stm32u0xx_nucleo.c.obj
                0x080043c8                BSP_PB_Init
 .text.BSP_PB_IRQHandler
                0x080044cc       0x30 cmake/stm32cubemx/CMakeFiles/STM32_Drivers.dir/__/__/Drivers/BSP/STM32U0xx_Nucleo/stm32u0xx_nucleo.c.obj
                0x080044cc                BSP_PB_IRQHandler
 .text.BUTTON_USER_EXTI_Callback
                0x080044fc       0x10 cmake/stm32cubemx/CMakeFiles/STM32_Drivers.dir/__/__/Drivers/BSP/STM32U0xx_Nucleo/stm32u0xx_nucleo.c.obj
 .text.pvPortMalloc
                0x0800450c       0xa8 cmake/stm32cubemx/CMakeFiles/RTOS2.dir/__/__/Middlewares/Third_Party/FreeRTOS/Source/portable/MemMang/heap_1.c.obj
                0x0800450c                pvPortMalloc
 .text.vPortFree
                0x080045b4       0x1c cmake/stm32cubemx/CMakeFiles/RTOS2.dir/__/__/Middlewares/Third_Party/FreeRTOS/Source/portable/MemMang/heap_1.c.obj
                0x080045b4                vPortFree
 .text.vListInitialise
                0x080045d0       0x3c cmake/stm32cubemx/CMakeFiles/RTOS2.dir/__/__/Middlewares/Third_Party/FreeRTOS/Source/list.c.obj
                0x080045d0                vListInitialise
 .text.vListInitialiseItem
                0x0800460c       0x16 cmake/stm32cubemx/CMakeFiles/RTOS2.dir/__/__/Middlewares/Third_Party/FreeRTOS/Source/list.c.obj
                0x0800460c                vListInitialiseItem
 .text.vListInsert
                0x08004622       0x6c cmake/stm32cubemx/CMakeFiles/RTOS2.dir/__/__/Middlewares/Third_Party/FreeRTOS/Source/list.c.obj
                0x08004622                vListInsert
 .text.uxListRemove
                0x0800468e       0x50 cmake/stm32cubemx/CMakeFiles/RTOS2.dir/__/__/Middlewares/Third_Party/FreeRTOS/Source/list.c.obj
                0x0800468e                uxListRemove
 .text.xQueueGenericReset
                0x080046de      0x116 cmake/stm32cubemx/CMakeFiles/RTOS2.dir/__/__/Middlewares/Third_Party/FreeRTOS/Source/queue.c.obj
                0x080046de                xQueueGenericReset
 .text.xQueueGenericCreateStatic
                0x080047f4       0x8e cmake/stm32cubemx/CMakeFiles/RTOS2.dir/__/__/Middlewares/Third_Party/FreeRTOS/Source/queue.c.obj
                0x080047f4                xQueueGenericCreateStatic
 .text.xQueueGenericCreate
                0x08004882       0xc6 cmake/stm32cubemx/CMakeFiles/RTOS2.dir/__/__/Middlewares/Third_Party/FreeRTOS/Source/queue.c.obj
                0x08004882                xQueueGenericCreate
 .text.prvInitialiseNewQueue
                0x08004948       0x4e cmake/stm32cubemx/CMakeFiles/RTOS2.dir/__/__/Middlewares/Third_Party/FreeRTOS/Source/queue.c.obj
 .text.xQueueCreateCountingSemaphoreStatic
                0x08004996       0x56 cmake/stm32cubemx/CMakeFiles/RTOS2.dir/__/__/Middlewares/Third_Party/FreeRTOS/Source/queue.c.obj
                0x08004996                xQueueCreateCountingSemaphoreStatic
 .text.xQueueCreateCountingSemaphore
                0x080049ec       0x50 cmake/stm32cubemx/CMakeFiles/RTOS2.dir/__/__/Middlewares/Third_Party/FreeRTOS/Source/queue.c.obj
                0x080049ec                xQueueCreateCountingSemaphore
 .text.xQueueGenericSend
                0x08004a3c      0x190 cmake/stm32cubemx/CMakeFiles/RTOS2.dir/__/__/Middlewares/Third_Party/FreeRTOS/Source/queue.c.obj
                0x08004a3c                xQueueGenericSend
 .text.xQueueGiveFromISR
                0x08004bcc       0xf6 cmake/stm32cubemx/CMakeFiles/RTOS2.dir/__/__/Middlewares/Third_Party/FreeRTOS/Source/queue.c.obj
                0x08004bcc                xQueueGiveFromISR
 .text.xQueueReceive
                0x08004cc2      0x170 cmake/stm32cubemx/CMakeFiles/RTOS2.dir/__/__/Middlewares/Third_Party/FreeRTOS/Source/queue.c.obj
                0x08004cc2                xQueueReceive
 .text.xQueueSemaphoreTake
                0x08004e32      0x1b0 cmake/stm32cubemx/CMakeFiles/RTOS2.dir/__/__/Middlewares/Third_Party/FreeRTOS/Source/queue.c.obj
                0x08004e32                xQueueSemaphoreTake
 .text.xQueueReceiveFromISR
                0x08004fe2       0xf0 cmake/stm32cubemx/CMakeFiles/RTOS2.dir/__/__/Middlewares/Third_Party/FreeRTOS/Source/queue.c.obj
                0x08004fe2                xQueueReceiveFromISR
 .text.vQueueDelete
                0x080050d2       0x3a cmake/stm32cubemx/CMakeFiles/RTOS2.dir/__/__/Middlewares/Third_Party/FreeRTOS/Source/queue.c.obj
                0x080050d2                vQueueDelete
 .text.prvGetHighestPriorityOfWaitToReceiveList
                0x0800510c       0x2c cmake/stm32cubemx/CMakeFiles/RTOS2.dir/__/__/Middlewares/Third_Party/FreeRTOS/Source/queue.c.obj
 .text.prvCopyDataToQueue
                0x08005138       0xd6 cmake/stm32cubemx/CMakeFiles/RTOS2.dir/__/__/Middlewares/Third_Party/FreeRTOS/Source/queue.c.obj
 .text.prvCopyDataFromQueue
                0x0800520e       0x4c cmake/stm32cubemx/CMakeFiles/RTOS2.dir/__/__/Middlewares/Third_Party/FreeRTOS/Source/queue.c.obj
 .text.prvUnlockQueue
                0x0800525a       0xbc cmake/stm32cubemx/CMakeFiles/RTOS2.dir/__/__/Middlewares/Third_Party/FreeRTOS/Source/queue.c.obj
 .text.prvIsQueueEmpty
                0x08005316       0x2c cmake/stm32cubemx/CMakeFiles/RTOS2.dir/__/__/Middlewares/Third_Party/FreeRTOS/Source/queue.c.obj
 .text.prvIsQueueFull
                0x08005342       0x30 cmake/stm32cubemx/CMakeFiles/RTOS2.dir/__/__/Middlewares/Third_Party/FreeRTOS/Source/queue.c.obj
 *fill*         0x08005372        0x2 
 .text.vQueueAddToRegistry
                0x08005374       0x8c cmake/stm32cubemx/CMakeFiles/RTOS2.dir/__/__/Middlewares/Third_Party/FreeRTOS/Source/queue.c.obj
                0x08005374                vQueueAddToRegistry
 .text.vQueueUnregisterQueue
                0x08005400       0x60 cmake/stm32cubemx/CMakeFiles/RTOS2.dir/__/__/Middlewares/Third_Party/FreeRTOS/Source/queue.c.obj
                0x08005400                vQueueUnregisterQueue
 .text.vQueueWaitForMessageRestricted
                0x08005460       0x66 cmake/stm32cubemx/CMakeFiles/RTOS2.dir/__/__/Middlewares/Third_Party/FreeRTOS/Source/queue.c.obj
                0x08005460                vQueueWaitForMessageRestricted
 .text.prvCreateStaticTask
                0x080054c6       0x90 cmake/stm32cubemx/CMakeFiles/RTOS2.dir/__/__/Middlewares/Third_Party/FreeRTOS/Source/tasks.c.obj
 .text.xTaskCreateStatic
                0x08005556       0x4e cmake/stm32cubemx/CMakeFiles/RTOS2.dir/__/__/Middlewares/Third_Party/FreeRTOS/Source/tasks.c.obj
                0x08005556                xTaskCreateStatic
 .text.prvCreateTask
                0x080055a4       0x8a cmake/stm32cubemx/CMakeFiles/RTOS2.dir/__/__/Middlewares/Third_Party/FreeRTOS/Source/tasks.c.obj
 .text.xTaskCreate
                0x0800562e       0x4c cmake/stm32cubemx/CMakeFiles/RTOS2.dir/__/__/Middlewares/Third_Party/FreeRTOS/Source/tasks.c.obj
                0x0800562e                xTaskCreate
 *fill*         0x0800567a        0x2 
 .text.prvInitialiseNewTask
                0x0800567c      0x104 cmake/stm32cubemx/CMakeFiles/RTOS2.dir/__/__/Middlewares/Third_Party/FreeRTOS/Source/tasks.c.obj
 .text.prvAddNewTaskToReadyList
                0x08005780      0x120 cmake/stm32cubemx/CMakeFiles/RTOS2.dir/__/__/Middlewares/Third_Party/FreeRTOS/Source/tasks.c.obj
 .text.vTaskDelay
                0x080058a0       0x4c cmake/stm32cubemx/CMakeFiles/RTOS2.dir/__/__/Middlewares/Third_Party/FreeRTOS/Source/tasks.c.obj
                0x080058a0                vTaskDelay
 .text.prvCreateIdleTasks
                0x080058ec       0xec cmake/stm32cubemx/CMakeFiles/RTOS2.dir/__/__/Middlewares/Third_Party/FreeRTOS/Source/tasks.c.obj
 .text.vTaskStartScheduler
                0x080059d8       0x68 cmake/stm32cubemx/CMakeFiles/RTOS2.dir/__/__/Middlewares/Third_Party/FreeRTOS/Source/tasks.c.obj
                0x080059d8                vTaskStartScheduler
 .text.vTaskSuspendAll
                0x08005a40       0x18 cmake/stm32cubemx/CMakeFiles/RTOS2.dir/__/__/Middlewares/Third_Party/FreeRTOS/Source/tasks.c.obj
                0x08005a40                vTaskSuspendAll
 .text.xTaskResumeAll
                0x08005a58      0x1ec cmake/stm32cubemx/CMakeFiles/RTOS2.dir/__/__/Middlewares/Third_Party/FreeRTOS/Source/tasks.c.obj
                0x08005a58                xTaskResumeAll
 .text.xTaskGetTickCount
                0x08005c44       0x1c cmake/stm32cubemx/CMakeFiles/RTOS2.dir/__/__/Middlewares/Third_Party/FreeRTOS/Source/tasks.c.obj
                0x08005c44                xTaskGetTickCount
 .text.xTaskGetTickCountFromISR
                0x08005c60       0x20 cmake/stm32cubemx/CMakeFiles/RTOS2.dir/__/__/Middlewares/Third_Party/FreeRTOS/Source/tasks.c.obj
                0x08005c60                xTaskGetTickCountFromISR
 .text.uxTaskGetNumberOfTasks
                0x08005c80       0x14 cmake/stm32cubemx/CMakeFiles/RTOS2.dir/__/__/Middlewares/Third_Party/FreeRTOS/Source/tasks.c.obj
                0x08005c80                uxTaskGetNumberOfTasks
 .text.xTaskIncrementTick
                0x08005c94      0x21c cmake/stm32cubemx/CMakeFiles/RTOS2.dir/__/__/Middlewares/Third_Party/FreeRTOS/Source/tasks.c.obj
                0x08005c94                xTaskIncrementTick
 .text.vTaskSwitchContext
                0x08005eb0       0xa8 cmake/stm32cubemx/CMakeFiles/RTOS2.dir/__/__/Middlewares/Third_Party/FreeRTOS/Source/tasks.c.obj
                0x08005eb0                vTaskSwitchContext
 .text.vTaskPlaceOnEventList
                0x08005f58       0x40 cmake/stm32cubemx/CMakeFiles/RTOS2.dir/__/__/Middlewares/Third_Party/FreeRTOS/Source/tasks.c.obj
                0x08005f58                vTaskPlaceOnEventList
 .text.vTaskPlaceOnEventListRestricted
                0x08005f98       0x80 cmake/stm32cubemx/CMakeFiles/RTOS2.dir/__/__/Middlewares/Third_Party/FreeRTOS/Source/tasks.c.obj
                0x08005f98                vTaskPlaceOnEventListRestricted
 .text.xTaskRemoveFromEventList
                0x08006018      0x19c cmake/stm32cubemx/CMakeFiles/RTOS2.dir/__/__/Middlewares/Third_Party/FreeRTOS/Source/tasks.c.obj
                0x08006018                xTaskRemoveFromEventList
 .text.vTaskInternalSetTimeOutState
                0x080061b4       0x28 cmake/stm32cubemx/CMakeFiles/RTOS2.dir/__/__/Middlewares/Third_Party/FreeRTOS/Source/tasks.c.obj
                0x080061b4                vTaskInternalSetTimeOutState
 .text.xTaskCheckForTimeOut
                0x080061dc       0xcc cmake/stm32cubemx/CMakeFiles/RTOS2.dir/__/__/Middlewares/Third_Party/FreeRTOS/Source/tasks.c.obj
                0x080061dc                xTaskCheckForTimeOut
 .text.vTaskMissedYield
                0x080062a8       0x14 cmake/stm32cubemx/CMakeFiles/RTOS2.dir/__/__/Middlewares/Third_Party/FreeRTOS/Source/tasks.c.obj
                0x080062a8                vTaskMissedYield
 .text.prvIdleTask
                0x080062bc       0x20 cmake/stm32cubemx/CMakeFiles/RTOS2.dir/__/__/Middlewares/Third_Party/FreeRTOS/Source/tasks.c.obj
 .text.prvInitialiseTaskLists
                0x080062dc       0x88 cmake/stm32cubemx/CMakeFiles/RTOS2.dir/__/__/Middlewares/Third_Party/FreeRTOS/Source/tasks.c.obj
 .text.prvCheckTasksWaitingTermination
                0x08006364       0x5c cmake/stm32cubemx/CMakeFiles/RTOS2.dir/__/__/Middlewares/Third_Party/FreeRTOS/Source/tasks.c.obj
 .text.prvDeleteTCB
                0x080063c0       0x52 cmake/stm32cubemx/CMakeFiles/RTOS2.dir/__/__/Middlewares/Third_Party/FreeRTOS/Source/tasks.c.obj
 *fill*         0x08006412        0x2 
 .text.prvResetNextTaskUnblockTime
                0x08006414       0x34 cmake/stm32cubemx/CMakeFiles/RTOS2.dir/__/__/Middlewares/Third_Party/FreeRTOS/Source/tasks.c.obj
 .text.xTaskGetSchedulerState
                0x08006448       0x38 cmake/stm32cubemx/CMakeFiles/RTOS2.dir/__/__/Middlewares/Third_Party/FreeRTOS/Source/tasks.c.obj
                0x08006448                xTaskGetSchedulerState
 .text.xTaskPriorityInherit
                0x08006480      0x124 cmake/stm32cubemx/CMakeFiles/RTOS2.dir/__/__/Middlewares/Third_Party/FreeRTOS/Source/tasks.c.obj
                0x08006480                xTaskPriorityInherit
 .text.xTaskPriorityDisinherit
                0x080065a4      0x10c cmake/stm32cubemx/CMakeFiles/RTOS2.dir/__/__/Middlewares/Third_Party/FreeRTOS/Source/tasks.c.obj
                0x080065a4                xTaskPriorityDisinherit
 .text.vTaskPriorityDisinheritAfterTimeout
                0x080066b0      0x134 cmake/stm32cubemx/CMakeFiles/RTOS2.dir/__/__/Middlewares/Third_Party/FreeRTOS/Source/tasks.c.obj
                0x080066b0                vTaskPriorityDisinheritAfterTimeout
 .text.pvTaskIncrementMutexHeldCount
                0x080067e4       0x2c cmake/stm32cubemx/CMakeFiles/RTOS2.dir/__/__/Middlewares/Third_Party/FreeRTOS/Source/tasks.c.obj
                0x080067e4                pvTaskIncrementMutexHeldCount
 .text.prvAddCurrentTaskToDelayedList
                0x08006810       0xec cmake/stm32cubemx/CMakeFiles/RTOS2.dir/__/__/Middlewares/Third_Party/FreeRTOS/Source/tasks.c.obj
 .text.vApplicationGetIdleTaskMemory
                0x080068fc       0x30 cmake/stm32cubemx/CMakeFiles/RTOS2.dir/__/__/Middlewares/Third_Party/FreeRTOS/Source/tasks.c.obj
                0x080068fc                vApplicationGetIdleTaskMemory
 .text.vApplicationGetTimerTaskMemory
                0x0800692c       0x30 cmake/stm32cubemx/CMakeFiles/RTOS2.dir/__/__/Middlewares/Third_Party/FreeRTOS/Source/tasks.c.obj
                0x0800692c                vApplicationGetTimerTaskMemory
 .text.xTimerCreateTimerTask
                0x0800695c       0x80 cmake/stm32cubemx/CMakeFiles/RTOS2.dir/__/__/Middlewares/Third_Party/FreeRTOS/Source/timers.c.obj
                0x0800695c                xTimerCreateTimerTask
 .text.xTimerCreate
                0x080069dc       0x46 cmake/stm32cubemx/CMakeFiles/RTOS2.dir/__/__/Middlewares/Third_Party/FreeRTOS/Source/timers.c.obj
                0x080069dc                xTimerCreate
 .text.xTimerCreateStatic
                0x08006a22       0x5e cmake/stm32cubemx/CMakeFiles/RTOS2.dir/__/__/Middlewares/Third_Party/FreeRTOS/Source/timers.c.obj
                0x08006a22                xTimerCreateStatic
 .text.prvInitialiseNewTimer
                0x08006a80       0x60 cmake/stm32cubemx/CMakeFiles/RTOS2.dir/__/__/Middlewares/Third_Party/FreeRTOS/Source/timers.c.obj
 .text.xTimerGenericCommandFromTask
                0x08006ae0       0x88 cmake/stm32cubemx/CMakeFiles/RTOS2.dir/__/__/Middlewares/Third_Party/FreeRTOS/Source/timers.c.obj
                0x08006ae0                xTimerGenericCommandFromTask
 .text.prvReloadTimer
                0x08006b68       0x42 cmake/stm32cubemx/CMakeFiles/RTOS2.dir/__/__/Middlewares/Third_Party/FreeRTOS/Source/timers.c.obj
 *fill*         0x08006baa        0x2 
 .text.prvProcessExpiredTimer
                0x08006bac       0x64 cmake/stm32cubemx/CMakeFiles/RTOS2.dir/__/__/Middlewares/Third_Party/FreeRTOS/Source/timers.c.obj
 .text.prvTimerTask
                0x08006c10       0x2a cmake/stm32cubemx/CMakeFiles/RTOS2.dir/__/__/Middlewares/Third_Party/FreeRTOS/Source/timers.c.obj
 *fill*         0x08006c3a        0x2 
 .text.prvProcessTimerOrBlockTask
                0x08006c3c       0x90 cmake/stm32cubemx/CMakeFiles/RTOS2.dir/__/__/Middlewares/Third_Party/FreeRTOS/Source/timers.c.obj
 .text.prvGetNextExpireTime
                0x08006ccc       0x44 cmake/stm32cubemx/CMakeFiles/RTOS2.dir/__/__/Middlewares/Third_Party/FreeRTOS/Source/timers.c.obj
 .text.prvSampleTimeNow
                0x08006d10       0x40 cmake/stm32cubemx/CMakeFiles/RTOS2.dir/__/__/Middlewares/Third_Party/FreeRTOS/Source/timers.c.obj
 .text.prvInsertTimerInActiveList
                0x08006d50       0x84 cmake/stm32cubemx/CMakeFiles/RTOS2.dir/__/__/Middlewares/Third_Party/FreeRTOS/Source/timers.c.obj
 .text.prvProcessReceivedCommands
                0x08006dd4      0x1a0 cmake/stm32cubemx/CMakeFiles/RTOS2.dir/__/__/Middlewares/Third_Party/FreeRTOS/Source/timers.c.obj
 .text.prvSwitchTimerLists
                0x08006f74       0x50 cmake/stm32cubemx/CMakeFiles/RTOS2.dir/__/__/Middlewares/Third_Party/FreeRTOS/Source/timers.c.obj
 .text.prvCheckForValidListAndQueue
                0x08006fc4       0x84 cmake/stm32cubemx/CMakeFiles/RTOS2.dir/__/__/Middlewares/Third_Party/FreeRTOS/Source/timers.c.obj
 .text.pvTimerGetTimerID
                0x08007048       0x30 cmake/stm32cubemx/CMakeFiles/RTOS2.dir/__/__/Middlewares/Third_Party/FreeRTOS/Source/timers.c.obj
                0x08007048                pvTimerGetTimerID
 .text.IRQ_Context
                0x08007078       0x44 cmake/stm32cubemx/CMakeFiles/RTOS2.dir/__/__/Middlewares/Third_Party/FreeRTOS/Source/CMSIS_RTOS_V2/cmsis_os2.c.obj
 .text.osKernelInitialize
                0x080070bc       0x4c cmake/stm32cubemx/CMakeFiles/RTOS2.dir/__/__/Middlewares/Third_Party/FreeRTOS/Source/CMSIS_RTOS_V2/cmsis_os2.c.obj
                0x080070bc                osKernelInitialize
 .text.osKernelStart
                0x08007108       0x50 cmake/stm32cubemx/CMakeFiles/RTOS2.dir/__/__/Middlewares/Third_Party/FreeRTOS/Source/CMSIS_RTOS_V2/cmsis_os2.c.obj
                0x08007108                osKernelStart
 .text.osKernelGetTickCount
                0x08007158       0x2a cmake/stm32cubemx/CMakeFiles/RTOS2.dir/__/__/Middlewares/Third_Party/FreeRTOS/Source/CMSIS_RTOS_V2/cmsis_os2.c.obj
                0x08007158                osKernelGetTickCount
 .text.osThreadNew
                0x08007182      0x12e cmake/stm32cubemx/CMakeFiles/RTOS2.dir/__/__/Middlewares/Third_Party/FreeRTOS/Source/CMSIS_RTOS_V2/cmsis_os2.c.obj
                0x08007182                osThreadNew
 .text.osDelay  0x080072b0       0x34 cmake/stm32cubemx/CMakeFiles/RTOS2.dir/__/__/Middlewares/Third_Party/FreeRTOS/Source/CMSIS_RTOS_V2/cmsis_os2.c.obj
                0x080072b0                osDelay
 .text.TimerCallback
                0x080072e4       0x36 cmake/stm32cubemx/CMakeFiles/RTOS2.dir/__/__/Middlewares/Third_Party/FreeRTOS/Source/CMSIS_RTOS_V2/cmsis_os2.c.obj
 *fill*         0x0800731a        0x2 
 .text.osTimerNew
                0x0800731c      0x158 cmake/stm32cubemx/CMakeFiles/RTOS2.dir/__/__/Middlewares/Third_Party/FreeRTOS/Source/CMSIS_RTOS_V2/cmsis_os2.c.obj
                0x0800731c                osTimerNew
 .text.osTimerStart
                0x08007474       0x5e cmake/stm32cubemx/CMakeFiles/RTOS2.dir/__/__/Middlewares/Third_Party/FreeRTOS/Source/CMSIS_RTOS_V2/cmsis_os2.c.obj
                0x08007474                osTimerStart
 .text.osSemaphoreNew
                0x080074d2      0x122 cmake/stm32cubemx/CMakeFiles/RTOS2.dir/__/__/Middlewares/Third_Party/FreeRTOS/Source/CMSIS_RTOS_V2/cmsis_os2.c.obj
                0x080074d2                osSemaphoreNew
 .text.osSemaphoreAcquire
                0x080075f4       0x9c cmake/stm32cubemx/CMakeFiles/RTOS2.dir/__/__/Middlewares/Third_Party/FreeRTOS/Source/CMSIS_RTOS_V2/cmsis_os2.c.obj
                0x080075f4                osSemaphoreAcquire
 .text.osSemaphoreRelease
                0x08007690       0x7c cmake/stm32cubemx/CMakeFiles/RTOS2.dir/__/__/Middlewares/Third_Party/FreeRTOS/Source/CMSIS_RTOS_V2/cmsis_os2.c.obj
                0x08007690                osSemaphoreRelease
 .text.osMessageQueueNew
                0x0800770c       0xec cmake/stm32cubemx/CMakeFiles/RTOS2.dir/__/__/Middlewares/Third_Party/FreeRTOS/Source/CMSIS_RTOS_V2/cmsis_os2.c.obj
                0x0800770c                osMessageQueueNew
 .text.osMessageQueueGet
                0x080077f8       0xb0 cmake/stm32cubemx/CMakeFiles/RTOS2.dir/__/__/Middlewares/Third_Party/FreeRTOS/Source/CMSIS_RTOS_V2/cmsis_os2.c.obj
                0x080077f8                osMessageQueueGet
 .text.vPortSetupTimerInterrupt
                0x080078a8       0x44 cmake/stm32cubemx/CMakeFiles/RTOS2.dir/__/__/Middlewares/Third_Party/FreeRTOS/Source/portable/GCC/ARM_CM0/port.c.obj
                0x080078a8                vPortSetupTimerInterrupt
 .text.prvTaskExitError
                0x080078ec       0x30 cmake/stm32cubemx/CMakeFiles/RTOS2.dir/__/__/Middlewares/Third_Party/FreeRTOS/Source/portable/GCC/ARM_CM0/port.c.obj
 .text.vPortYield
                0x0800791c       0x20 cmake/stm32cubemx/CMakeFiles/RTOS2.dir/__/__/Middlewares/Third_Party/FreeRTOS/Source/portable/GCC/ARM_CM0/port.c.obj
                0x0800791c                vPortYield
 .text.vPortEnterCritical
                0x0800793c       0x24 cmake/stm32cubemx/CMakeFiles/RTOS2.dir/__/__/Middlewares/Third_Party/FreeRTOS/Source/portable/GCC/ARM_CM0/port.c.obj
                0x0800793c                vPortEnterCritical
 .text.vPortExitCritical
                0x08007960       0x30 cmake/stm32cubemx/CMakeFiles/RTOS2.dir/__/__/Middlewares/Third_Party/FreeRTOS/Source/portable/GCC/ARM_CM0/port.c.obj
                0x08007960                vPortExitCritical
 .text.SysTick_Handler
                0x08007990       0x34 cmake/stm32cubemx/CMakeFiles/RTOS2.dir/__/__/Middlewares/Third_Party/FreeRTOS/Source/portable/GCC/ARM_CM0/port.c.obj
                0x08007990                SysTick_Handler
 .text.vPortSVCHandler_C
                0x080079c4       0x38 cmake/stm32cubemx/CMakeFiles/RTOS2.dir/__/__/Middlewares/Third_Party/FreeRTOS/Source/portable/GCC/ARM_CM0/port.c.obj
                0x080079c4                vPortSVCHandler_C
 .text.pxPortInitialiseStack
                0x080079fc      0x11c cmake/stm32cubemx/CMakeFiles/RTOS2.dir/__/__/Middlewares/Third_Party/FreeRTOS/Source/portable/GCC/ARM_CM0/port.c.obj
                0x080079fc                pxPortInitialiseStack
 .text.xPortStartScheduler
                0x08007b18       0x8c cmake/stm32cubemx/CMakeFiles/RTOS2.dir/__/__/Middlewares/Third_Party/FreeRTOS/Source/portable/GCC/ARM_CM0/port.c.obj
                0x08007b18                xPortStartScheduler
 *fill*         0x08007ba4        0xc 
 .text.vRestoreContextOfFirstTask
                0x08007bb0       0x28 cmake/stm32cubemx/CMakeFiles/RTOS2.dir/__/__/Middlewares/Third_Party/FreeRTOS/Source/portable/GCC/ARM_CM0/portasm.c.obj
                0x08007bb0                vRestoreContextOfFirstTask
 *fill*         0x08007bd8        0x8 
 .text.vStartFirstTask
                0x08007be0       0x14 cmake/stm32cubemx/CMakeFiles/RTOS2.dir/__/__/Middlewares/Third_Party/FreeRTOS/Source/portable/GCC/ARM_CM0/portasm.c.obj
                0x08007be0                vStartFirstTask
 .text.ulSetInterruptMask
                0x08007bf4        0xc cmake/stm32cubemx/CMakeFiles/RTOS2.dir/__/__/Middlewares/Third_Party/FreeRTOS/Source/portable/GCC/ARM_CM0/portasm.c.obj
                0x08007bf4                ulSetInterruptMask
 .text.vClearInterruptMask
                0x08007c00        0x8 cmake/stm32cubemx/CMakeFiles/RTOS2.dir/__/__/Middlewares/Third_Party/FreeRTOS/Source/portable/GCC/ARM_CM0/portasm.c.obj
                0x08007c00                vClearInterruptMask
 *fill*         0x08007c08        0x8 
 .text.PendSV_Handler
                0x08007c10       0x48 cmake/stm32cubemx/CMakeFiles/RTOS2.dir/__/__/Middlewares/Third_Party/FreeRTOS/Source/portable/GCC/ARM_CM0/portasm.c.obj
                0x08007c10                PendSV_Handler
 *fill*         0x08007c58        0x8 
 .text.SVC_Handler
                0x08007c60       0x28 cmake/stm32cubemx/CMakeFiles/RTOS2.dir/__/__/Middlewares/Third_Party/FreeRTOS/Source/portable/GCC/ARM_CM0/portasm.c.obj
                0x08007c60                SVC_Handler
 .text.main     0x08007c88       0x80 CMakeFiles/rtosalarm.dir/Core/Src/main.c.obj
                0x08007c88                main
 .text.SystemClock_Config
                0x08007d08       0x90 CMakeFiles/rtosalarm.dir/Core/Src/main.c.obj
                0x08007d08                SystemClock_Config
 .text.MX_RTC_Init
                0x08007d98       0xd8 CMakeFiles/rtosalarm.dir/Core/Src/main.c.obj
 .text.MX_USART2_UART_Init
                0x08007e70       0x9c CMakeFiles/rtosalarm.dir/Core/Src/main.c.obj
 .text.MX_GPIO_Init
                0x08007f0c      0x148 CMakeFiles/rtosalarm.dir/Core/Src/main.c.obj
 .text.HAL_TIM_PeriodElapsedCallback
                0x08008054       0x20 CMakeFiles/rtosalarm.dir/Core/Src/main.c.obj
                0x08008054                HAL_TIM_PeriodElapsedCallback
 .text.BSP_PB_Callback
                0x08008074       0x28 CMakeFiles/rtosalarm.dir/Core/Src/main.c.obj
                0x08008074                BSP_PB_Callback
 .text.Error_Handler
                0x0800809c        0xc CMakeFiles/rtosalarm.dir/Core/Src/main.c.obj
                0x0800809c                Error_Handler
 .text.MX_FREERTOS_Init
                0x080080a8       0x28 CMakeFiles/rtosalarm.dir/Core/Src/app_freertos.c.obj
                0x080080a8                MX_FREERTOS_Init
 .text.StartDefaultTask
                0x080080d0       0x10 CMakeFiles/rtosalarm.dir/Core/Src/app_freertos.c.obj
                0x080080d0                StartDefaultTask
 .text.NMI_Handler
                0x080080e0        0x8 CMakeFiles/rtosalarm.dir/Core/Src/stm32u0xx_it.c.obj
                0x080080e0                NMI_Handler
 .text.HardFault_Handler
                0x080080e8        0x8 CMakeFiles/rtosalarm.dir/Core/Src/stm32u0xx_it.c.obj
                0x080080e8                HardFault_Handler
 .text.EXTI4_15_IRQHandler
                0x080080f0       0x2a CMakeFiles/rtosalarm.dir/Core/Src/stm32u0xx_it.c.obj
                0x080080f0                EXTI4_15_IRQHandler
 *fill*         0x0800811a        0x2 
 .text.TIM2_IRQHandler
                0x0800811c       0x18 CMakeFiles/rtosalarm.dir/Core/Src/stm32u0xx_it.c.obj
                0x0800811c                TIM2_IRQHandler
 .text.HAL_MspInit
                0x08008134       0x54 CMakeFiles/rtosalarm.dir/Core/Src/stm32u0xx_hal_msp.c.obj
                0x08008134                HAL_MspInit
 .text.HAL_RTC_MspInit
                0x08008188       0x80 CMakeFiles/rtosalarm.dir/Core/Src/stm32u0xx_hal_msp.c.obj
                0x08008188                HAL_RTC_MspInit
 .text.HAL_UART_MspInit
                0x08008208       0xc0 CMakeFiles/rtosalarm.dir/Core/Src/stm32u0xx_hal_msp.c.obj
                0x08008208                HAL_UART_MspInit
 .text.HAL_InitTick
                0x080082c8       0xb4 CMakeFiles/rtosalarm.dir/Core/Src/stm32u0xx_hal_timebase_tim.c.obj
                0x080082c8                HAL_InitTick
 .text.Reset_Handler
                0x0800837c       0x50 CMakeFiles/rtosalarm.dir/startup_stm32u083xx.s.obj
                0x0800837c                Reset_Handler
 .text.Default_Handler
                0x080083cc        0x2 CMakeFiles/rtosalarm.dir/startup_stm32u083xx.s.obj
                0x080083cc                WWDG_IWDG_IRQHandler
                0x080083cc                DMA1_Ch4_7_DMA2_Ch1_5_DMAMUX_OVR_IRQHandler
                0x080083cc                TIM1_CC_IRQHandler
                0x080083cc                TSC_IRQHandler
                0x080083cc                USB_DRD_FS_IRQHandler
                0x080083cc                I2C1_IRQHandler
                0x080083cc                TIM7_LPTIM2_IRQHandler
                0x080083cc                RCC_CRS_IRQHandler
                0x080083cc                RTC_TAMP_IRQHandler
                0x080083cc                I2C2_3_4_IRQHandler
                0x080083cc                SPI1_IRQHandler
                0x080083cc                EXTI2_3_IRQHandler
                0x080083cc                USART2_LPUART2_IRQHandler
                0x080083cc                LCD_IRQHandler
                0x080083cc                TIM16_IRQHandler
                0x080083cc                TIM3_IRQHandler
                0x080083cc                DMA1_Channel1_IRQHandler
                0x080083cc                Default_Handler
                0x080083cc                TIM15_LPTIM3_IRQHandler
                0x080083cc                EXTI0_1_IRQHandler
                0x080083cc                SPI2_3_IRQHandler
                0x080083cc                ADC_COMP1_2_IRQHandler
                0x080083cc                PVD_PVM_IRQHandler
                0x080083cc                TIM6_DAC_LPTIM1_IRQHandler
                0x080083cc                DMA1_Channel2_3_IRQHandler
                0x080083cc                USART4_LPUART3_IRQHandler
                0x080083cc                FLASH_ECC_IRQHandler
                0x080083cc                USART3_LPUART1_IRQHandler
                0x080083cc                USART1_IRQHandler
                0x080083cc                TIM1_BRK_UP_TRG_COM_IRQHandler
                0x080083cc                RNG_CRYP_IRQHandler
 *fill*         0x080083ce        0x2 
 .text.app_init_tasks
                0x080083d0       0x8c CMakeFiles/rtosalarm.dir/Core/Src/app.c.obj
 .text.app_init_hw
                0x0800845c        0xe CMakeFiles/rtosalarm.dir/Core/Src/app.c.obj
 *fill*         0x0800846a        0x2 
 .text.app_entry
                0x0800846c       0xe8 CMakeFiles/rtosalarm.dir/Core/Src/app.c.obj
                0x0800846c                app_entry
 .text.app_init_interfaces
                0x08008554       0x24 CMakeFiles/rtosalarm.dir/Core/Src/app.c.obj
                0x08008554                app_init_interfaces
 .text.rtc_write_time
                0x08008578       0xe0 CMakeFiles/rtosalarm.dir/Core/Src/clock.c.obj
 .text.rtc_set_time
                0x08008658       0x64 CMakeFiles/rtosalarm.dir/Core/Src/clock.c.obj
 .text.rtc_set_hours
                0x080086bc       0x38 CMakeFiles/rtosalarm.dir/Core/Src/clock.c.obj
                0x080086bc                rtc_set_hours
 .text.rtc_set_minutes
                0x080086f4       0x38 CMakeFiles/rtosalarm.dir/Core/Src/clock.c.obj
                0x080086f4                rtc_set_minutes
 .text.rtc_alarm_toggle
                0x0800872c       0x5c CMakeFiles/rtosalarm.dir/Core/Src/clock.c.obj
                0x0800872c                rtc_alarm_toggle
 .text.rtc_task
                0x08008788       0x80 CMakeFiles/rtosalarm.dir/Core/Src/clock.c.obj
                0x08008788                rtc_task
 .text.rtc_init
                0x08008808       0x98 CMakeFiles/rtosalarm.dir/Core/Src/clock.c.obj
                0x08008808                rtc_init
 .text.log_at_task
                0x080088a0       0x44 CMakeFiles/rtosalarm.dir/Core/Src/log.c.obj
                0x080088a0                log_at_task
 .text.log_at_init
                0x080088e4       0x30 CMakeFiles/rtosalarm.dir/Core/Src/log.c.obj
                0x080088e4                log_at_init
 .text.HAL_GPIO_EXTI_Falling_Callback
                0x08008914       0x68 CMakeFiles/rtosalarm.dir/Core/Src/user_input.c.obj
                0x08008914                HAL_GPIO_EXTI_Falling_Callback
 .text.lcd_write
                0x0800897c      0x14c CMakeFiles/rtosalarm.dir/Core/Src/lcd_st7066u.c.obj
                0x0800897c                lcd_write
 .text.lcd_clear_display
                0x08008ac8       0x28 CMakeFiles/rtosalarm.dir/Core/Src/lcd_st7066u.c.obj
                0x08008ac8                lcd_clear_display
 .text.lcd_entry_mode_set
                0x08008af0       0x58 CMakeFiles/rtosalarm.dir/Core/Src/lcd_st7066u.c.obj
                0x08008af0                lcd_entry_mode_set
 .text.lcd_display_on_off
                0x08008b48       0x74 CMakeFiles/rtosalarm.dir/Core/Src/lcd_st7066u.c.obj
                0x08008b48                lcd_display_on_off
 .text.lcd_func_set
                0x08008bbc       0x78 CMakeFiles/rtosalarm.dir/Core/Src/lcd_st7066u.c.obj
                0x08008bbc                lcd_func_set
 .text.lcd_write_char
                0x08008c34       0x2c CMakeFiles/rtosalarm.dir/Core/Src/lcd_st7066u.c.obj
                0x08008c34                lcd_write_char
 .text.lcd_set_cursor
                0x08008c60       0xcc CMakeFiles/rtosalarm.dir/Core/Src/lcd_st7066u.c.obj
                0x08008c60                lcd_set_cursor
 .text.lcd_write_string
                0x08008d2c       0x40 CMakeFiles/rtosalarm.dir/Core/Src/lcd_st7066u.c.obj
                0x08008d2c                lcd_write_string
 .text.lcd_init
                0x08008d6c       0x94 CMakeFiles/rtosalarm.dir/Core/Src/lcd_st7066u.c.obj
                0x08008d6c                lcd_init
 .text.memset   0x08008e00       0x10 /opt/st/stm32cubeide_2.1.1/plugins/com.st.stm32cube.ide.mcu.externaltools.gnu-tools-for-stm32.14.3.rel1.linux64_1.0.100.202602081740/tools/bin/../lib/gcc/arm-none-eabi/14.3.1/../../../../arm-none-eabi/lib/thumb/v6-m/nofp/libg_nano.a(libc_a-memset.o)
                0x08008e00                memset
 .text.__libc_init_array
                0x08008e10       0x48 /opt/st/stm32cubeide_2.1.1/plugins/com.st.stm32cube.ide.mcu.externaltools.gnu-tools-for-stm32.14.3.rel1.linux64_1.0.100.202602081740/tools/bin/../lib/gcc/arm-none-eabi/14.3.1/../../../../arm-none-eabi/lib/thumb/v6-m/nofp/libg_nano.a(libc_a-init.o)
                0x08008e10                __libc_init_array
 .text.memcpy   0x08008e58       0x12 /opt/st/stm32cubeide_2.1.1/plugins/com.st.stm32cube.ide.mcu.externaltools.gnu-tools-for-stm32.14.3.rel1.linux64_1.0.100.202602081740/tools/bin/../lib/gcc/arm-none-eabi/14.3.1/../../../../arm-none-eabi/lib/thumb/v6-m/nofp/libg_nano.a(libc_a-memcpy-stub.o)
                0x08008e58                memcpy
 *(.glue_7)
 .glue_7        0x08008e6a        0x0 linker stubs
 *(.glue_7t)
 .glue_7t       0x08008e6a        0x0 linker stubs
 *(.eh_frame)
 *fill*         0x08008e6a        0x2 
 .eh_frame      0x08008e6c        0x0 /opt/st/stm32cubeide_2.1.1/plugins/com.st.stm32cube.ide.mcu.externaltools.gnu-tools-for-stm32.14.3.rel1.linux64_1.0.100.202602081740/tools/bin/../lib/gcc/arm-none-eabi/14.3.1/thumb/v6-m/nofp/crtbegin.o
 *(.init)
 .init          0x08008e6c        0x4 /opt/st/stm32cubeide_2.1.1/plugins/com.st.stm32cube.ide.mcu.externaltools.gnu-tools-for-stm32.14.3.rel1.linux64_1.0.100.202602081740/tools/bin/../lib/gcc/arm-none-eabi/14.3.1/thumb/v6-m/nofp/crti.o
                0x08008e6c                _init
 .init          0x08008e70        0x8 /opt/st/stm32cubeide_2.1.1/plugins/com.st.stm32cube.ide.mcu.externaltools.gnu-tools-for-stm32.14.3.rel1.linux64_1.0.100.202602081740/tools/bin/../lib/gcc/arm-none-eabi/14.3.1/thumb/v6-m/nofp/crtn.o
 *(.fini)
 .fini          0x08008e78        0x4 /opt/st/stm32cubeide_2.1.1/plugins/com.st.stm32cube.ide.mcu.externaltools.gnu-tools-for-stm32.14.3.rel1.linux64_1.0.100.202602081740/tools/bin/../lib/gcc/arm-none-eabi/14.3.1/thumb/v6-m/nofp/crti.o
                0x08008e78                _fini
 .fini          0x08008e7c        0x8 /opt/st/stm32cubeide_2.1.1/plugins/com.st.stm32cube.ide.mcu.externaltools.gnu-tools-for-stm32.14.3.rel1.linux64_1.0.100.202602081740/tools/bin/../lib/gcc/arm-none-eabi/14.3.1/thumb/v6-m/nofp/crtn.o
                0x08008e84                        . = ALIGN (0x4)
                0x08008e84                        _etext = .

.vfp11_veneer   0x08008e84        0x0
 .vfp11_veneer  0x08008e84        0x0 linker stubs

.v4_bx          0x08008e84        0x0
 .v4_bx         0x08008e84        0x0 linker stubs

.iplt           0x08008e84        0x0
 .iplt          0x08008e84        0x0 /opt/st/stm32cubeide_2.1.1/plugins/com.st.stm32cube.ide.mcu.externaltools.gnu-tools-for-stm32.14.3.rel1.linux64_1.0.100.202602081740/tools/bin/../lib/gcc/arm-none-eabi/14.3.1/thumb/v6-m/nofp/crtbegin.o

.rodata         0x08008e84      0x1c4
                0x08008e84                        . = ALIGN (0x4)
 *(.rodata)
 .rodata        0x08008e84        0x5 cmake/stm32cubemx/CMakeFiles/RTOS2.dir/__/__/Middlewares/Third_Party/FreeRTOS/Source/tasks.c.obj
 *fill*         0x08008e89        0x3 
 .rodata        0x08008e8c        0xd cmake/stm32cubemx/CMakeFiles/RTOS2.dir/__/__/Middlewares/Third_Party/FreeRTOS/Source/timers.c.obj
 *fill*         0x08008e99        0x3 
 .rodata        0x08008e9c        0xc CMakeFiles/rtosalarm.dir/Core/Src/app_freertos.c.obj
 .rodata        0x08008ea8        0xc CMakeFiles/rtosalarm.dir/Core/Src/app.c.obj
 .rodata        0x08008eb4       0x1d CMakeFiles/rtosalarm.dir/Core/Src/clock.c.obj
 *fill*         0x08008ed1        0x3 
 .rodata        0x08008ed4       0x29 CMakeFiles/rtosalarm.dir/Core/Src/lcd_st7066u.c.obj
 *(.rodata*)
 *fill*         0x08008efd        0x3 
 .rodata.AHBPrescTable
                0x08008f00       0x10 cmake/stm32cubemx/CMakeFiles/STM32_Drivers.dir/__/__/Core/Src/system_stm32u0xx.c.obj
                0x08008f00                AHBPrescTable
 .rodata.APBPrescTable
                0x08008f10        0x8 cmake/stm32cubemx/CMakeFiles/STM32_Drivers.dir/__/__/Core/Src/system_stm32u0xx.c.obj
                0x08008f10                APBPrescTable
 .rodata.MSIRangeTable
                0x08008f18       0x30 cmake/stm32cubemx/CMakeFiles/STM32_Drivers.dir/__/__/Core/Src/system_stm32u0xx.c.obj
                0x08008f18                MSIRangeTable
 .rodata.HAL_RCCEx_GetPeriphCLKFreq
                0x08008f48       0x84 cmake/stm32cubemx/CMakeFiles/STM32_Drivers.dir/__/__/Drivers/STM32U0xx_HAL_Driver/Src/stm32u0xx_hal_rcc_ex.c.obj
 .rodata.UARTPrescTable
                0x08008fcc       0x18 cmake/stm32cubemx/CMakeFiles/STM32_Drivers.dir/__/__/Drivers/STM32U0xx_HAL_Driver/Src/stm32u0xx_hal_uart.c.obj
                0x08008fcc                UARTPrescTable
 .rodata.numerator.1
                0x08008fe4        0x8 cmake/stm32cubemx/CMakeFiles/STM32_Drivers.dir/__/__/Drivers/STM32U0xx_HAL_Driver/Src/stm32u0xx_hal_uart_ex.c.obj
 .rodata.denominator.0
                0x08008fec        0x8 cmake/stm32cubemx/CMakeFiles/STM32_Drivers.dir/__/__/Drivers/STM32U0xx_HAL_Driver/Src/stm32u0xx_hal_uart_ex.c.obj
 .rodata.BUTTON_EXTI_LINE.2
                0x08008ff4        0x4 cmake/stm32cubemx/CMakeFiles/STM32_Drivers.dir/__/__/Drivers/BSP/STM32U0xx_Nucleo/stm32u0xx_nucleo.c.obj
 .rodata.uxTopUsedPriority
                0x08008ff8        0x4 cmake/stm32cubemx/CMakeFiles/RTOS2.dir/__/__/Middlewares/Third_Party/FreeRTOS/Source/tasks.c.obj
 .rodata.prvProcessReceivedCommands
                0x08008ffc       0x28 cmake/stm32cubemx/CMakeFiles/RTOS2.dir/__/__/Middlewares/Third_Party/FreeRTOS/Source/timers.c.obj
 .rodata.defaultTask_attributes
                0x08009024       0x24 CMakeFiles/rtosalarm.dir/Core/Src/app_freertos.c.obj
                0x08009024                defaultTask_attributes
                0x08009048                        . = ALIGN (0x4)

.ARM.extab      0x08009048        0x0
                0x08009048                        . = ALIGN (0x4)
 *(.ARM.extab* .gnu.linkonce.armextab.*)
                0x08009048                        . = ALIGN (0x4)

.ARM            0x08009048        0x8
                0x08009048                        . = ALIGN (0x4)
                0x08009048                        __exidx_start = .
 *(.ARM.exidx*)
 .ARM.exidx     0x08009048        0x8 /opt/st/stm32cubeide_2.1.1/plugins/com.st.stm32cube.ide.mcu.externaltools.gnu-tools-for-stm32.14.3.rel1.linux64_1.0.100.202602081740/tools/bin/../lib/gcc/arm-none-eabi/14.3.1/thumb/v6-m/nofp/libgcc.a(_udivmoddi4.o)
                0x08009050                        __exidx_end = .
                0x08009050                        . = ALIGN (0x4)

.preinit_array  0x08009050        0x0
                0x08009050                        . = ALIGN (0x4)
                0x08009050                        PROVIDE (__preinit_array_start = .)
 *(.preinit_array*)
                0x08009050                        PROVIDE (__preinit_array_end = .)
                0x08009050                        . = ALIGN (0x4)

.init_array     0x08009050        0x4
                0x08009050                        . = ALIGN (0x4)
                0x08009050                        PROVIDE (__init_array_start = .)
 *(SORT_BY_NAME(.init_array.*))
 *(.init_array*)
 .init_array    0x08009050        0x4 /opt/st/stm32cubeide_2.1.1/plugins/com.st.stm32cube.ide.mcu.externaltools.gnu-tools-for-stm32.14.3.rel1.linux64_1.0.100.202602081740/tools/bin/../lib/gcc/arm-none-eabi/14.3.1/thumb/v6-m/nofp/crtbegin.o
                0x08009054                        PROVIDE (__init_array_end = .)
                0x08009054                        . = ALIGN (0x4)

.fini_array     0x08009054        0x4
                0x08009054                        . = ALIGN (0x4)
                [!provide]                        PROVIDE (__fini_array_start = .)
 *(SORT_BY_NAME(.fini_array.*))
 *(.fini_array*)
 .fini_array    0x08009054        0x4 /opt/st/stm32cubeide_2.1.1/plugins/com.st.stm32cube.ide.mcu.externaltools.gnu-tools-for-stm32.14.3.rel1.linux64_1.0.100.202602081740/tools/bin/../lib/gcc/arm-none-eabi/14.3.1/thumb/v6-m/nofp/crtbegin.o
                [!provide]                        PROVIDE (__fini_array_end = .)
                0x08009058                        . = ALIGN (0x4)
                0x08009058                        _sidata = LOADADDR (.data)

.rel.dyn        0x08009058        0x0
 .rel.iplt      0x08009058        0x0 /opt/st/stm32cubeide_2.1.1/plugins/com.st.stm32cube.ide.mcu.externaltools.gnu-tools-for-stm32.14.3.rel1.linux64_1.0.100.202602081740/tools/bin/../lib/gcc/arm-none-eabi/14.3.1/thumb/v6-m/nofp/crtbegin.o

.data           0x20000000       0xe8 load address 0x08009058
                0x20000000                        . = ALIGN (0x4)
                0x20000000                        _sdata = .
 *(.data)
 *(.data*)
 .data.SystemCoreClock
                0x20000000        0x4 cmake/stm32cubemx/CMakeFiles/STM32_Drivers.dir/__/__/Core/Src/system_stm32u0xx.c.obj
                0x20000000                SystemCoreClock
 .data.uwTickPrio
                0x20000004        0x4 cmake/stm32cubemx/CMakeFiles/STM32_Drivers.dir/__/__/Drivers/STM32U0xx_HAL_Driver/Src/stm32u0xx_hal.c.obj
                0x20000004                uwTickPrio
 .data.uwTickFreq
                0x20000008        0x1 cmake/stm32cubemx/CMakeFiles/STM32_Drivers.dir/__/__/Drivers/STM32U0xx_HAL_Driver/Src/stm32u0xx_hal.c.obj
                0x20000008                uwTickFreq
 *fill*         0x20000009        0x3 
 .data.LED_PORT
                0x2000000c        0x4 cmake/stm32cubemx/CMakeFiles/STM32_Drivers.dir/__/__/Drivers/BSP/STM32U0xx_Nucleo/stm32u0xx_nucleo.c.obj
 .data.BUTTON_PORT
                0x20000010        0x4 cmake/stm32cubemx/CMakeFiles/STM32_Drivers.dir/__/__/Drivers/BSP/STM32U0xx_Nucleo/stm32u0xx_nucleo.c.obj
 .data.ButtonCallback.1
                0x20000014        0x4 cmake/stm32cubemx/CMakeFiles/STM32_Drivers.dir/__/__/Drivers/BSP/STM32U0xx_Nucleo/stm32u0xx_nucleo.c.obj
 .data.BSP_BUTTON_PRIO.0
                0x20000018        0x4 cmake/stm32cubemx/CMakeFiles/STM32_Drivers.dir/__/__/Drivers/BSP/STM32U0xx_Nucleo/stm32u0xx_nucleo.c.obj
 .data.ulCriticalNesting
                0x2000001c        0x4 cmake/stm32cubemx/CMakeFiles/RTOS2.dir/__/__/Middlewares/Third_Party/FreeRTOS/Source/portable/GCC/ARM_CM0/port.c.obj
 .data.task_list
                0x20000020       0x20 CMakeFiles/rtosalarm.dir/Core/Src/app.c.obj
                0x20000020                task_list
 .data.time_start
                0x20000040       0x14 CMakeFiles/rtosalarm.dir/Core/Src/clock.c.obj
 .data.alarm_time
                0x20000054       0x14 CMakeFiles/rtosalarm.dir/Core/Src/clock.c.obj
 .data.db       0x20000068       0x80 CMakeFiles/rtosalarm.dir/Core/Src/lcd_st7066u.c.obj
                0x20000068                db
 *(.RamFunc)
 *(.RamFunc*)
                0x200000e8                        . = ALIGN (0x4)

.igot.plt       0x200000e8        0x0 load address 0x08009140
 .igot.plt      0x200000e8        0x0 /opt/st/stm32cubeide_2.1.1/plugins/com.st.stm32cube.ide.mcu.externaltools.gnu-tools-for-stm32.14.3.rel1.linux64_1.0.100.202602081740/tools/bin/../lib/gcc/arm-none-eabi/14.3.1/thumb/v6-m/nofp/crtbegin.o

.tdata          0x200000e8        0x0 load address 0x08009140
 *(.tdata .tdata.* .gnu.linkonce.td.*)
                0x200000e8                        . = ALIGN (0x4)
                0x200000e8                        _edata = .
                [!provide]                        PROVIDE (__data_end = .)
                [!provide]                        PROVIDE (__tdata_end = .)
                [!provide]                        PROVIDE (__tdata_start = ADDR (.tdata))
                [!provide]                        PROVIDE (__tdata_size = (__tdata_end - __tdata_start))
                [!provide]                        PROVIDE (__data_start = ADDR (.data))
                [!provide]                        PROVIDE (__data_size = (__data_end - __data_start))
                [!provide]                        PROVIDE (__tdata_source = LOADADDR (.tdata))
                [!provide]                        PROVIDE (__tdata_source_end = (LOADADDR (.tdata) + SIZEOF (.tdata)))
                [!provide]                        PROVIDE (__tdata_source_size = (__tdata_source_end - __tdata_source))
                [!provide]                        PROVIDE (__data_source = LOADADDR (.data))
                [!provide]                        PROVIDE (__data_source_end = __tdata_source_end)
                [!provide]                        PROVIDE (__data_source_size = (__data_source_end - __data_source))

.tbss           0x200000e8        0x0 load address 0x08009140
                0x200000e8                        _sbss = .
                0x200000e8                        __bss_start__ = _sbss
 *(.tbss .tbss.*)
                0x200000e8                        . = ALIGN (0x4)
                [!provide]                        PROVIDE (__tbss_end = .)
                [!provide]                        PROVIDE (__tbss_start = ADDR (.tbss))
                [!provide]                        PROVIDE (__tbss_size = (__tbss_end - __tbss_start))
                [!provide]                        PROVIDE (__tbss_offset = (ADDR (.tbss) - ADDR (.tdata)))
                [!provide]                        PROVIDE (__tls_base = __tdata_start)
                [!provide]                        PROVIDE (__tls_end = __tbss_end)
                [!provide]                        PROVIDE (__tls_size = (__tls_end - __tls_base))
                [!provide]                        PROVIDE (__tls_align = MAX (ALIGNOF (.tdata), ALIGNOF (.tbss)))
                [!provide]                        PROVIDE (__tls_size_align = (((__tls_size + __tls_align) - 0x1) & ~ ((__tls_align - 0x1))))
                [!provide]                        PROVIDE (__arm32_tls_tcb_offset = MAX (0x8, __tls_align))
                [!provide]                        PROVIDE (__arm64_tls_tcb_offset = MAX (0x10, __tls_align))

.bss            0x200000e8     0x2cc8 load address 0x08009140
 *(.bss)
 .bss           0x200000e8       0x1c /opt/st/stm32cubeide_2.1.1/plugins/com.st.stm32cube.ide.mcu.externaltools.gnu-tools-for-stm32.14.3.rel1.linux64_1.0.100.202602081740/tools/bin/../lib/gcc/arm-none-eabi/14.3.1/thumb/v6-m/nofp/crtbegin.o
 *(.bss*)
 .bss.uwTick    0x20000104        0x4 cmake/stm32cubemx/CMakeFiles/STM32_Drivers.dir/__/__/Drivers/STM32U0xx_HAL_Driver/Src/stm32u0xx_hal.c.obj
                0x20000104                uwTick
 .bss.hpb_exti  0x20000108        0xc cmake/stm32cubemx/CMakeFiles/STM32_Drivers.dir/__/__/Drivers/BSP/STM32U0xx_Nucleo/stm32u0xx_nucleo.c.obj
                0x20000108                hpb_exti
 .bss.ucHeap    0x20000114     0x2000 cmake/stm32cubemx/CMakeFiles/RTOS2.dir/__/__/Middlewares/Third_Party/FreeRTOS/Source/portable/MemMang/heap_1.c.obj
 .bss.xNextFreeByte
                0x20002114        0x4 cmake/stm32cubemx/CMakeFiles/RTOS2.dir/__/__/Middlewares/Third_Party/FreeRTOS/Source/portable/MemMang/heap_1.c.obj
 .bss.pucAlignedHeap.0
                0x20002118        0x4 cmake/stm32cubemx/CMakeFiles/RTOS2.dir/__/__/Middlewares/Third_Party/FreeRTOS/Source/portable/MemMang/heap_1.c.obj
 .bss.xQueueRegistry
                0x2000211c       0x40 cmake/stm32cubemx/CMakeFiles/RTOS2.dir/__/__/Middlewares/Third_Party/FreeRTOS/Source/queue.c.obj
                0x2000211c                xQueueRegistry
 .bss.pxCurrentTCB
                0x2000215c        0x4 cmake/stm32cubemx/CMakeFiles/RTOS2.dir/__/__/Middlewares/Third_Party/FreeRTOS/Source/tasks.c.obj
                0x2000215c                pxCurrentTCB
 .bss.pxReadyTasksLists
                0x20002160      0x460 cmake/stm32cubemx/CMakeFiles/RTOS2.dir/__/__/Middlewares/Third_Party/FreeRTOS/Source/tasks.c.obj
 .bss.xDelayedTaskList1
                0x200025c0       0x14 cmake/stm32cubemx/CMakeFiles/RTOS2.dir/__/__/Middlewares/Third_Party/FreeRTOS/Source/tasks.c.obj
 .bss.xDelayedTaskList2
                0x200025d4       0x14 cmake/stm32cubemx/CMakeFiles/RTOS2.dir/__/__/Middlewares/Third_Party/FreeRTOS/Source/tasks.c.obj
 .bss.pxDelayedTaskList
                0x200025e8        0x4 cmake/stm32cubemx/CMakeFiles/RTOS2.dir/__/__/Middlewares/Third_Party/FreeRTOS/Source/tasks.c.obj
 .bss.pxOverflowDelayedTaskList
                0x200025ec        0x4 cmake/stm32cubemx/CMakeFiles/RTOS2.dir/__/__/Middlewares/Third_Party/FreeRTOS/Source/tasks.c.obj
 .bss.xPendingReadyList
                0x200025f0       0x14 cmake/stm32cubemx/CMakeFiles/RTOS2.dir/__/__/Middlewares/Third_Party/FreeRTOS/Source/tasks.c.obj
 .bss.xTasksWaitingTermination
                0x20002604       0x14 cmake/stm32cubemx/CMakeFiles/RTOS2.dir/__/__/Middlewares/Third_Party/FreeRTOS/Source/tasks.c.obj
 .bss.uxDeletedTasksWaitingCleanUp
                0x20002618        0x4 cmake/stm32cubemx/CMakeFiles/RTOS2.dir/__/__/Middlewares/Third_Party/FreeRTOS/Source/tasks.c.obj
 .bss.xSuspendedTaskList
                0x2000261c       0x14 cmake/stm32cubemx/CMakeFiles/RTOS2.dir/__/__/Middlewares/Third_Party/FreeRTOS/Source/tasks.c.obj
 .bss.uxCurrentNumberOfTasks
                0x20002630        0x4 cmake/stm32cubemx/CMakeFiles/RTOS2.dir/__/__/Middlewares/Third_Party/FreeRTOS/Source/tasks.c.obj
 .bss.xTickCount
                0x20002634        0x4 cmake/stm32cubemx/CMakeFiles/RTOS2.dir/__/__/Middlewares/Third_Party/FreeRTOS/Source/tasks.c.obj
 .bss.uxTopReadyPriority
                0x20002638        0x4 cmake/stm32cubemx/CMakeFiles/RTOS2.dir/__/__/Middlewares/Third_Party/FreeRTOS/Source/tasks.c.obj
 .bss.xSchedulerRunning
                0x2000263c        0x4 cmake/stm32cubemx/CMakeFiles/RTOS2.dir/__/__/Middlewares/Third_Party/FreeRTOS/Source/tasks.c.obj
 .bss.xPendedTicks
                0x20002640        0x4 cmake/stm32cubemx/CMakeFiles/RTOS2.dir/__/__/Middlewares/Third_Party/FreeRTOS/Source/tasks.c.obj
 .bss.xYieldPendings
                0x20002644        0x4 cmake/stm32cubemx/CMakeFiles/RTOS2.dir/__/__/Middlewares/Third_Party/FreeRTOS/Source/tasks.c.obj
 .bss.xNumOfOverflows
                0x20002648        0x4 cmake/stm32cubemx/CMakeFiles/RTOS2.dir/__/__/Middlewares/Third_Party/FreeRTOS/Source/tasks.c.obj
 .bss.uxTaskNumber
                0x2000264c        0x4 cmake/stm32cubemx/CMakeFiles/RTOS2.dir/__/__/Middlewares/Third_Party/FreeRTOS/Source/tasks.c.obj
 .bss.xNextTaskUnblockTime
                0x20002650        0x4 cmake/stm32cubemx/CMakeFiles/RTOS2.dir/__/__/Middlewares/Third_Party/FreeRTOS/Source/tasks.c.obj
 .bss.xIdleTaskHandles
                0x20002654        0x4 cmake/stm32cubemx/CMakeFiles/RTOS2.dir/__/__/Middlewares/Third_Party/FreeRTOS/Source/tasks.c.obj
 .bss.uxSchedulerSuspended
                0x20002658        0x4 cmake/stm32cubemx/CMakeFiles/RTOS2.dir/__/__/Middlewares/Third_Party/FreeRTOS/Source/tasks.c.obj
 .bss.xIdleTaskTCB.3
                0x2000265c       0x5c cmake/stm32cubemx/CMakeFiles/RTOS2.dir/__/__/Middlewares/Third_Party/FreeRTOS/Source/tasks.c.obj
 .bss.uxIdleTaskStack.2
                0x200026b8      0x200 cmake/stm32cubemx/CMakeFiles/RTOS2.dir/__/__/Middlewares/Third_Party/FreeRTOS/Source/tasks.c.obj
 .bss.xTimerTaskTCB.1
                0x200028b8       0x5c cmake/stm32cubemx/CMakeFiles/RTOS2.dir/__/__/Middlewares/Third_Party/FreeRTOS/Source/tasks.c.obj
 .bss.uxTimerTaskStack.0
                0x20002914      0x200 cmake/stm32cubemx/CMakeFiles/RTOS2.dir/__/__/Middlewares/Third_Party/FreeRTOS/Source/tasks.c.obj
 .bss.xActiveTimerList1
                0x20002b14       0x14 cmake/stm32cubemx/CMakeFiles/RTOS2.dir/__/__/Middlewares/Third_Party/FreeRTOS/Source/timers.c.obj
 .bss.xActiveTimerList2
                0x20002b28       0x14 cmake/stm32cubemx/CMakeFiles/RTOS2.dir/__/__/Middlewares/Third_Party/FreeRTOS/Source/timers.c.obj
 .bss.pxCurrentTimerList
                0x20002b3c        0x4 cmake/stm32cubemx/CMakeFiles/RTOS2.dir/__/__/Middlewares/Third_Party/FreeRTOS/Source/timers.c.obj
 .bss.pxOverflowTimerList
                0x20002b40        0x4 cmake/stm32cubemx/CMakeFiles/RTOS2.dir/__/__/Middlewares/Third_Party/FreeRTOS/Source/timers.c.obj
 .bss.xTimerQueue
                0x20002b44        0x4 cmake/stm32cubemx/CMakeFiles/RTOS2.dir/__/__/Middlewares/Third_Party/FreeRTOS/Source/timers.c.obj
 .bss.xTimerTaskHandle
                0x20002b48        0x4 cmake/stm32cubemx/CMakeFiles/RTOS2.dir/__/__/Middlewares/Third_Party/FreeRTOS/Source/timers.c.obj
 .bss.xLastTime.2
                0x20002b4c        0x4 cmake/stm32cubemx/CMakeFiles/RTOS2.dir/__/__/Middlewares/Third_Party/FreeRTOS/Source/timers.c.obj
 .bss.ucStaticTimerQueueStorage.1
                0x20002b50       0xa0 cmake/stm32cubemx/CMakeFiles/RTOS2.dir/__/__/Middlewares/Third_Party/FreeRTOS/Source/timers.c.obj
 .bss.xStaticTimerQueue.0
                0x20002bf0       0x50 cmake/stm32cubemx/CMakeFiles/RTOS2.dir/__/__/Middlewares/Third_Party/FreeRTOS/Source/timers.c.obj
 .bss.KernelState
                0x20002c40        0x4 cmake/stm32cubemx/CMakeFiles/RTOS2.dir/__/__/Middlewares/Third_Party/FreeRTOS/Source/CMSIS_RTOS_V2/cmsis_os2.c.obj
 .bss.BspButtonState
                0x20002c44        0x4 CMakeFiles/rtosalarm.dir/Core/Src/main.c.obj
                0x20002c44                BspButtonState
 .bss.hrtc      0x20002c48       0x30 CMakeFiles/rtosalarm.dir/Core/Src/main.c.obj
                0x20002c48                hrtc
 .bss.huart2    0x20002c78       0x94 CMakeFiles/rtosalarm.dir/Core/Src/main.c.obj
                0x20002c78                huart2
 .bss.defaultTaskHandle
                0x20002d0c        0x4 CMakeFiles/rtosalarm.dir/Core/Src/app_freertos.c.obj
                0x20002d0c                defaultTaskHandle
 .bss.htim2     0x20002d10       0x4c CMakeFiles/rtosalarm.dir/Core/Src/stm32u0xx_hal_timebase_tim.c.obj
                0x20002d10                htim2
 .bss.iface     0x20002d5c        0x8 CMakeFiles/rtosalarm.dir/Core/Src/app.c.obj
                0x20002d5c                iface
 .bss.state.0   0x20002d64        0x1 CMakeFiles/rtosalarm.dir/Core/Src/app.c.obj
 *fill*         0x20002d65        0x3 
 .bss.sem       0x20002d68        0x4 CMakeFiles/rtosalarm.dir/Core/Src/clock.c.obj
 .bss.p_rtc     0x20002d6c        0x4 CMakeFiles/rtosalarm.dir/Core/Src/clock.c.obj
 .bss.time      0x20002d70       0x14 CMakeFiles/rtosalarm.dir/Core/Src/clock.c.obj
 .bss.date      0x20002d84        0x4 CMakeFiles/rtosalarm.dir/Core/Src/clock.c.obj
 .bss.alarm_enabled
                0x20002d88        0x4 CMakeFiles/rtosalarm.dir/Core/Src/clock.c.obj
 .bss.hour_tens.4
                0x20002d8c        0x1 CMakeFiles/rtosalarm.dir/Core/Src/clock.c.obj
 .bss.hour_ones.3
                0x20002d8d        0x1 CMakeFiles/rtosalarm.dir/Core/Src/clock.c.obj
 .bss.min_tens.2
                0x20002d8e        0x1 CMakeFiles/rtosalarm.dir/Core/Src/clock.c.obj
 .bss.min_ones.1
                0x20002d8f        0x1 CMakeFiles/rtosalarm.dir/Core/Src/clock.c.obj
 .bss.time_last.0
                0x20002d90       0x14 CMakeFiles/rtosalarm.dir/Core/Src/clock.c.obj
 .bss.q_id      0x20002da4        0x4 CMakeFiles/rtosalarm.dir/Core/Src/log.c.obj
 .bss.p_uart    0x20002da8        0x4 CMakeFiles/rtosalarm.dir/Core/Src/log.c.obj
 .bss.last_press_time.0
                0x20002dac        0x4 CMakeFiles/rtosalarm.dir/Core/Src/user_input.c.obj
 *(COMMON)
                0x20002db0                        . = ALIGN (0x4)
                0x20002db0                        _ebss = .
                0x20002db0                        __bss_end__ = _ebss
                [!provide]                        PROVIDE (__bss_end = .)
                [!provide]                        PROVIDE (__non_tls_bss_start = ADDR (.bss))
                [!provide]                        PROVIDE (__bss_start = __tbss_start)
                [!provide]                        PROVIDE (__bss_size = (__bss_end - __bss_start))

._user_heap_stack
                0x20002db0      0x600 load address 0x08009140
                0x20002db0                        . = ALIGN (0x8)
                [!provide]                        PROVIDE (end = .)
                0x20002db0                        PROVIDE (_end = .)
                0x20002fb0                        . = (. + _Min_Heap_Size)
 *fill*         0x20002db0      0x200 
                0x200033b0                        . = (. + _Min_Stack_Size)
 *fill*         0x20002fb0      0x400 
                0x200033b0                        . = ALIGN (0x8)

/DISCARD/
 libc.a:*(*)
 libm.a:*(*)
 libgcc.a:*(*)

.ARM.attributes
                0x00000000       0x28
 *(.ARM.attributes)
 .ARM.attributes
                0x00000000       0x1e /opt/st/stm32cubeide_2.1.1/plugins/com.st.stm32cube.ide.mcu.externaltools.gnu-tools-for-stm32.14.3.rel1.linux64_1.0.100.202602081740/tools/bin/../lib/gcc/arm-none-eabi/14.3.1/thumb/v6-m/nofp/crti.o
 .ARM.attributes
                0x0000001e       0x2c /opt/st/stm32cubeide_2.1.1/plugins/com.st.stm32cube.ide.mcu.externaltools.gnu-tools-for-stm32.14.3.rel1.linux64_1.0.100.202602081740/tools/bin/../lib/gcc/arm-none-eabi/14.3.1/thumb/v6-m/nofp/crtbegin.o
 .ARM.attributes
                0x0000004a       0x2c cmake/stm32cubemx/CMakeFiles/STM32_Drivers.dir/__/__/Core/Src/system_stm32u0xx.c.obj
 .ARM.attributes
                0x00000076       0x2c cmake/stm32cubemx/CMakeFiles/STM32_Drivers.dir/__/__/Drivers/STM32U0xx_HAL_Driver/Src/stm32u0xx_hal_tim.c.obj
 .ARM.attributes
                0x000000a2       0x2c cmake/stm32cubemx/CMakeFiles/STM32_Drivers.dir/__/__/Drivers/STM32U0xx_HAL_Driver/Src/stm32u0xx_hal_tim_ex.c.obj
 .ARM.attributes
                0x000000ce       0x2c cmake/stm32cubemx/CMakeFiles/STM32_Drivers.dir/__/__/Drivers/STM32U0xx_HAL_Driver/Src/stm32u0xx_hal_cortex.c.obj
 .ARM.attributes
                0x000000fa       0x2c cmake/stm32cubemx/CMakeFiles/STM32_Drivers.dir/__/__/Drivers/STM32U0xx_HAL_Driver/Src/stm32u0xx_hal_rcc.c.obj
 .ARM.attributes
                0x00000126       0x2c cmake/stm32cubemx/CMakeFiles/STM32_Drivers.dir/__/__/Drivers/STM32U0xx_HAL_Driver/Src/stm32u0xx_hal_rcc_ex.c.obj
 .ARM.attributes
                0x00000152       0x2c cmake/stm32cubemx/CMakeFiles/STM32_Drivers.dir/__/__/Drivers/STM32U0xx_HAL_Driver/Src/stm32u0xx_hal_gpio.c.obj
 .ARM.attributes
                0x0000017e       0x2c cmake/stm32cubemx/CMakeFiles/STM32_Drivers.dir/__/__/Drivers/STM32U0xx_HAL_Driver/Src/stm32u0xx_hal_pwr_ex.c.obj
 .ARM.attributes
                0x000001aa       0x2c cmake/stm32cubemx/CMakeFiles/STM32_Drivers.dir/__/__/Drivers/STM32U0xx_HAL_Driver/Src/stm32u0xx_hal.c.obj
 .ARM.attributes
                0x000001d6       0x2c cmake/stm32cubemx/CMakeFiles/STM32_Drivers.dir/__/__/Drivers/STM32U0xx_HAL_Driver/Src/stm32u0xx_hal_exti.c.obj
 .ARM.attributes
                0x00000202       0x2c cmake/stm32cubemx/CMakeFiles/STM32_Drivers.dir/__/__/Drivers/STM32U0xx_HAL_Driver/Src/stm32u0xx_hal_rtc.c.obj
 .ARM.attributes
                0x0000022e       0x2c cmake/stm32cubemx/CMakeFiles/STM32_Drivers.dir/__/__/Drivers/STM32U0xx_HAL_Driver/Src/stm32u0xx_hal_uart.c.obj
 .ARM.attributes
                0x0000025a       0x2c cmake/stm32cubemx/CMakeFiles/STM32_Drivers.dir/__/__/Drivers/STM32U0xx_HAL_Driver/Src/stm32u0xx_hal_uart_ex.c.obj
 .ARM.attributes
                0x00000286       0x2c cmake/stm32cubemx/CMakeFiles/STM32_Drivers.dir/__/__/Drivers/BSP/STM32U0xx_Nucleo/stm32u0xx_nucleo.c.obj
 .ARM.attributes
                0x000002b2       0x2c cmake/stm32cubemx/CMakeFiles/RTOS2.dir/__/__/Middlewares/Third_Party/FreeRTOS/Source/portable/MemMang/heap_1.c.obj
 .ARM.attributes
                0x000002de       0x2c cmake/stm32cubemx/CMakeFiles/RTOS2.dir/__/__/Middlewares/Third_Party/FreeRTOS/Source/list.c.obj
 .ARM.attributes
                0x0000030a       0x2c cmake/stm32cubemx/CMakeFiles/RTOS2.dir/__/__/Middlewares/Third_Party/FreeRTOS/Source/queue.c.obj
 .ARM.attributes
                0x00000336       0x2c cmake/stm32cubemx/CMakeFiles/RTOS2.dir/__/__/Middlewares/Third_Party/FreeRTOS/Source/tasks.c.obj
 .ARM.attributes
                0x00000362       0x2c cmake/stm32cubemx/CMakeFiles/RTOS2.dir/__/__/Middlewares/Third_Party/FreeRTOS/Source/timers.c.obj
 .ARM.attributes
                0x0000038e       0x2c cmake/stm32cubemx/CMakeFiles/RTOS2.dir/__/__/Middlewares/Third_Party/FreeRTOS/Source/CMSIS_RTOS_V2/cmsis_os2.c.obj
 .ARM.attributes
                0x000003ba       0x2c cmake/stm32cubemx/CMakeFiles/RTOS2.dir/__/__/Middlewares/Third_Party/FreeRTOS/Source/portable/GCC/ARM_CM0/port.c.obj
 .ARM.attributes
                0x000003e6       0x2c cmake/stm32cubemx/CMakeFiles/RTOS2.dir/__/__/Middlewares/Third_Party/FreeRTOS/Source/portable/GCC/ARM_CM0/portasm.c.obj
 .ARM.attributes
                0x00000412       0x2c CMakeFiles/rtosalarm.dir/Core/Src/main.c.obj
 .ARM.attributes
                0x0000043e       0x2c CMakeFiles/rtosalarm.dir/Core/Src/app_freertos.c.obj
 .ARM.attributes
                0x0000046a       0x2c CMakeFiles/rtosalarm.dir/Core/Src/stm32u0xx_it.c.obj
 .ARM.attributes
                0x00000496       0x2c CMakeFiles/rtosalarm.dir/Core/Src/stm32u0xx_hal_msp.c.obj
 .ARM.attributes
                0x000004c2       0x2c CMakeFiles/rtosalarm.dir/Core/Src/stm32u0xx_hal_timebase_tim.c.obj
 .ARM.attributes
                0x000004ee       0x22 CMakeFiles/rtosalarm.dir/startup_stm32u083xx.s.obj
 .ARM.attributes
                0x00000510       0x2c CMakeFiles/rtosalarm.dir/Core/Src/app.c.obj
 .ARM.attributes
                0x0000053c       0x2c CMakeFiles/rtosalarm.dir/Core/Src/clock.c.obj
 .ARM.attributes
                0x00000568       0x2c CMakeFiles/rtosalarm.dir/Core/Src/log.c.obj
 .ARM.attributes
                0x00000594       0x2c CMakeFiles/rtosalarm.dir/Core/Src/user_input.c.obj
 .ARM.attributes
                0x000005c0       0x2c CMakeFiles/rtosalarm.dir/Core/Src/lcd_st7066u.c.obj
 .ARM.attributes
                0x000005ec       0x1e /opt/st/stm32cubeide_2.1.1/plugins/com.st.stm32cube.ide.mcu.externaltools.gnu-tools-for-stm32.14.3.rel1.linux64_1.0.100.202602081740/tools/bin/../lib/gcc/arm-none-eabi/14.3.1/thumb/v6-m/nofp/libgcc.a(_udivsi3.o)
 .ARM.attributes
                0x0000060a       0x1e /opt/st/stm32cubeide_2.1.1/plugins/com.st.stm32cube.ide.mcu.externaltools.gnu-tools-for-stm32.14.3.rel1.linux64_1.0.100.202602081740/tools/bin/../lib/gcc/arm-none-eabi/14.3.1/thumb/v6-m/nofp/libgcc.a(_divsi3.o)
 .ARM.attributes
                0x00000628       0x1e /opt/st/stm32cubeide_2.1.1/plugins/com.st.stm32cube.ide.mcu.externaltools.gnu-tools-for-stm32.14.3.rel1.linux64_1.0.100.202602081740/tools/bin/../lib/gcc/arm-none-eabi/14.3.1/thumb/v6-m/nofp/libgcc.a(_dvmd_tls.o)
 .ARM.attributes
                0x00000646       0x1e /opt/st/stm32cubeide_2.1.1/plugins/com.st.stm32cube.ide.mcu.externaltools.gnu-tools-for-stm32.14.3.rel1.linux64_1.0.100.202602081740/tools/bin/../lib/gcc/arm-none-eabi/14.3.1/thumb/v6-m/nofp/libgcc.a(_aeabi_uldivmod.o)
 .ARM.attributes
                0x00000664       0x2c /opt/st/stm32cubeide_2.1.1/plugins/com.st.stm32cube.ide.mcu.externaltools.gnu-tools-for-stm32.14.3.rel1.linux64_1.0.100.202602081740/tools/bin/../lib/gcc/arm-none-eabi/14.3.1/thumb/v6-m/nofp/libgcc.a(_udivmoddi4.o)
 .ARM.attributes
                0x00000690       0x1e /opt/st/stm32cubeide_2.1.1/plugins/com.st.stm32cube.ide.mcu.externaltools.gnu-tools-for-stm32.14.3.rel1.linux64_1.0.100.202602081740/tools/bin/../lib/gcc/arm-none-eabi/14.3.1/thumb/v6-m/nofp/libgcc.a(_clzdi2.o)
 .ARM.attributes
                0x000006ae       0x1e /opt/st/stm32cubeide_2.1.1/plugins/com.st.stm32cube.ide.mcu.externaltools.gnu-tools-for-stm32.14.3.rel1.linux64_1.0.100.202602081740/tools/bin/../lib/gcc/arm-none-eabi/14.3.1/thumb/v6-m/nofp/libgcc.a(_clzsi2.o)
 .ARM.attributes
                0x000006cc       0x2c /opt/st/stm32cubeide_2.1.1/plugins/com.st.stm32cube.ide.mcu.externaltools.gnu-tools-for-stm32.14.3.rel1.linux64_1.0.100.202602081740/tools/bin/../lib/gcc/arm-none-eabi/14.3.1/../../../../arm-none-eabi/lib/thumb/v6-m/nofp/libg_nano.a(libc_a-memset.o)
 .ARM.attributes
                0x000006f8       0x2c /opt/st/stm32cubeide_2.1.1/plugins/com.st.stm32cube.ide.mcu.externaltools.gnu-tools-for-stm32.14.3.rel1.linux64_1.0.100.202602081740/tools/bin/../lib/gcc/arm-none-eabi/14.3.1/../../../../arm-none-eabi/lib/thumb/v6-m/nofp/libg_nano.a(libc_a-init.o)
 .ARM.attributes
                0x00000724       0x2c /opt/st/stm32cubeide_2.1.1/plugins/com.st.stm32cube.ide.mcu.externaltools.gnu-tools-for-stm32.14.3.rel1.linux64_1.0.100.202602081740/tools/bin/../lib/gcc/arm-none-eabi/14.3.1/../../../../arm-none-eabi/lib/thumb/v6-m/nofp/libg_nano.a(libc_a-memcpy-stub.o)
 .ARM.attributes
                0x00000750       0x1c /opt/st/stm32cubeide_2.1.1/plugins/com.st.stm32cube.ide.mcu.externaltools.gnu-tools-for-stm32.14.3.rel1.linux64_1.0.100.202602081740/tools/bin/../lib/gcc/arm-none-eabi/14.3.1/../../../../arm-none-eabi/lib/thumb/v6-m/nofp/libg_nano.a(libc_a-strlen.o)
 .ARM.attributes
                0x0000076c       0x1e /opt/st/stm32cubeide_2.1.1/plugins/com.st.stm32cube.ide.mcu.externaltools.gnu-tools-for-stm32.14.3.rel1.linux64_1.0.100.202602081740/tools/bin/../lib/gcc/arm-none-eabi/14.3.1/thumb/v6-m/nofp/crtn.o
OUTPUT(rtosalarm.elf elf32-littlearm)
LOAD linker stubs

.debug_info     0x00000000    0x1f6a5
 .debug_info    0x00000000      0x67a cmake/stm32cubemx/CMakeFiles/STM32_Drivers.dir/__/__/Core/Src/system_stm32u0xx.c.obj
 .debug_info    0x0000067a     0x2c12 cmake/stm32cubemx/CMakeFiles/STM32_Drivers.dir/__/__/Drivers/STM32U0xx_HAL_Driver/Src/stm32u0xx_hal_tim.c.obj
 .debug_info    0x0000328c     0x1923 cmake/stm32cubemx/CMakeFiles/STM32_Drivers.dir/__/__/Drivers/STM32U0xx_HAL_Driver/Src/stm32u0xx_hal_tim_ex.c.obj
 .debug_info    0x00004baf      0x8ef cmake/stm32cubemx/CMakeFiles/STM32_Drivers.dir/__/__/Drivers/STM32U0xx_HAL_Driver/Src/stm32u0xx_hal_cortex.c.obj
 .debug_info    0x0000549e      0xc37 cmake/stm32cubemx/CMakeFiles/STM32_Drivers.dir/__/__/Drivers/STM32U0xx_HAL_Driver/Src/stm32u0xx_hal_rcc.c.obj
 .debug_info    0x000060d5      0xe98 cmake/stm32cubemx/CMakeFiles/STM32_Drivers.dir/__/__/Drivers/STM32U0xx_HAL_Driver/Src/stm32u0xx_hal_rcc_ex.c.obj
 .debug_info    0x00006f6d      0x590 cmake/stm32cubemx/CMakeFiles/STM32_Drivers.dir/__/__/Drivers/STM32U0xx_HAL_Driver/Src/stm32u0xx_hal_gpio.c.obj
 .debug_info    0x000074fd      0x855 cmake/stm32cubemx/CMakeFiles/STM32_Drivers.dir/__/__/Drivers/STM32U0xx_HAL_Driver/Src/stm32u0xx_hal_pwr_ex.c.obj
 .debug_info    0x00007d52      0xab3 cmake/stm32cubemx/CMakeFiles/STM32_Drivers.dir/__/__/Drivers/STM32U0xx_HAL_Driver/Src/stm32u0xx_hal.c.obj
 .debug_info    0x00008805      0x65e cmake/stm32cubemx/CMakeFiles/STM32_Drivers.dir/__/__/Drivers/STM32U0xx_HAL_Driver/Src/stm32u0xx_hal_exti.c.obj
 .debug_info    0x00008e63      0xca3 cmake/stm32cubemx/CMakeFiles/STM32_Drivers.dir/__/__/Drivers/STM32U0xx_HAL_Driver/Src/stm32u0xx_hal_rtc.c.obj
 .debug_info    0x00009b06     0x4737 cmake/stm32cubemx/CMakeFiles/STM32_Drivers.dir/__/__/Drivers/STM32U0xx_HAL_Driver/Src/stm32u0xx_hal_uart.c.obj
 .debug_info    0x0000e23d      0xfec cmake/stm32cubemx/CMakeFiles/STM32_Drivers.dir/__/__/Drivers/STM32U0xx_HAL_Driver/Src/stm32u0xx_hal_uart_ex.c.obj
 .debug_info    0x0000f229      0xb57 cmake/stm32cubemx/CMakeFiles/STM32_Drivers.dir/__/__/Drivers/BSP/STM32U0xx_Nucleo/stm32u0xx_nucleo.c.obj
 .debug_info    0x0000fd80      0x1d0 cmake/stm32cubemx/CMakeFiles/RTOS2.dir/__/__/Middlewares/Third_Party/FreeRTOS/Source/portable/MemMang/heap_1.c.obj
 .debug_info    0x0000ff50      0x2aa cmake/stm32cubemx/CMakeFiles/RTOS2.dir/__/__/Middlewares/Third_Party/FreeRTOS/Source/list.c.obj
 .debug_info    0x000101fa     0x169b cmake/stm32cubemx/CMakeFiles/RTOS2.dir/__/__/Middlewares/Third_Party/FreeRTOS/Source/queue.c.obj
 .debug_info    0x00011895     0x255f cmake/stm32cubemx/CMakeFiles/RTOS2.dir/__/__/Middlewares/Third_Party/FreeRTOS/Source/tasks.c.obj
 .debug_info    0x00013df4     0x13bc cmake/stm32cubemx/CMakeFiles/RTOS2.dir/__/__/Middlewares/Third_Party/FreeRTOS/Source/timers.c.obj
 .debug_info    0x000151b0     0x2e10 cmake/stm32cubemx/CMakeFiles/RTOS2.dir/__/__/Middlewares/Third_Party/FreeRTOS/Source/CMSIS_RTOS_V2/cmsis_os2.c.obj
 .debug_info    0x00017fc0      0x327 cmake/stm32cubemx/CMakeFiles/RTOS2.dir/__/__/Middlewares/Third_Party/FreeRTOS/Source/portable/GCC/ARM_CM0/port.c.obj
 .debug_info    0x000182e7      0x153 cmake/stm32cubemx/CMakeFiles/RTOS2.dir/__/__/Middlewares/Third_Party/FreeRTOS/Source/portable/GCC/ARM_CM0/portasm.c.obj
 .debug_info    0x0001843a     0x1abf CMakeFiles/rtosalarm.dir/Core/Src/main.c.obj