/home/ryanm/github/rtos_alarm_clock/Middlewares/Third_Party/FreeRTOS/Source/portable/MemMang/heap_1.c:79:8:pvPortMalloc	24	static
/home/ryanm/github/rtos_alarm_clock/Middlewares/Third_Party/FreeRTOS/Source/portable/MemMang/heap_1.c:143:6:vPortFree	16	static,ignoring_inline_asm
/home/ryanm/github/rtos_alarm_clock/Middlewares/Third_Party/FreeRTOS/Source/portable/MemMang/heap_1.c:155:6:vPortInitialiseBlocks	8	static
/home/ryanm/github/rtos_alarm_clock/Middlewares/Third_Party/FreeRTOS/Source/portable/MemMang/heap_1.c:162:8:xPortGetFreeHeapSize	8	static
/home/ryanm/github/rtos_alarm_clock/Middlewares/Third_Party/FreeRTOS/Source/portable/MemMang/heap_1.c:174:6:vPortHeapResetState	8	static
